Archive member included to satisfy reference by file (symbol)

C:/Users/marda/Downloads/arm-gnu-toolchain-15.2.rel1-mingw-w64-x86_64-arm-none-eabi/bin/../lib/gcc/arm-none-eabi/15.2.1/../../../../arm-none-eabi/lib/thumb/v7e-m+fp/hard\libc_nano.a(libc_a-assert.o)
                              ./Libs/lz4/Src/lz4.o (__assert_func)
C:/Users/marda/Downloads/arm-gnu-toolchain-15.2.rel1-mingw-w64-x86_64-arm-none-eabi/bin/../lib/gcc/arm-none-eabi/15.2.1/../../../../arm-none-eabi/lib/thumb/v7e-m+fp/hard\libc_nano.a(libc_a-calloc.o)
                              ./Libs/lz4/Src/lz4.o (calloc)
C:/Users/marda/Downloads/arm-gnu-toolchain-15.2.rel1-mingw-w64-x86_64-arm-none-eabi/bin/../lib/gcc/arm-none-eabi/15.2.1/../../../../arm-none-eabi/lib/thumb/v7e-m+fp/hard\libc_nano.a(libc_a-callocr.o)
                              C:/Users/marda/Downloads/arm-gnu-toolchain-15.2.rel1-mingw-w64-x86_64-arm-none-eabi/bin/../lib/gcc/arm-none-eabi/15.2.1/../../../../arm-none-eabi/lib/thumb/v7e-m+fp/hard\libc_nano.a(libc_a-calloc.o) (_calloc_r)
C:/Users/marda/Downloads/arm-gnu-toolchain-15.2.rel1-mingw-w64-x86_64-arm-none-eabi/bin/../lib/gcc/arm-none-eabi/15.2.1/../../../../arm-none-eabi/lib/thumb/v7e-m+fp/hard\libc_nano.a(libc_a-exit.o)
                              C:/Users/marda/Downloads/arm-gnu-toolchain-15.2.rel1-mingw-w64-x86_64-arm-none-eabi/bin/../lib/gcc/arm-none-eabi/15.2.1/../../../../arm-none-eabi/lib/thumb/v7e-m+fp/hard/crt0.o (exit)
C:/Users/marda/Downloads/arm-gnu-toolchain-15.2.rel1-mingw-w64-x86_64-arm-none-eabi/bin/../lib/gcc/arm-none-eabi/15.2.1/../../../../arm-none-eabi/lib/thumb/v7e-m+fp/hard\libc_nano.a(libc_a-malloc.o)
                              ./Libs/lz4/Src/lz4.o (malloc)
C:/Users/marda/Downloads/arm-gnu-toolchain-15.2.rel1-mingw-w64-x86_64-arm-none-eabi/bin/../lib/gcc/arm-none-eabi/15.2.1/../../../../arm-none-eabi/lib/thumb/v7e-m+fp/hard\libc_nano.a(libc_a-mallocr.o)
                              C:/Users/marda/Downloads/arm-gnu-toolchain-15.2.rel1-mingw-w64-x86_64-arm-none-eabi/bin/../lib/gcc/arm-none-eabi/15.2.1/../../../../arm-none-eabi/lib/thumb/v7e-m+fp/hard\libc_nano.a(libc_a-callocr.o) (_malloc_r)
C:/Users/marda/Downloads/arm-gnu-toolchain-15.2.rel1-mingw-w64-x86_64-arm-none-eabi/bin/../lib/gcc/arm-none-eabi/15.2.1/../../../../arm-none-eabi/lib/thumb/v7e-m+fp/hard\libc_nano.a(libc_a-mlock.o)
                              C:/Users/marda/Downloads/arm-gnu-toolchain-15.2.rel1-mingw-w64-x86_64-arm-none-eabi/bin/../lib/gcc/arm-none-eabi/15.2.1/../../../../arm-none-eabi/lib/thumb/v7e-m+fp/hard\libc_nano.a(libc_a-mallocr.o) (__malloc_lock)
C:/Users/marda/Downloads/arm-gnu-toolchain-15.2.rel1-mingw-w64-x86_64-arm-none-eabi/bin/../lib/gcc/arm-none-eabi/15.2.1/../../../../arm-none-eabi/lib/thumb/v7e-m+fp/hard\libc_nano.a(libc_a-findfp.o)
                              C:/Users/marda/Downloads/arm-gnu-toolchain-15.2.rel1-mingw-w64-x86_64-arm-none-eabi/bin/../lib/gcc/arm-none-eabi/15.2.1/../../../../arm-none-eabi/lib/thumb/v7e-m+fp/hard\libc_nano.a(libc_a-exit.o) (__stdio_exit_handler)
C:/Users/marda/Downloads/arm-gnu-toolchain-15.2.rel1-mingw-w64-x86_64-arm-none-eabi/bin/../lib/gcc/arm-none-eabi/15.2.1/../../../../arm-none-eabi/lib/thumb/v7e-m+fp/hard\libc_nano.a(libc_a-fprintf.o)
                              C:/Users/marda/Downloads/arm-gnu-toolchain-15.2.rel1-mingw-w64-x86_64-arm-none-eabi/bin/../lib/gcc/arm-none-eabi/15.2.1/../../../../arm-none-eabi/lib/thumb/v7e-m+fp/hard\libc_nano.a(libc_a-assert.o) (fiprintf)
C:/Users/marda/Downloads/arm-gnu-toolchain-15.2.rel1-mingw-w64-x86_64-arm-none-eabi/bin/../lib/gcc/arm-none-eabi/15.2.1/../../../../arm-none-eabi/lib/thumb/v7e-m+fp/hard\libc_nano.a(libc_a-fwalk.o)
                              C:/Users/marda/Downloads/arm-gnu-toolchain-15.2.rel1-mingw-w64-x86_64-arm-none-eabi/bin/../lib/gcc/arm-none-eabi/15.2.1/../../../../arm-none-eabi/lib/thumb/v7e-m+fp/hard\libc_nano.a(libc_a-findfp.o) (_fwalk_sglue)
C:/Users/marda/Downloads/arm-gnu-toolchain-15.2.rel1-mingw-w64-x86_64-arm-none-eabi/bin/../lib/gcc/arm-none-eabi/15.2.1/../../../../arm-none-eabi/lib/thumb/v7e-m+fp/hard\libc_nano.a(libc_a-stdio.o)
                              C:/Users/marda/Downloads/arm-gnu-toolchain-15.2.rel1-mingw-w64-x86_64-arm-none-eabi/bin/../lib/gcc/arm-none-eabi/15.2.1/../../../../arm-none-eabi/lib/thumb/v7e-m+fp/hard\libc_nano.a(libc_a-findfp.o) (__sread)
C:/Users/marda/Downloads/arm-gnu-toolchain-15.2.rel1-mingw-w64-x86_64-arm-none-eabi/bin/../lib/gcc/arm-none-eabi/15.2.1/../../../../arm-none-eabi/lib/thumb/v7e-m+fp/hard\libc_nano.a(libc_a-memmove.o)
                              ./Libs/lz4/Src/lz4.o (memmove)
C:/Users/marda/Downloads/arm-gnu-toolchain-15.2.rel1-mingw-w64-x86_64-arm-none-eabi/bin/../lib/gcc/arm-none-eabi/15.2.1/../../../../arm-none-eabi/lib/thumb/v7e-m+fp/hard\libc_nano.a(libc_a-memset.o)
[...]
Memory Configuration

Name             Origin             Length             Attributes
RAM              0x20000000         0x00050000         xrw
FLASH            0x08000000         0x0001e000         xr
*default*        0x00000000         0xffffffff

Linker script and memory map

LOAD C:/Users/marda/Downloads/arm-gnu-toolchain-15.2.rel1-mingw-w64-x86_64-arm-none-eabi/bin/../lib/gcc/arm-none-eabi/15.2.1/thumb/v7e-m+fp/hard/crti.o
LOAD C:/Users/marda/Downloads/arm-gnu-toolchain-15.2.rel1-mingw-w64-x86_64-arm-none-eabi/bin/../lib/gcc/arm-none-eabi/15.2.1/thumb/v7e-m+fp/hard/crtbegin.o
LOAD C:/Users/marda/Downloads/arm-gnu-toolchain-15.2.rel1-mingw-w64-x86_64-arm-none-eabi/bin/../lib/gcc/arm-none-eabi/15.2.1/../../../../arm-none-eabi/lib/thumb/v7e-m+fp/hard/crt0.o
LOAD ./Core/Src/BL_Functions.o
LOAD ./Core/Src/BL_Update_Part.o
LOAD ./Core/Src/deneme.o
LOAD ./Core/Src/jump_to_app.o
LOAD ./Core/Src/keys.o
LOAD ./Core/Src/main.o
LOAD ./Core/Src/stm32f7xx_hal_msp.o
LOAD ./Core/Src/stm32f7xx_it.o
LOAD ./Core/Src/syscalls.o
LOAD ./Core/Src/sysmem.o
LOAD ./Core/Src/system_stm32f7xx.o
LOAD ./Core/Src/tiny_printf.o
LOAD ./Core/Startup/startup_stm32f746nghx.o
LOAD ./Drivers/STM32F7xx_HAL_Driver/Src/stm32f7xx_hal.o
LOAD ./Drivers/STM32F7xx_HAL_Driver/Src/stm32f7xx_hal_cortex.o
LOAD ./Drivers/STM32F7xx_HAL_Driver/Src/stm32f7xx_hal_dma.o
LOAD ./Drivers/STM32F7xx_HAL_Driver/Src/stm32f7xx_hal_dma_ex.o
LOAD ./Drivers/STM32F7xx_HAL_Driver/Src/stm32f7xx_hal_exti.o
LOAD ./Drivers/STM32F7xx_HAL_Driver/Src/stm32f7xx_hal_flash.o
LOAD ./Drivers/STM32F7xx_HAL_Driver/Src/stm32f7xx_hal_flash_ex.o
LOAD ./Drivers/STM32F7xx_HAL_Driver/Src/stm32f7xx_hal_gpio.o
LOAD ./Drivers/STM32F7xx_HAL_Driver/Src/stm32f7xx_hal_i2c.o
LOAD ./Drivers/STM32F7xx_HAL_Driver/Src/stm32f7xx_hal_i2c_ex.o
LOAD ./Drivers/STM32F7xx_HAL_Driver/Src/stm32f7xx_hal_pwr.o
LOAD ./Drivers/STM32F7xx_HAL_Driver/Src/stm32f7xx_hal_pwr_ex.o
LOAD ./Drivers/STM32F7xx_HAL_Driver/Src/stm32f7xx_hal_rcc.o
LOAD ./Drivers/STM32F7xx_HAL_Driver/Src/stm32f7xx_hal_rcc_ex.o
LOAD ./Drivers/STM32F7xx_HAL_Driver/Src/stm32f7xx_hal_rtc.o
LOAD ./Drivers/STM32F7xx_HAL_Driver/Src/stm32f7xx_hal_rtc_ex.o
LOAD ./Drivers/STM32F7xx_HAL_Driver/Src/stm32f7xx_hal_uart.o
LOAD ./Drivers/STM32F7xx_HAL_Driver/Src/stm32f7xx_hal_uart_ex.o
LOAD ./Libs/lz4/Src/lz4.o
LOAD ./Libs/tinycrypt/Src/aes_decrypt.o
LOAD ./Libs/tinycrypt/Src/aes_encrypt.o
LOAD ./Libs/tinycrypt/Src/cbc_mode.o
LOAD ./Libs/tinycrypt/Src/ecc.o
LOAD ./Libs/tinycrypt/Src/ecc_dsa.o
LOAD ./Libs/tinycrypt/Src/ecc_platform_specific.o
LOAD ./Libs/tinycrypt/Src/sha256.o
LOAD ./Libs/tinycrypt/Src/utils.o
START GROUP
LOAD C:/Users/marda/Downloads/arm-gnu-toolchain-15.2.rel1-mingw-w64-x86_64-arm-none-eabi/bin/../lib/gcc/arm-none-eabi/15.2.1/../../../../arm-none-eabi/lib/thumb/v7e-m+fp/hard\libc_nano.a
LOAD C:/Users/marda/Downloads/arm-gnu-toolchain-15.2.rel1-mingw-w64-x86_64-arm-none-eabi/bin/../lib/gcc/arm-none-eabi/15.2.1/../../../../arm-none-eabi/lib/thumb/v7e-m+fp/hard\libm.a
END GROUP
START GROUP
LOAD C:/Users/marda/Downloads/arm-gnu-toolchain-15.2.rel1-mingw-w64-x86_64-arm-none-eabi/bin/../lib/gcc/arm-none-eabi/15.2.1/thumb/v7e-m+fp/hard\libgcc.a
LOAD C:/Users/marda/Downloads/arm-gnu-toolchain-15.2.rel1-mingw-w64-x86_64-arm-none-eabi/bin/../lib/gcc/arm-none-eabi/15.2.1/../../../../arm-none-eabi/lib/thumb/v7e-m+fp/hard\libc_nano.a
END GROUP
START GROUP
LOAD C:/Users/marda/Downloads/arm-gnu-toolchain-15.2.rel1-mingw-w64-x86_64-arm-none-eabi/bin/../lib/gcc/arm-none-eabi/15.2.1/thumb/v7e-m+fp/hard\libgcc.a
LOAD C:/Users/marda/Downloads/arm-gnu-toolchain-15.2.rel1-mingw-w64-x86_64-arm-none-eabi/bin/../lib/gcc/arm-none-eabi/15.2.1/../../../../arm-none-eabi/lib/thumb/v7e-m+fp/hard\libc_nano.a
LOAD C:/Users/marda/Downloads/arm-gnu-toolchain-15.2.rel1-mingw-w64-x86_64-arm-none-eabi/bin/../lib/gcc/arm-none-eabi/15.2.1/../../../../arm-none-eabi/lib/thumb/v7e-m+fp/hard\libnosys.a
END GROUP
START GROUP
LOAD C:/Users/marda/Downloads/arm-gnu-toolchain-15.2.rel1-mingw-w64-x86_64-arm-none-eabi/bin/../lib/gcc/arm-none-eabi/15.2.1/thumb/v7e-m+fp/hard\libgcc.a
LOAD C:/Users/marda/Downloads/arm-gnu-toolchain-15.2.rel1-mingw-w64-x86_64-arm-none-eabi/bin/../lib/gcc/arm-none-eabi/15.2.1/../../../../arm-none-eabi/lib/thumb/v7e-m+fp/hard\libc_nano.a
LOAD C:/Users/marda/Downloads/arm-gnu-toolchain-15.2.rel1-mingw-w64-x86_64-arm-none-eabi/bin/../lib/gcc/arm-none-eabi/15.2.1/../../../../arm-none-eabi/lib/thumb/v7e-m+fp/hard\libnosys.a
END GROUP
LOAD C:/Users/marda/Downloads/arm-gnu-toolchain-15.2.rel1-mingw-w64-x86_64-arm-none-eabi/bin/../lib/gcc/arm-none-eabi/15.2.1/thumb/v7e-m+fp/hard/crtend.o
LOAD C:/Users/marda/Downloads/arm-gnu-toolchain-15.2.rel1-mingw-w64-x86_64-arm-none-eabi/bin/../lib/gcc/arm-none-eabi/15.2.1/thumb/v7e-m+fp/hard/crtn.o
                0x20050000                        _estack = (ORIGIN (RAM) + LENGTH (RAM))
                0x00000200                        _Min_Heap_Size = 0x200
                0x00000400                        _Min_Stack_Size = 0x400

.isr_vector     0x08000000      0x1c8
                0x08000000                        . = ALIGN (0x4)
 *(.isr_vector)
 .isr_vector    0x08000000      0x1c8 ./Core/Startup/startup_stm32f746nghx.o
                0x08000000                g_pfnVectors
                0x080001c8                        . = ALIGN (0x4)

.shared_api_section
                0x08017000       0x14
                0x08017000                        . = ALIGN (0x4)
 *(.shared_api_section)
 .shared_api_section
                0x08017000       0x14 ./Core/Src/main.o
                0x08017000                API_Table
                0x08017014                        . = ALIGN (0x4)

.text           0x08017020     0x4f78
                0x08017020                        . = ALIGN (0x4)
 *(.text)
 .text          0x08017020       0xa0 C:/Users/marda/Downloads/arm-gnu-toolchain-15.2.rel1-mingw-w64-x86_64-arm-none-eabi/bin/../lib/gcc/arm-none-eabi/15.2.1/../../../../arm-none-eabi/lib/thumb/v7e-m+fp/hard\libc_nano.a(libc_a-memchr.o)
                0x08017020                memchr
 .text          0x080170c0       0x30 C:/Users/marda/Downloads/arm-gnu-toolchain-15.2.rel1-mingw-w64-x86_64-arm-none-eabi/bin/../lib/gcc/arm-none-eabi/15.2.1/thumb/v7e-m+fp/hard\libgcc.a(_aeabi_uldivmod.o)
                0x080170c0                __aeabi_uldivmod
 .text          0x080170f0        0x4 C:/Users/marda/Downloads/arm-gnu-toolchain-15.2.rel1-mingw-w64-x86_64-arm-none-eabi/bin/../lib/gcc/arm-none-eabi/15.2.1/thumb/v7e-m+fp/hard\libgcc.a(_dvmd_tls.o)
                0x080170f0                __aeabi_idiv0
                0x080170f0                __aeabi_ldiv0
 *(.text*)
 .text.deregister_tm_clones
                0x080170f4       0x1c C:/Users/marda/Downloads/arm-gnu-toolchain-15.2.rel1-mingw-w64-x86_64-arm-none-eabi/bin/../lib/gcc/arm-none-eabi/15.2.1/thumb/v7e-m+fp/hard/crtbegin.o
 .text.register_tm_clones
                0x08017110       0x24 C:/Users/marda/Downloads/arm-gnu-toolchain-15.2.rel1-mingw-w64-x86_64-arm-none-eabi/bin/../lib/gcc/arm-none-eabi/15.2.1/thumb/v7e-m+fp/hard/crtbegin.o
 .text.__do_global_dtors_aux
                0x08017134       0x28 C:/Users/marda/Downloads/arm-gnu-toolchain-15.2.rel1-mingw-w64-x86_64-arm-none-eabi/bin/../lib/gcc/arm-none-eabi/15.2.1/thumb/v7e-m+fp/hard/crtbegin.o
 .text.frame_dummy
                0x0801715c       0x24 C:/Users/marda/Downloads/arm-gnu-toolchain-15.2.rel1-mingw-w64-x86_64-arm-none-eabi/bin/../lib/gcc/arm-none-eabi/15.2.1/thumb/v7e-m+fp/hard/crtbegin.o
 .text.Crypto_SHA256_Flash
                0x08017180       0x3c ./Core/Src/BL_Functions.o
                0x08017180                Crypto_SHA256_Flash
 .text.Crypto_ECDSA_P256_VerifyHash
                0x080171bc       0x60 ./Core/Src/BL_Functions.o
                0x080171bc                Crypto_ECDSA_P256_VerifyHash
 .text.Bootloader_InternalVerify
                0x0801721c       0x80 ./Core/Src/BL_Functions.o
                0x0801721c                Bootloader_InternalVerify
 .text.__NVIC_SystemReset
                0x0801729c       0x24 ./Core/Src/BL_Update_Part.o
 .text.Bootloader_SetStatus
                0x080172c0       0x20 ./Core/Src/BL_Update_Part.o
                0x080172c0                Bootloader_SetStatus
 .text.BL_RequestUpdate
                0x080172e0       0x1c ./Core/Src/BL_Update_Part.o
                0x080172e0                BL_RequestUpdate
 .text.BL_GetStatus
                0x080172fc        0xc ./Core/Src/BL_Update_Part.o
                0x080172fc                BL_GetStatus
 .text.Install_Update_Stream
                0x08017308       0xf8 ./Core/Src/BL_Update_Part.o
                0x08017308                Install_Update_Stream
 .text.Bootloader_HandleUpdate
                0x08017400       0x70 ./Core/Src/BL_Update_Part.o
                0x08017400                Bootloader_HandleUpdate
 .text.Bootloader_JumpToApp
                0x08017470       0x5c ./Core/Src/jump_to_app.o
                0x08017470                Bootloader_JumpToApp
 .text.BL_VerifySlot_Wrapper
                0x080174cc       0x18 ./Core/Src/main.o
                0x080174cc                BL_VerifySlot_Wrapper
 .text.SystemClock_Config
                0x080174e4       0x88 ./Core/Src/main.o
                0x080174e4                SystemClock_Config
 .text.startup.main
                0x0801756c      0x1cc ./Core/Src/main.o
                0x0801756c                main
 .text.print_hardfault_reason
                0x08017738      0x100 ./Core/Src/main.o
                0x08017738                print_hardfault_reason
 .text.Error_Handler
                0x08017838        0x4 ./Core/Src/main.o
                0x08017838                Error_Handler
 .text.HAL_MspInit
                0x0801783c       0x30 ./Core/Src/stm32f7xx_hal_msp.o
                0x0801783c                HAL_MspInit
 .text.HAL_RTC_MspInit
                0x0801786c       0x44 ./Core/Src/stm32f7xx_hal_msp.o
                0x0801786c                HAL_RTC_MspInit
 .text.HAL_UART_MspInit
                0x080178b0       0xb0 ./Core/Src/stm32f7xx_hal_msp.o
                0x080178b0                HAL_UART_MspInit
 .text.NMI_Handler
                0x08017960        0x2 ./Core/Src/stm32f7xx_it.o
                0x08017960                NMI_Handler
 .text.HardFault_Handler
                0x08017962        0x8 ./Core/Src/stm32f7xx_it.o
                0x08017962                HardFault_Handler
 .text.MemManage_Handler
                0x0801796a        0x2 ./Core/Src/stm32f7xx_it.o
                0x0801796a                MemManage_Handler
 .text.BusFault_Handler
                0x0801796c        0x2 ./Core/Src/stm32f7xx_it.o
                0x0801796c                BusFault_Handler
 .text.UsageFault_Handler
                0x0801796e        0x2 ./Core/Src/stm32f7xx_it.o
                0x0801796e                UsageFault_Handler
 .text.SVC_Handler
                0x08017970        0x2 ./Core/Src/stm32f7xx_it.o
                0x08017970                SVC_Handler
 .text.DebugMon_Handler
                0x08017972        0x2 ./Core/Src/stm32f7xx_it.o
                0x08017972                DebugMon_Handler
 .text.PendSV_Handler
                0x08017974        0x2 ./Core/Src/stm32f7xx_it.o
                0x08017974                PendSV_Handler
 .text.SysTick_Handler
                0x08017976        0x4 ./Core/Src/stm32f7xx_it.o
                0x08017976                SysTick_Handler
 .text._getpid  0x0801797a        0x4 ./Core/Src/syscalls.o
                0x0801797a                _getpid
 .text._kill    0x0801797e       0x10 ./Core/Src/syscalls.o
                0x0801797e                _kill
 .text._exit    0x0801798e        0xc ./Core/Src/syscalls.o
                0x0801798e                _exit
 .text._read    0x0801799a       0x1c ./Core/Src/syscalls.o
                0x0801799a                _read
 .text._write   0x080179b6       0x1c ./Core/Src/syscalls.o
                0x080179b6                _write
 .text._close   0x080179d2        0x6 ./Core/Src/syscalls.o
                0x080179d2                _close
 .text._fstat   0x080179d8        0xa ./Core/Src/syscalls.o
                0x080179d8                _fstat
 .text._isatty  0x080179e2        0x4 ./Core/Src/syscalls.o
                0x080179e2                _isatty
 .text._lseek   0x080179e6        0x4 ./Core/Src/syscalls.o
                0x080179e6                _lseek
 *fill*         0x080179ea        0x2 
 .text._sbrk    0x080179ec       0x3c ./Core/Src/sysmem.o
                0x080179ec                _sbrk
 .text.SystemInit
                0x08017a28       0x14 ./Core/Src/system_stm32f7xx.o
                0x08017a28                SystemInit
 .text._tfp_putc
                0x08017a3c       0x20 ./Core/Src/tiny_printf.o
 .text._tfp_print_unsigned
                0x08017a5c       0x70 ./Core/Src/tiny_printf.o
 .text.tfp_init
                0x08017acc        0xc ./Core/Src/tiny_printf.o
                0x08017acc                tfp_init
 .text.tfp_printf
                0x08017ad8       0xe0 ./Core/Src/tiny_printf.o
                0x08017ad8                tfp_printf
 .text.Reset_Handler
                0x08017bb8       0x50 ./Core/Startup/startup_stm32f746nghx.o
                0x08017bb8                Reset_Handler
 .text.Default_Handler
                0x08017c08        0x2 ./Core/Startup/startup_stm32f746nghx.o
                0x08017c08                RTC_Alarm_IRQHandler
                0x08017c08                EXTI2_IRQHandler
                0x08017c08                TIM8_CC_IRQHandler
                0x08017c08                UART8_IRQHandler
                0x08017c08                SPI4_IRQHandler
                0x08017c08                TIM1_CC_IRQHandler
                0x08017c08                DMA2_Stream5_IRQHandler
                0x08017c08                DMA1_Stream5_IRQHandler
                0x08017c08                PVD_IRQHandler
                0x08017c08                TAMP_STAMP_IRQHandler
                0x08017c08                CAN2_RX1_IRQHandler
                0x08017c08                EXTI3_IRQHandler
                0x08017c08                TIM8_TRG_COM_TIM14_IRQHandler
                0x08017c08                TIM1_UP_TIM10_IRQHandler
                0x08017c08                TIM8_UP_TIM13_IRQHandler
                0x08017c08                I2C3_ER_IRQHandler
                0x08017c08                EXTI0_IRQHandler
                0x08017c08                I2C2_EV_IRQHandler
                0x08017c08                DMA1_Stream2_IRQHandler
                0x08017c08                CAN1_RX0_IRQHandler
                0x08017c08                FPU_IRQHandler
                0x08017c08                OTG_HS_WKUP_IRQHandler
                0x08017c08                LTDC_ER_IRQHandler
                0x08017c08                CAN2_SCE_IRQHandler
                0x08017c08                DMA2_Stream2_IRQHandler
                0x08017c08                SPI1_IRQHandler
                0x08017c08                TIM6_DAC_IRQHandler
                0x08017c08                TIM1_BRK_TIM9_IRQHandler
                0x08017c08                DCMI_IRQHandler
                0x08017c08                CAN2_RX0_IRQHandler
                0x08017c08                DMA2_Stream3_IRQHandler
                0x08017c08                SAI2_IRQHandler
                0x08017c08                USART6_IRQHandler
                0x08017c08                USART3_IRQHandler
                0x08017c08                CAN1_RX1_IRQHandler
                0x08017c08                UART5_IRQHandler
                0x08017c08                DMA2_Stream0_IRQHandler
                0x08017c08                TIM4_IRQHandler
                0x08017c08                QUADSPI_IRQHandler
                0x08017c08                I2C1_EV_IRQHandler
                0x08017c08                DMA1_Stream6_IRQHandler
                0x08017c08                DMA1_Stream1_IRQHandler
                0x08017c08                UART4_IRQHandler
                0x08017c08                TIM3_IRQHandler
                0x08017c08                RCC_IRQHandler
                0x08017c08                TIM8_BRK_TIM12_IRQHandler
                0x08017c08                Default_Handler
                0x08017c08                CEC_IRQHandler
                0x08017c08                EXTI15_10_IRQHandler
                0x08017c08                ADC_IRQHandler
                0x08017c08                DMA1_Stream7_IRQHandler
                0x08017c08                SPI5_IRQHandler
                0x08017c08                TIM7_IRQHandler
                0x08017c08                SDMMC1_IRQHandler
                0x08017c08                CAN2_TX_IRQHandler
                0x08017c08                TIM5_IRQHandler
                0x08017c08                DMA2_Stream7_IRQHandler
                0x08017c08                I2C3_EV_IRQHandler
                0x08017c08                EXTI9_5_IRQHandler
                0x08017c08                RTC_WKUP_IRQHandler
                0x08017c08                LTDC_IRQHandler
                0x08017c08                ETH_WKUP_IRQHandler
                0x08017c08                SPDIF_RX_IRQHandler
                0x08017c08                SPI2_IRQHandler
                0x08017c08                OTG_HS_EP1_IN_IRQHandler
                0x08017c08                DMA1_Stream0_IRQHandler
                0x08017c08                CAN1_TX_IRQHandler
                0x08017c08                EXTI4_IRQHandler
                0x08017c08                RNG_IRQHandler
                0x08017c08                ETH_IRQHandler
                0x08017c08                OTG_HS_EP1_OUT_IRQHandler
                0x08017c08                WWDG_IRQHandler
                0x08017c08                SPI6_IRQHandler
                0x08017c08                I2C4_EV_IRQHandler
                0x08017c08                TIM2_IRQHandler
                0x08017c08                OTG_FS_WKUP_IRQHandler
                0x08017c08                TIM1_TRG_COM_TIM11_IRQHandler
                0x08017c08                OTG_HS_IRQHandler
                0x08017c08                DMA2D_IRQHandler
                0x08017c08                EXTI1_IRQHandler
                0x08017c08                UART7_IRQHandler
                0x08017c08                USART2_IRQHandler
                0x08017c08                I2C2_ER_IRQHandler
                0x08017c08                DMA2_Stream1_IRQHandler
                0x08017c08                CAN1_SCE_IRQHandler
                0x08017c08                FLASH_IRQHandler
                0x08017c08                DMA2_Stream4_IRQHandler
                0x08017c08                USART1_IRQHandler
                0x08017c08                OTG_FS_IRQHandler
                0x08017c08                SPI3_IRQHandler
                0x08017c08                DMA1_Stream4_IRQHandler
                0x08017c08                I2C1_ER_IRQHandler
                0x08017c08                FMC_IRQHandler
                0x08017c08                LPTIM1_IRQHandler
                0x08017c08                I2C4_ER_IRQHandler
                0x08017c08                DMA2_Stream6_IRQHandler
                0x08017c08                SAI1_IRQHandler
                0x08017c08                DMA1_Stream3_IRQHandler
 .text.HAL_MspDeInit
                0x08017c0a        0x2 ./Drivers/STM32F7xx_HAL_Driver/Src/stm32f7xx_hal.o
                0x08017c0a                HAL_MspDeInit
 .text.HAL_DeInit
                0x08017c0c       0x2c ./Drivers/STM32F7xx_HAL_Driver/Src/stm32f7xx_hal.o
                0x08017c0c                HAL_DeInit
 .text.HAL_InitTick
                0x08017c38       0x48 ./Drivers/STM32F7xx_HAL_Driver/Src/stm32f7xx_hal.o
                0x08017c38                HAL_InitTick
 .text.HAL_Init
                0x08017c80       0x16 ./Drivers/STM32F7xx_HAL_Driver/Src/stm32f7xx_hal.o
                0x08017c80                HAL_Init
 *fill*         0x08017c96        0x2 
 .text.HAL_IncTick
                0x08017c98       0x18 ./Drivers/STM32F7xx_HAL_Driver/Src/stm32f7xx_hal.o
                0x08017c98                HAL_IncTick
 .text.HAL_GetTick
                0x08017cb0        0xc ./Drivers/STM32F7xx_HAL_Driver/Src/stm32f7xx_hal.o
                0x08017cb0                HAL_GetTick
 .text.HAL_Delay
                0x08017cbc       0x24 ./Drivers/STM32F7xx_HAL_Driver/Src/stm32f7xx_hal.o
                0x08017cbc                HAL_Delay
 .text.HAL_NVIC_SetPriorityGrouping
                0x08017ce0       0x24 ./Drivers/STM32F7xx_HAL_Driver/Src/stm32f7xx_hal_cortex.o
                0x08017ce0                HAL_NVIC_SetPriorityGrouping
 .text.HAL_NVIC_SetPriority
                0x08017d04       0x5c ./Drivers/STM32F7xx_HAL_Driver/Src/stm32f7xx_hal_cortex.o
                0x08017d04                HAL_NVIC_SetPriority
 .text.HAL_SYSTICK_Config
                0x08017d60       0x28 ./Drivers/STM32F7xx_HAL_Driver/Src/stm32f7xx_hal_cortex.o
                0x08017d60                HAL_SYSTICK_Config
 .text.HAL_MPU_Disable
                0x08017d88       0x1c ./Drivers/STM32F7xx_HAL_Driver/Src/stm32f7xx_hal_cortex.o
                0x08017d88                HAL_MPU_Disable
 .text.HAL_MPU_Enable
                0x08017da4       0x20 ./Drivers/STM32F7xx_HAL_Driver/Src/stm32f7xx_hal_cortex.o
                0x08017da4                HAL_MPU_Enable
 .text.HAL_MPU_ConfigRegion
                0x08017dc4       0x58 ./Drivers/STM32F7xx_HAL_Driver/Src/stm32f7xx_hal_cortex.o
                0x08017dc4                HAL_MPU_ConfigRegion
 .text.FLASH_Program_DoubleWord
                0x08017e1c       0x30 ./Drivers/STM32F7xx_HAL_Driver/Src/stm32f7xx_hal_flash.o
 .text.FLASH_Program_Word
                0x08017e4c       0x28 ./Drivers/STM32F7xx_HAL_Driver/Src/stm32f7xx_hal_flash.o
 .text.FLASH_Program_HalfWord
                0x08017e74       0x28 ./Drivers/STM32F7xx_HAL_Driver/Src/stm32f7xx_hal_flash.o
 .text.FLASH_Program_Byte
                0x08017e9c       0x24 ./Drivers/STM32F7xx_HAL_Driver/Src/stm32f7xx_hal_flash.o
 .text.FLASH_SetErrorCode
                0x08017ec0       0x64 ./Drivers/STM32F7xx_HAL_Driver/Src/stm32f7xx_hal_flash.o
 .text.HAL_FLASH_Unlock
                0x08017f24       0x24 ./Drivers/STM32F7xx_HAL_Driver/Src/stm32f7xx_hal_flash.o
                0x08017f24                HAL_FLASH_Unlock
 .text.HAL_FLASH_Lock
                0x08017f48       0x14 ./Drivers/STM32F7xx_HAL_Driver/Src/stm32f7xx_hal_flash.o
                0x08017f48                HAL_FLASH_Lock
 .text.FLASH_WaitForLastOperation
                0x08017f5c       0x58 ./Drivers/STM32F7xx_HAL_Driver/Src/stm32f7xx_hal_flash.o
                0x08017f5c                FLASH_WaitForLastOperation
 .text.HAL_FLASH_Program
                0x08017fb4       0x7c ./Drivers/STM32F7xx_HAL_Driver/Src/stm32f7xx_hal_flash.o
                0x08017fb4                HAL_FLASH_Program
 .text.FLASH_MassErase
                0x08018030       0x28 ./Drivers/STM32F7xx_HAL_Driver/Src/stm32f7xx_hal_flash_ex.o
 .text.FLASH_Erase_Sector
                0x08018058       0x40 ./Drivers/STM32F7xx_HAL_Driver/Src/stm32f7xx_hal_flash_ex.o
                0x08018058                FLASH_Erase_Sector
 .text.HAL_FLASHEx_Erase
                0x08018098       0x98 ./Drivers/STM32F7xx_HAL_Driver/Src/stm32f7xx_hal_flash_ex.o
                0x08018098                HAL_FLASHEx_Erase
 .text.HAL_GPIO_Init
                0x08018130      0x1c0 ./Drivers/STM32F7xx_HAL_Driver/Src/stm32f7xx_hal_gpio.o
                0x08018130                HAL_GPIO_Init
 .text.HAL_GPIO_WritePin
                0x080182f0        0xa ./Drivers/STM32F7xx_HAL_Driver/Src/stm32f7xx_hal_gpio.o
                0x080182f0                HAL_GPIO_WritePin
 .text.HAL_GPIO_TogglePin
                0x080182fa       0x12 ./Drivers/STM32F7xx_HAL_Driver/Src/stm32f7xx_hal_gpio.o
                0x080182fa                HAL_GPIO_TogglePin
 .text.HAL_PWR_EnableBkUpAccess
                0x0801830c       0x10 ./Drivers/STM32F7xx_HAL_Driver/Src/stm32f7xx_hal_pwr.o
                0x0801830c                HAL_PWR_EnableBkUpAccess
 .text.HAL_PWREx_DisableBkUpReg
                0x0801831c       0x38 ./Drivers/STM32F7xx_HAL_Driver/Src/stm32f7xx_hal_pwr_ex.o
                0x0801831c                HAL_PWREx_DisableBkUpReg
 .text.HAL_RCC_OscConfig
                0x08018354      0x37c ./Drivers/STM32F7xx_HAL_Driver/Src/stm32f7xx_hal_rcc.o
                0x08018354                HAL_RCC_OscConfig
 .text.HAL_RCC_GetSysClockFreq
                0x080186d0       0x5c ./Drivers/STM32F7xx_HAL_Driver/Src/stm32f7xx_hal_rcc.o
                0x080186d0                HAL_RCC_GetSysClockFreq
 .text.HAL_RCC_ClockConfig
                0x0801872c      0x13c ./Drivers/STM32F7xx_HAL_Driver/Src/stm32f7xx_hal_rcc.o
                0x0801872c                HAL_RCC_ClockConfig
 .text.HAL_RCC_GetPCLK1Freq
                0x08018868       0x20 ./Drivers/STM32F7xx_HAL_Driver/Src/stm32f7xx_hal_rcc.o
                0x08018868                HAL_RCC_GetPCLK1Freq
 .text.HAL_RCC_GetPCLK2Freq
                0x08018888       0x20 ./Drivers/STM32F7xx_HAL_Driver/Src/stm32f7xx_hal_rcc.o
                0x08018888                HAL_RCC_GetPCLK2Freq
 .text.HAL_RCCEx_PeriphCLKConfig
                0x080188a8      0x530 ./Drivers/STM32F7xx_HAL_Driver/Src/stm32f7xx_hal_rcc_ex.o
                0x080188a8                HAL_RCCEx_PeriphCLKConfig
 .text.HAL_RTC_WaitForSynchro
                0x08018dd8       0x30 ./Drivers/STM32F7xx_HAL_Driver/Src/stm32f7xx_hal_rtc.o
                0x08018dd8                HAL_RTC_WaitForSynchro
 .text.RTC_EnterInitMode
                0x08018e08       0x42 ./Drivers/STM32F7xx_HAL_Driver/Src/stm32f7xx_hal_rtc.o
                0x08018e08                RTC_EnterInitMode
 .text.RTC_ExitInitMode
                0x08018e4a       0x28 ./Drivers/STM32F7xx_HAL_Driver/Src/stm32f7xx_hal_rtc.o
                0x08018e4a                RTC_ExitInitMode
 .text.HAL_RTC_Init
                0x08018e72       0x94 ./Drivers/STM32F7xx_HAL_Driver/Src/stm32f7xx_hal_rtc.o
                0x08018e72                HAL_RTC_Init
 .text.HAL_RTCEx_BKUPWrite
                0x08018f06        0xa ./Drivers/STM32F7xx_HAL_Driver/Src/stm32f7xx_hal_rtc_ex.o
                0x08018f06                HAL_RTCEx_BKUPWrite
 .text.HAL_RTCEx_BKUPRead
                0x08018f10        0xa ./Drivers/STM32F7xx_HAL_Driver/Src/stm32f7xx_hal_rtc_ex.o
                0x08018f10                HAL_RTCEx_BKUPRead
 .text.UART_EndRxTransfer
                0x08018f1a       0x50 ./Drivers/STM32F7xx_HAL_Driver/Src/stm32f7xx_hal_uart.o
 *fill*         0x08018f6a        0x2 
 .text.UART_SetConfig
                0x08018f6c      0x1fc ./Drivers/STM32F7xx_HAL_Driver/Src/stm32f7xx_hal_uart.o
                0x08018f6c                UART_SetConfig
 .text.UART_AdvFeatureConfig
                0x08019168       0xaa ./Drivers/STM32F7xx_HAL_Driver/Src/stm32f7xx_hal_uart.o
                0x08019168                UART_AdvFeatureConfig
 .text.UART_WaitOnFlagUntilTimeout
                0x08019212       0x88 ./Drivers/STM32F7xx_HAL_Driver/Src/stm32f7xx_hal_uart.o
                0x08019212                UART_WaitOnFlagUntilTimeout
 .text.HAL_UART_Transmit
                0x0801929a       0xa0 ./Drivers/STM32F7xx_HAL_Driver/Src/stm32f7xx_hal_uart.o
                0x0801929a                HAL_UART_Transmit
 .text.UART_CheckIdleState
                0x0801933a       0x5e ./Drivers/STM32F7xx_HAL_Driver/Src/stm32f7xx_hal_uart.o
                0x0801933a                UART_CheckIdleState
 .text.HAL_UART_Init
                0x08019398       0x5c ./Drivers/STM32F7xx_HAL_Driver/Src/stm32f7xx_hal_uart.o
                0x08019398                HAL_UART_Init
 .text.LZ4_decompress_safe
                0x080193f4      0x2b8 ./Libs/lz4/Src/lz4.o
                0x080193f4                LZ4_decompress_safe
 .text.add_round_key
                0x080196ac       0x8a ./Libs/tinycrypt/Src/aes_decrypt.o
 *fill*         0x08019736        0x2 
 .text.inv_sub_bytes
                0x08019738       0x18 ./Libs/tinycrypt/Src/aes_decrypt.o
 .text.mult_row_column
                0x08019750      0x24c ./Libs/tinycrypt/Src/aes_decrypt.o
 .text.tc_aes128_set_decrypt_key
                0x0801999c        0x4 ./Libs/tinycrypt/Src/aes_decrypt.o
                0x0801999c                tc_aes128_set_decrypt_key
 .text.tc_aes_decrypt
                0x080199a0      0x1c4 ./Libs/tinycrypt/Src/aes_decrypt.o
                0x080199a0                tc_aes_decrypt
 .text.tc_aes128_set_encrypt_key
                0x08019b64       0xac ./Libs/tinycrypt/Src/aes_encrypt.o
                0x08019b64                tc_aes128_set_encrypt_key
 .text.tc_cbc_mode_decrypt
                0x08019c10       0x66 ./Libs/tinycrypt/Src/cbc_mode.o
                0x08019c10                tc_cbc_mode_decrypt
 .text.uECC_vli_add
                0x08019c76       0x36 ./Libs/tinycrypt/Src/ecc.o
 .text.uECC_vli_rshift1
                0x08019cac       0x1a ./Libs/tinycrypt/Src/ecc.o
 .text.vli_modInv_update
                0x08019cc6       0x38 ./Libs/tinycrypt/Src/ecc.o
 .text.uECC_vli_mult
                0x08019cfe       0xd4 ./Libs/tinycrypt/Src/ecc.o
 .text.uECC_vli_clear
                0x08019dd2       0x16 ./Libs/tinycrypt/Src/ecc.o
                0x08019dd2                uECC_vli_clear
 .text.uECC_vli_isZero
                0x08019de8       0x1e ./Libs/tinycrypt/Src/ecc.o
                0x08019de8                uECC_vli_isZero
 .text.uECC_vli_testBit
                0x08019e06       0x12 ./Libs/tinycrypt/Src/ecc.o
                0x08019e06                uECC_vli_testBit
 .text.uECC_vli_numBits
                0x08019e18       0x36 ./Libs/tinycrypt/Src/ecc.o
                0x08019e18                uECC_vli_numBits
 .text.uECC_vli_set
                0x08019e4e       0x18 ./Libs/tinycrypt/Src/ecc.o
                0x08019e4e                uECC_vli_set
 .text.uECC_vli_cmp_unsafe
                0x08019e66       0x2a ./Libs/tinycrypt/Src/ecc.o
                0x08019e66                uECC_vli_cmp_unsafe
 .text.uECC_vli_equal
                0x08019e90       0x24 ./Libs/tinycrypt/Src/ecc.o
                0x08019e90                uECC_vli_equal
 .text.uECC_vli_sub
                0x08019eb4       0x38 ./Libs/tinycrypt/Src/ecc.o
                0x08019eb4                uECC_vli_sub
 .text.vli_mmod_fast_secp256r1
                0x08019eec      0x180 ./Libs/tinycrypt/Src/ecc.o
                0x08019eec                vli_mmod_fast_secp256r1
 .text.uECC_vli_modAdd
                0x0801a06c       0x32 ./Libs/tinycrypt/Src/ecc.o
                0x0801a06c                uECC_vli_modAdd
 .text.uECC_vli_modSub
                0x0801a09e       0x24 ./Libs/tinycrypt/Src/ecc.o
                0x0801a09e                uECC_vli_modSub
 .text.uECC_vli_mmod
                0x0801a0c2      0x12a ./Libs/tinycrypt/Src/ecc.o
                0x0801a0c2                uECC_vli_mmod
 .text.uECC_vli_modMult
                0x0801a1ec       0x20 ./Libs/tinycrypt/Src/ecc.o
                0x0801a1ec                uECC_vli_modMult
 .text.uECC_vli_modMult_fast
                0x0801a20c       0x20 ./Libs/tinycrypt/Src/ecc.o
                0x0801a20c                uECC_vli_modMult_fast
 .text.uECC_vli_modSquare_fast
                0x0801a22c        0x8 ./Libs/tinycrypt/Src/ecc.o
 .text.double_jacobian_default
                0x0801a234      0x152 ./Libs/tinycrypt/Src/ecc.o
                0x0801a234                double_jacobian_default
 .text.x_side_default
                0x0801a386       0x58 ./Libs/tinycrypt/Src/ecc.o
                0x0801a386                x_side_default
 .text.uECC_vli_modInv
                0x0801a3de      0x108 ./Libs/tinycrypt/Src/ecc.o
                0x0801a3de                uECC_vli_modInv
 *fill*         0x0801a4e6        0x2 
 .text.uECC_secp256r1
                0x0801a4e8        0x8 ./Libs/tinycrypt/Src/ecc.o
                0x0801a4e8                uECC_secp256r1
 .text.apply_z  0x0801a4f0       0x3e ./Libs/tinycrypt/Src/ecc.o
                0x0801a4f0                apply_z
 .text.XYcZ_add
                0x0801a52e       0xce ./Libs/tinycrypt/Src/ecc.o
                0x0801a52e                XYcZ_add
 .text.uECC_vli_bytesToNative
                0x0801a5fc       0x3a ./Libs/tinycrypt/Src/ecc.o
                0x0801a5fc                uECC_vli_bytesToNative
 .text.bits2int
                0x0801a636       0x90 ./Libs/tinycrypt/Src/ecc_dsa.o
 .text.uECC_verify
                0x0801a6c6      0x2c6 ./Libs/tinycrypt/Src/ecc_dsa.o
                0x0801a6c6                uECC_verify
 .text.compress
                0x0801a98c      0x1d4 ./Libs/tinycrypt/Src/sha256.o
 .text.tc_sha256_init
                0x0801ab60       0x58 ./Libs/tinycrypt/Src/sha256.o
                0x0801ab60                tc_sha256_init
 .text.tc_sha256_update
                0x0801abb8       0x4c ./Libs/tinycrypt/Src/sha256.o
                0x0801abb8                tc_sha256_update
 .text.tc_sha256_final
                0x0801ac04       0xaa ./Libs/tinycrypt/Src/sha256.o
                0x0801ac04                tc_sha256_final
 .text._copy    0x0801acae       0x1a ./Libs/tinycrypt/Src/utils.o
                0x0801acae                _copy
 .text._set     0x0801acc8        0x4 ./Libs/tinycrypt/Src/utils.o
                0x0801acc8                _set
 .text._double_byte
                0x0801accc       0x12 ./Libs/tinycrypt/Src/utils.o
                0x0801accc                _double_byte
 *fill*         0x0801acde        0x2 
 .text.__assert_func
                0x0801ace0       0x3c C:/Users/marda/Downloads/arm-gnu-toolchain-15.2.rel1-mingw-w64-x86_64-arm-none-eabi/bin/../lib/gcc/arm-none-eabi/15.2.1/../../../../arm-none-eabi/lib/thumb/v7e-m+fp/hard\libc_nano.a(libc_a-assert.o)
                0x0801ace0                __assert_func
 .text.sbrk_aligned
                0x0801ad1c       0x44 C:/Users/marda/Downloads/arm-gnu-toolchain-15.2.rel1-mingw-w64-x86_64-arm-none-eabi/bin/../lib/gcc/arm-none-eabi/15.2.1/../../../../arm-none-eabi/lib/thumb/v7e-m+fp/hard\libc_nano.a(libc_a-mallocr.o)
 .text._malloc_r
                0x0801ad60       0xf8 C:/Users/marda/Downloads/arm-gnu-toolchain-15.2.rel1-mingw-w64-x86_64-arm-none-eabi/bin/../lib/gcc/arm-none-eabi/15.2.1/../../../../arm-none-eabi/lib/thumb/v7e-m+fp/hard\libc_nano.a(libc_a-mallocr.o)
                0x0801ad60                _malloc_r
 .text.__malloc_lock
                0x0801ae58        0xc C:/Users/marda/Downloads/arm-gnu-toolchain-15.2.rel1-mingw-w64-x86_64-arm-none-eabi/bin/../lib/gcc/arm-none-eabi/15.2.1/../../../../arm-none-eabi/lib/thumb/v7e-m+fp/hard\libc_nano.a(libc_a-mlock.o)
                0x0801ae58                __malloc_lock
 .text.__malloc_unlock
                0x0801ae64        0xc C:/Users/marda/Downloads/arm-gnu-toolchain-15.2.rel1-mingw-w64-x86_64-arm-none-eabi/bin/../lib/gcc/arm-none-eabi/15.2.1/../../../../arm-none-eabi/lib/thumb/v7e-m+fp/hard\libc_nano.a(libc_a-mlock.o)
                0x0801ae64                __malloc_unlock
 .text.std      0x0801ae70       0x6c C:/Users/marda/Downloads/arm-gnu-toolchain-15.2.rel1-mingw-w64-x86_64-arm-none-eabi/bin/../lib/gcc/arm-none-eabi/15.2.1/../../../../arm-none-eabi/lib/thumb/v7e-m+fp/hard\libc_nano.a(libc_a-findfp.o)
 .text.stdio_exit_handler
                0x0801aedc       0x18 C:/Users/marda/Downloads/arm-gnu-toolchain-15.2.rel1-mingw-w64-x86_64-arm-none-eabi/bin/../lib/gcc/arm-none-eabi/15.2.1/../../../../arm-none-eabi/lib/thumb/v7e-m+fp/hard\libc_nano.a(libc_a-findfp.o)
 .text.cleanup_stdio
                0x0801aef4       0x40 C:/Users/marda/Downloads/arm-gnu-toolchain-15.2.rel1-mingw-w64-x86_64-arm-none-eabi/bin/../lib/gcc/arm-none-eabi/15.2.1/../../../../arm-none-eabi/lib/thumb/v7e-m+fp/hard\libc_nano.a(libc_a-findfp.o)
 .text.global_stdio_init.part.0
                0x0801af34       0x40 C:/Users/marda/Downloads/arm-gnu-toolchain-15.2.rel1-mingw-w64-x86_64-arm-none-eabi/bin/../lib/gcc/arm-none-eabi/15.2.1/../../../../arm-none-eabi/lib/thumb/v7e-m+fp/hard\libc_nano.a(libc_a-findfp.o)
 .text.__sfp_lock_acquire
                0x0801af74        0xc C:/Users/marda/Downloads/arm-gnu-toolchain-15.2.rel1-mingw-w64-x86_64-arm-none-eabi/bin/../lib/gcc/arm-none-eabi/15.2.1/../../../../arm-none-eabi/lib/thumb/v7e-m+fp/hard\libc_nano.a(libc_a-findfp.o)
                0x0801af74                __sfp_lock_acquire
 .text.__sfp_lock_release
                0x0801af80        0xc C:/Users/marda/Downloads/arm-gnu-toolchain-15.2.rel1-mingw-w64-x86_64-arm-none-eabi/bin/../lib/gcc/arm-none-eabi/15.2.1/../../../../arm-none-eabi/lib/thumb/v7e-m+fp/hard\libc_nano.a(libc_a-findfp.o)
                0x0801af80                __sfp_lock_release
 .text.__sinit  0x0801af8c       0x30 C:/Users/marda/Downloads/arm-gnu-toolchain-15.2.rel1-mingw-w64-x86_64-arm-none-eabi/bin/../lib/gcc/arm-none-eabi/15.2.1/../../../../arm-none-eabi/lib/thumb/v7e-m+fp/hard\libc_nano.a(libc_a-findfp.o)
                0x0801af8c                __sinit
 .text.fprintf  0x0801afbc       0x24 C:/Users/marda/Downloads/arm-gnu-toolchain-15.2.rel1-mingw-w64-x86_64-arm-none-eabi/bin/../lib/gcc/arm-none-eabi/15.2.1/../../../../arm-none-eabi/lib/thumb/v7e-m+fp/hard\libc_nano.a(libc_a-fprintf.o)
                0x0801afbc                fiprintf
                0x0801afbc                fprintf
 .text._fwalk_sglue
                0x0801afe0       0x3a C:/Users/marda/Downloads/arm-gnu-toolchain-15.2.rel1-mingw-w64-x86_64-arm-none-eabi/bin/../lib/gcc/arm-none-eabi/15.2.1/../../../../arm-none-eabi/lib/thumb/v7e-m+fp/hard\libc_nano.a(libc_a-fwalk.o)
                0x0801afe0                _fwalk_sglue
 .text.__sread  0x0801b01a       0x22 C:/Users/marda/Downloads/arm-gnu-toolchain-15.2.rel1-mingw-w64-x86_64-arm-none-eabi/bin/../lib/gcc/arm-none-eabi/15.2.1/../../../../arm-none-eabi/lib/thumb/v7e-m+fp/hard\libc_nano.a(libc_a-stdio.o)
                0x0801b01a                __sread
 .text.__swrite
                0x0801b03c       0x38 C:/Users/marda/Downloads/arm-gnu-toolchain-15.2.rel1-mingw-w64-x86_64-arm-none-eabi/bin/../lib/gcc/arm-none-eabi/15.2.1/../../../../arm-none-eabi/lib/thumb/v7e-m+fp/hard\libc_nano.a(libc_a-stdio.o)
                0x0801b03c                __swrite
 .text.__sseek  0x0801b074       0x26 C:/Users/marda/Downloads/arm-gnu-toolchain-15.2.rel1-mingw-w64-x86_64-arm-none-eabi/bin/../lib/gcc/arm-none-eabi/15.2.1/../../../../arm-none-eabi/lib/thumb/v7e-m+fp/hard\libc_nano.a(libc_a-stdio.o)
                0x0801b074                __sseek
 .text.__sclose
                0x0801b09a        0x8 C:/Users/marda/Downloads/arm-gnu-toolchain-15.2.rel1-mingw-w64-x86_64-arm-none-eabi/bin/../lib/gcc/arm-none-eabi/15.2.1/../../../../arm-none-eabi/lib/thumb/v7e-m+fp/hard\libc_nano.a(libc_a-stdio.o)
                0x0801b09a                __sclose
 .text.memmove  0x0801b0a2       0x32 C:/Users/marda/Downloads/arm-gnu-toolchain-15.2.rel1-mingw-w64-x86_64-arm-none-eabi/bin/../lib/gcc/arm-none-eabi/15.2.1/../../../../arm-none-eabi/lib/thumb/v7e-m+fp/hard\libc_nano.a(libc_a-memmove.o)
                0x0801b0a2                memmove
 .text.memset   0x0801b0d4       0x10 C:/Users/marda/Downloads/arm-gnu-toolchain-15.2.rel1-mingw-w64-x86_64-arm-none-eabi/bin/../lib/gcc/arm-none-eabi/15.2.1/../../../../arm-none-eabi/lib/thumb/v7e-m+fp/hard\libc_nano.a(libc_a-memset.o)
                0x0801b0d4                memset
 .text._close_r
                0x0801b0e4       0x20 C:/Users/marda/Downloads/arm-gnu-toolchain-15.2.rel1-mingw-w64-x86_64-arm-none-eabi/bin/../lib/gcc/arm-none-eabi/15.2.1/../../../../arm-none-eabi/lib/thumb/v7e-m+fp/hard\libc_nano.a(libc_a-closer.o)
                0x0801b0e4                _close_r
 .text._lseek_r
                0x0801b104       0x24 C:/Users/marda/Downloads/arm-gnu-toolchain-15.2.rel1-mingw-w64-x86_64-arm-none-eabi/bin/../lib/gcc/arm-none-eabi/15.2.1/../../../../arm-none-eabi/lib/thumb/v7e-m+fp/hard\libc_nano.a(libc_a-lseekr.o)
                0x0801b104                _lseek_r
 .text._read_r  0x0801b128       0x24 C:/Users/marda/Downloads/arm-gnu-toolchain-15.2.rel1-mingw-w64-x86_64-arm-none-eabi/bin/../lib/gcc/arm-none-eabi/15.2.1/../../../../arm-none-eabi/lib/thumb/v7e-m+fp/hard\libc_nano.a(libc_a-readr.o)
                0x0801b128                _read_r
 .text._sbrk_r  0x0801b14c       0x20 C:/Users/marda/Downloads/arm-gnu-toolchain-15.2.rel1-mingw-w64-x86_64-arm-none-eabi/bin/../lib/gcc/arm-none-eabi/15.2.1/../../../../arm-none-eabi/lib/thumb/v7e-m+fp/hard\libc_nano.a(libc_a-sbrkr.o)
                0x0801b14c                _sbrk_r
 .text._write_r
                0x0801b16c       0x24 C:/Users/marda/Downloads/arm-gnu-toolchain-15.2.rel1-mingw-w64-x86_64-arm-none-eabi/bin/../lib/gcc/arm-none-eabi/15.2.1/../../../../arm-none-eabi/lib/thumb/v7e-m+fp/hard\libc_nano.a(libc_a-writer.o)
                0x0801b16c                _write_r
 .text.__errno  0x0801b190        0xc C:/Users/marda/Downloads/arm-gnu-toolchain-15.2.rel1-mingw-w64-x86_64-arm-none-eabi/bin/../lib/gcc/arm-none-eabi/15.2.1/../../../../arm-none-eabi/lib/thumb/v7e-m+fp/hard\libc_nano.a(libc_a-errno.o)
                0x0801b190                __errno
 .text.__libc_init_array
                0x0801b19c       0x48 C:/Users/marda/Downloads/arm-gnu-toolchain-15.2.rel1-mingw-w64-x86_64-arm-none-eabi/bin/../lib/gcc/arm-none-eabi/15.2.1/../../../../arm-none-eabi/lib/thumb/v7e-m+fp/hard\libc_nano.a(libc_a-init.o)
                0x0801b19c                __libc_init_array
 .text.__retarget_lock_init_recursive
                0x0801b1e4        0x2 C:/Users/marda/Downloads/arm-gnu-toolchain-15.2.rel1-mingw-w64-x86_64-arm-none-eabi/bin/../lib/gcc/arm-none-eabi/15.2.1/../../../../arm-none-eabi/lib/thumb/v7e-m+fp/hard\libc_nano.a(libc_a-lock.o)
                0x0801b1e4                __retarget_lock_init_recursive
 .text.__retarget_lock_acquire_recursive
                0x0801b1e6        0x2 C:/Users/marda/Downloads/arm-gnu-toolchain-15.2.rel1-mingw-w64-x86_64-arm-none-eabi/bin/../lib/gcc/arm-none-eabi/15.2.1/../../../../arm-none-eabi/lib/thumb/v7e-m+fp/hard\libc_nano.a(libc_a-lock.o)
                0x0801b1e6                __retarget_lock_acquire_recursive
 .text.__retarget_lock_release_recursive
                0x0801b1e8        0x2 C:/Users/marda/Downloads/arm-gnu-toolchain-15.2.rel1-mingw-w64-x86_64-arm-none-eabi/bin/../lib/gcc/arm-none-eabi/15.2.1/../../../../arm-none-eabi/lib/thumb/v7e-m+fp/hard\libc_nano.a(libc_a-lock.o)
                0x0801b1e8                __retarget_lock_release_recursive
 .text.memcpy   0x0801b1ea       0x1c C:/Users/marda/Downloads/arm-gnu-toolchain-15.2.rel1-mingw-w64-x86_64-arm-none-eabi/bin/../lib/gcc/arm-none-eabi/15.2.1/../../../../arm-none-eabi/lib/thumb/v7e-m+fp/hard\libc_nano.a(libc_a-memcpy-stub.o)
                0x0801b1ea                memcpy
 .text.abort    0x0801b206        0xe C:/Users/marda/Downloads/arm-gnu-toolchain-15.2.rel1-mingw-w64-x86_64-arm-none-eabi/bin/../lib/gcc/arm-none-eabi/15.2.1/../../../../arm-none-eabi/lib/thumb/v7e-m+fp/hard\libc_nano.a(libc_a-abort.o)
                0x0801b206                abort
 .text._free_r  0x0801b214       0x98 C:/Users/marda/Downloads/arm-gnu-toolchain-15.2.rel1-mingw-w64-x86_64-arm-none-eabi/bin/../lib/gcc/arm-none-eabi/15.2.1/../../../../arm-none-eabi/lib/thumb/v7e-m+fp/hard\libc_nano.a(libc_a-freer.o)
                0x0801b214                _free_r
 .text.__sfputc_r
                0x0801b2ac       0x2a C:/Users/marda/Downloads/arm-gnu-toolchain-15.2.rel1-mingw-w64-x86_64-arm-none-eabi/bin/../lib/gcc/arm-none-eabi/15.2.1/../../../../arm-none-eabi/lib/thumb/v7e-m+fp/hard\libc_nano.a(libc_a-nano-vfprintf.o)
 .text.__sfputs_r
                0x0801b2d6       0x24 C:/Users/marda/Downloads/arm-gnu-toolchain-15.2.rel1-mingw-w64-x86_64-arm-none-eabi/bin/../lib/gcc/arm-none-eabi/15.2.1/../../../../arm-none-eabi/lib/thumb/v7e-m+fp/hard\libc_nano.a(libc_a-nano-vfprintf.o)
                0x0801b2d6                __sfputs_r
 *fill*         0x0801b2fa        0x2 
 .text._vfprintf_r
                0x0801b2fc      0x228 C:/Users/marda/Downloads/arm-gnu-toolchain-15.2.rel1-mingw-w64-x86_64-arm-none-eabi/bin/../lib/gcc/arm-none-eabi/15.2.1/../../../../arm-none-eabi/lib/thumb/v7e-m+fp/hard\libc_nano.a(libc_a-nano-vfprintf.o)
                0x0801b2fc                _vfprintf_r
                0x0801b2fc                _vfiprintf_r
 .text._printf_common
                0x0801b524       0xea C:/Users/marda/Downloads/arm-gnu-toolchain-15.2.rel1-mingw-w64-x86_64-arm-none-eabi/bin/../lib/gcc/arm-none-eabi/15.2.1/../../../../arm-none-eabi/lib/thumb/v7e-m+fp/hard\libc_nano.a(libc_a-nano-vfprintf_i.o)
                0x0801b524                _printf_common
 *fill*         0x0801b60e        0x2 
 .text._printf_i
                0x0801b610      0x254 C:/Users/marda/Downloads/arm-gnu-toolchain-15.2.rel1-mingw-w64-x86_64-arm-none-eabi/bin/../lib/gcc/arm-none-eabi/15.2.1/../../../../arm-none-eabi/lib/thumb/v7e-m+fp/hard\libc_nano.a(libc_a-nano-vfprintf_i.o)
                0x0801b610                _printf_i
 .text.__sflush_r
                0x0801b864      0x100 C:/Users/marda/Downloads/arm-gnu-toolchain-15.2.rel1-mingw-w64-x86_64-arm-none-eabi/bin/../lib/gcc/arm-none-eabi/15.2.1/../../../../arm-none-eabi/lib/thumb/v7e-m+fp/hard\libc_nano.a(libc_a-fflush.o)
                0x0801b864                __sflush_r
 .text._fflush_r
                0x0801b964       0x50 C:/Users/marda/Downloads/arm-gnu-toolchain-15.2.rel1-mingw-w64-x86_64-arm-none-eabi/bin/../lib/gcc/arm-none-eabi/15.2.1/../../../../arm-none-eabi/lib/thumb/v7e-m+fp/hard\libc_nano.a(libc_a-fflush.o)
                0x0801b964                _fflush_r
 .text.__swbuf_r
                0x0801b9b4       0x7a C:/Users/marda/Downloads/arm-gnu-toolchain-15.2.rel1-mingw-w64-x86_64-arm-none-eabi/bin/../lib/gcc/arm-none-eabi/15.2.1/../../../../arm-none-eabi/lib/thumb/v7e-m+fp/hard\libc_nano.a(libc_a-wbuf.o)
                0x0801b9b4                __swbuf_r
 *fill*         0x0801ba2e        0x2 
 .text.__swsetup_r
                0x0801ba30       0xa8 C:/Users/marda/Downloads/arm-gnu-toolchain-15.2.rel1-mingw-w64-x86_64-arm-none-eabi/bin/../lib/gcc/arm-none-eabi/15.2.1/../../../../arm-none-eabi/lib/thumb/v7e-m+fp/hard\libc_nano.a(libc_a-wsetup.o)
                0x0801ba30                __swsetup_r
 .text._raise_r
                0x0801bad8       0x50 C:/Users/marda/Downloads/arm-gnu-toolchain-15.2.rel1-mingw-w64-x86_64-arm-none-eabi/bin/../lib/gcc/arm-none-eabi/15.2.1/../../../../arm-none-eabi/lib/thumb/v7e-m+fp/hard\libc_nano.a(libc_a-signal.o)
                0x0801bad8                _raise_r
 .text.raise    0x0801bb28       0x10 C:/Users/marda/Downloads/arm-gnu-toolchain-15.2.rel1-mingw-w64-x86_64-arm-none-eabi/bin/../lib/gcc/arm-none-eabi/15.2.1/../../../../arm-none-eabi/lib/thumb/v7e-m+fp/hard\libc_nano.a(libc_a-signal.o)
                0x0801bb28                raise
 .text._kill_r  0x0801bb38       0x24 C:/Users/marda/Downloads/arm-gnu-toolchain-15.2.rel1-mingw-w64-x86_64-arm-none-eabi/bin/../lib/gcc/arm-none-eabi/15.2.1/../../../../arm-none-eabi/lib/thumb/v7e-m+fp/hard\libc_nano.a(libc_a-signalr.o)
                0x0801bb38                _kill_r
 .text._getpid_r
                0x0801bb5c        0x4 C:/Users/marda/Downloads/arm-gnu-toolchain-15.2.rel1-mingw-w64-x86_64-arm-none-eabi/bin/../lib/gcc/arm-none-eabi/15.2.1/../../../../arm-none-eabi/lib/thumb/v7e-m+fp/hard\libc_nano.a(libc_a-signalr.o)
                0x0801bb5c                _getpid_r
 .text.__swhatbuf_r
                0x0801bb60       0x48 C:/Users/marda/Downloads/arm-gnu-toolchain-15.2.rel1-mingw-w64-x86_64-arm-none-eabi/bin/../lib/gcc/arm-none-eabi/15.2.1/../../../../arm-none-eabi/lib/thumb/v7e-m+fp/hard\libc_nano.a(libc_a-makebuf.o)
                0x0801bb60                __swhatbuf_r
 .text.__smakebuf_r
                0x0801bba8       0x72 C:/Users/marda/Downloads/arm-gnu-toolchain-15.2.rel1-mingw-w64-x86_64-arm-none-eabi/bin/../lib/gcc/arm-none-eabi/15.2.1/../../../../arm-none-eabi/lib/thumb/v7e-m+fp/hard\libc_nano.a(libc_a-makebuf.o)
                0x0801bba8                __smakebuf_r
 *fill*         0x0801bc1a        0x2 
 .text._fstat_r
                0x0801bc1c       0x24 C:/Users/marda/Downloads/arm-gnu-toolchain-15.2.rel1-mingw-w64-x86_64-arm-none-eabi/bin/../lib/gcc/arm-none-eabi/15.2.1/../../../../arm-none-eabi/lib/thumb/v7e-m+fp/hard\libc_nano.a(libc_a-fstatr.o)
                0x0801bc1c                _fstat_r
 .text._isatty_r
                0x0801bc40       0x20 C:/Users/marda/Downloads/arm-gnu-toolchain-15.2.rel1-mingw-w64-x86_64-arm-none-eabi/bin/../lib/gcc/arm-none-eabi/15.2.1/../../../../arm-none-eabi/lib/thumb/v7e-m+fp/hard\libc_nano.a(libc_a-isattyr.o)
                0x0801bc40                _isatty_r
 .text.__udivmoddi4
                0x0801bc60      0x320 C:/Users/marda/Downloads/arm-gnu-toolchain-15.2.rel1-mingw-w64-x86_64-arm-none-eabi/bin/../lib/gcc/arm-none-eabi/15.2.1/thumb/v7e-m+fp/hard\libgcc.a(_udivmoddi4.o)
                0x0801bc60                __udivmoddi4
 *(.glue_7)
 .glue_7        0x0801bf80        0x0 linker stubs
 *(.glue_7t)
 .glue_7t       0x0801bf80        0x0 linker stubs
 *(.eh_frame)
 .eh_frame      0x0801bf80        0x0 C:/Users/marda/Downloads/arm-gnu-toolchain-15.2.rel1-mingw-w64-x86_64-arm-none-eabi/bin/../lib/gcc/arm-none-eabi/15.2.1/thumb/v7e-m+fp/hard/crtbegin.o
 *(.init)
 .init          0x0801bf80        0x4 C:/Users/marda/Downloads/arm-gnu-toolchain-15.2.rel1-mingw-w64-x86_64-arm-none-eabi/bin/../lib/gcc/arm-none-eabi/15.2.1/thumb/v7e-m+fp/hard/crti.o
                0x0801bf80                _init
 .init          0x0801bf84        0x8 C:/Users/marda/Downloads/arm-gnu-toolchain-15.2.rel1-mingw-w64-x86_64-arm-none-eabi/bin/../lib/gcc/arm-none-eabi/15.2.1/thumb/v7e-m+fp/hard/crtn.o
 *(.fini)
 .fini          0x0801bf8c        0x4 C:/Users/marda/Downloads/arm-gnu-toolchain-15.2.rel1-mingw-w64-x86_64-arm-none-eabi/bin/../lib/gcc/arm-none-eabi/15.2.1/thumb/v7e-m+fp/hard/crti.o
                0x0801bf8c                _fini
 .fini          0x0801bf90        0x8 C:/Users/marda/Downloads/arm-gnu-toolchain-15.2.rel1-mingw-w64-x86_64-arm-none-eabi/bin/../lib/gcc/arm-none-eabi/15.2.1/thumb/v7e-m+fp/hard/crtn.o
                0x0801bf98                        . = ALIGN (0x4)
                0x0801bf98                        _etext = .

.vfp11_veneer   0x0801bf98        0x0
 .vfp11_veneer  0x0801bf98        0x0 linker stubs

.v4_bx          0x0801bf98        0x0
 .v4_bx         0x0801bf98        0x0 linker stubs

.iplt           0x0801bf98        0x0
 .iplt          0x0801bf98        0x0 C:/Users/marda/Downloads/arm-gnu-toolchain-15.2.rel1-mingw-w64-x86_64-arm-none-eabi/bin/../lib/gcc/arm-none-eabi/15.2.1/thumb/v7e-m+fp/hard/crtbegin.o

.rodata         0x0801bf98      0x840
                0x0801bf98                        . = ALIGN (0x4)
 *(.rodata)
 .rodata        0x0801bf98       0x2c ./Libs/tinycrypt/Src/aes_encrypt.o
 *(.rodata*)
 .rodata.public_key_y
                0x0801bfc4       0x20 ./Core/Src/keys.o
                0x0801bfc4                public_key_y
 .rodata.public_key_x
                0x0801bfe4       0x20 ./Core/Src/keys.o
                0x0801bfe4                public_key_x
 .rodata.AES_SECRET_KEY
                0x0801c004       0x10 ./Core/Src/keys.o
                0x0801c004                AES_SECRET_KEY
 .rodata.main.str1.1
                0x0801c014      0x3a3 ./Core/Src/main.o
                                0x17a (size before relaxing)
 .rodata.print_hardfault_reason.str1.1
                0x0801c3b7        0x0 ./Core/Src/main.o
                                0x192 (size before relaxing)
 .rodata.APBPrescTable
                0x0801c3b7        0x8 ./Core/Src/system_stm32f7xx.o
                0x0801c3b7                APBPrescTable
 .rodata.AHBPrescTable
                0x0801c3bf       0x10 ./Core/Src/system_stm32f7xx.o
                0x0801c3bf                AHBPrescTable
 .rodata._tfp_print_unsigned.str1.1
                0x0801c3cf        0x0 ./Core/Src/tiny_printf.o
                                 0x11 (size before relaxing)
 .rodata.LZ4_renormDictT.str1.1
                0x0801c3cf        0x0 ./Libs/lz4/Src/lz4.o
                                 0x24 (size before relaxing)
 .rodata.LZ4_decompress_safe_withSmallPrefix.str1.1
                0x0801c3cf        0x0 ./Libs/lz4/Src/lz4.o
                                 0x2f (size before relaxing)
 .rodata.__func__.8
                0x0801c3cf       0x17 ./Libs/lz4/Src/lz4.o
 *fill*         0x0801c3e6        0x2 
 .rodata.dec64table
                0x0801c3e8       0x20 ./Libs/lz4/Src/lz4.o
 .rodata.inc32table
                0x0801c408       0x20 ./Libs/lz4/Src/lz4.o
 .rodata.inv_sbox
                0x0801c428      0x100 ./Libs/tinycrypt/Src/aes_decrypt.o
 .rodata.sbox   0x0801c528      0x100 ./Libs/tinycrypt/Src/aes_encrypt.o
 .rodata.curve_secp256r1
                0x0801c628       0xb0 ./Libs/tinycrypt/Src/ecc.o
 .rodata.k256   0x0801c6d8      0x100 ./Libs/tinycrypt/Src/sha256.o
 .rodata.__assert_func.str1.1
                0x0801c7d8        0x0 C:/Users/marda/Downloads/arm-gnu-toolchain-15.2.rel1-mingw-w64-x86_64-arm-none-eabi/bin/../lib/gcc/arm-none-eabi/15.2.1/../../../../arm-none-eabi/lib/thumb/v7e-m+fp/hard\libc_nano.a(libc_a-assert.o)
                                 0x3d (size before relaxing)
 .rodata._vfprintf_r.str1.1
                0x0801c7d8        0x0 C:/Users/marda/Downloads/arm-gnu-toolchain-15.2.rel1-mingw-w64-x86_64-arm-none-eabi/bin/../lib/gcc/arm-none-eabi/15.2.1/../../../../arm-none-eabi/lib/thumb/v7e-m+fp/hard\libc_nano.a(libc_a-nano-vfprintf.o)
                                 0x11 (size before relaxing)
 .rodata._printf_i.str1.1
                0x0801c7d8        0x0 C:/Users/marda/Downloads/arm-gnu-toolchain-15.2.rel1-mingw-w64-x86_64-arm-none-eabi/bin/../lib/gcc/arm-none-eabi/15.2.1/../../../../arm-none-eabi/lib/thumb/v7e-m+fp/hard\libc_nano.a(libc_a-nano-vfprintf_i.o)
                                 0x22 (size before relaxing)
                0x0801c7d8                        . = ALIGN (0x4)

.ARM.extab      0x0801c7d8        0x0
                0x0801c7d8                        . = ALIGN (0x4)
 *(.ARM.extab* .gnu.linkonce.armextab.*)
                0x0801c7d8                        . = ALIGN (0x4)

.ARM            0x0801c7d8        0x8
                0x0801c7d8                        . = ALIGN (0x4)
                0x0801c7d8                        __exidx_start = .
 *(.ARM.exidx*)
 .ARM.exidx     0x0801c7d8        0x8 C:/Users/marda/Downloads/arm-gnu-toolchain-15.2.rel1-mingw-w64-x86_64-arm-none-eabi/bin/../lib/gcc/arm-none-eabi/15.2.1/../../../../arm-none-eabi/lib/thumb/v7e-m+fp/hard\libc_nano.a(libc_a-memchr.o)
 .ARM.exidx.text.__udivmoddi4
                0x0801c7e0        0x0 C:/Users/marda/Downloads/arm-gnu-toolchain-15.2.rel1-mingw-w64-x86_64-arm-none-eabi/bin/../lib/gcc/arm-none-eabi/15.2.1/thumb/v7e-m+fp/hard\libgcc.a(_udivmoddi4.o)
                                  0x8 (size before relaxing)
                0x0801c7e0                        __exidx_end = .
                0x0801c7e0                        . = ALIGN (0x4)

.preinit_array  0x0801c7e0        0x0
                0x0801c7e0                        . = ALIGN (0x4)
                0x0801c7e0                        PROVIDE (__preinit_array_start = .)
 *(.preinit_array*)
                0x0801c7e0                        PROVIDE (__preinit_array_end = .)
                0x0801c7e0                        . = ALIGN (0x4)

.init_array     0x0801c7e0        0x4
                0x0801c7e0                        . = ALIGN (0x4)
                0x0801c7e0                        PROVIDE (__init_array_start = .)
 *(SORT_BY_NAME(.init_array.*))
 *(.init_array*)
 .init_array    0x0801c7e0        0x4 C:/Users/marda/Downloads/arm-gnu-toolchain-15.2.rel1-mingw-w64-x86_64-arm-none-eabi/bin/../lib/gcc/arm-none-eabi/15.2.1/thumb/v7e-m+fp/hard/crtbegin.o
                0x0801c7e4                        PROVIDE (__init_array_end = .)
                0x0801c7e4                        . = ALIGN (0x4)

.fini_array     0x0801c7e4        0x4
                0x0801c7e4                        . = ALIGN (0x4)
                [!provide]                        PROVIDE (__fini_array_start = .)
 *(SORT_BY_NAME(.fini_array.*))
 *(.fini_array*)
 .fini_array    0x0801c7e4        0x4 C:/Users/marda/Downloads/arm-gnu-toolchain-15.2.rel1-mingw-w64-x86_64-arm-none-eabi/bin/../lib/gcc/arm-none-eabi/15.2.1/thumb/v7e-m+fp/hard/crtbegin.o
                [!provide]                        PROVIDE (__fini_array_end = .)
                0x0801c7e8                        . = ALIGN (0x4)
                0x0801c7e8                        _sidata = LOADADDR (.data)

.rel.dyn        0x0801c7e8        0x0
 .rel.iplt      0x0801c7e8        0x0 C:/Users/marda/Downloads/arm-gnu-toolchain-15.2.rel1-mingw-w64-x86_64-arm-none-eabi/bin/../lib/gcc/arm-none-eabi/15.2.1/thumb/v7e-m+fp/hard/crtbegin.o

.data           0x20000000       0x68 load address 0x0801c7e8
                0x20000000                        . = ALIGN (0x4)
                0x20000000                        _sdata = .
 *(.data)
 *(.data*)
 .data.SystemCoreClock
                0x20000000        0x4 ./Core/Src/system_stm32f7xx.o
                0x20000000                SystemCoreClock
 .data.uwTickFreq
                0x20000004        0x1 ./Drivers/STM32F7xx_HAL_Driver/Src/stm32f7xx_hal.o
                0x20000004                uwTickFreq
 *fill*         0x20000005        0x3 
 .data.uwTickPrio
                0x20000008        0x4 ./Drivers/STM32F7xx_HAL_Driver/Src/stm32f7xx_hal.o
                0x20000008                uwTickPrio
 .data.__sglue  0x2000000c        0xc C:/Users/marda/Downloads/arm-gnu-toolchain-15.2.rel1-mingw-w64-x86_64-arm-none-eabi/bin/../lib/gcc/arm-none-eabi/15.2.1/../../../../arm-none-eabi/lib/thumb/v7e-m+fp/hard\libc_nano.a(libc_a-findfp.o)
                0x2000000c                __sglue
 .data._impure_ptr
                0x20000018        0x4 C:/Users/marda/Downloads/arm-gnu-toolchain-15.2.rel1-mingw-w64-x86_64-arm-none-eabi/bin/../lib/gcc/arm-none-eabi/15.2.1/../../../../arm-none-eabi/lib/thumb/v7e-m+fp/hard\libc_nano.a(libc_a-impure.o)
                0x20000018                _impure_ptr
 .data._impure_data
                0x2000001c       0x4c C:/Users/marda/Downloads/arm-gnu-toolchain-15.2.rel1-mingw-w64-x86_64-arm-none-eabi/bin/../lib/gcc/arm-none-eabi/15.2.1/../../../../arm-none-eabi/lib/thumb/v7e-m+fp/hard\libc_nano.a(libc_a-impure.o)
                0x2000001c                _impure_data
 *(.RamFunc)
 *(.RamFunc*)
                0x20000068                        . = ALIGN (0x4)
                0x20000068                        _edata = .

.tm_clone_table
                0x20000068        0x0 load address 0x0801c850
 .tm_clone_table
                0x20000068        0x0 C:/Users/marda/Downloads/arm-gnu-toolchain-15.2.rel1-mingw-w64-x86_64-arm-none-eabi/bin/../lib/gcc/arm-none-eabi/15.2.1/thumb/v7e-m+fp/hard/crtbegin.o
 .tm_clone_table
                0x20000068        0x0 C:/Users/marda/Downloads/arm-gnu-toolchain-15.2.rel1-mingw-w64-x86_64-arm-none-eabi/bin/../lib/gcc/arm-none-eabi/15.2.1/thumb/v7e-m+fp/hard/crtend.o

.igot.plt       0x20000068        0x0 load address 0x0801c850
 .igot.plt      0x20000068        0x0 C:/Users/marda/Downloads/arm-gnu-toolchain-15.2.rel1-mingw-w64-x86_64-arm-none-eabi/bin/../lib/gcc/arm-none-eabi/15.2.1/thumb/v7e-m+fp/hard/crtbegin.o
                0x20000068                        . = ALIGN (0x4)

.bss            0x20000068     0x1a38 load address 0x0801c850
                0x20000068                        _sbss = .
                0x20000068                        __bss_start__ = _sbss
 *(.bss)
 *(.bss*)
 .bss.completed.1
                0x20000068        0x1 C:/Users/marda/Downloads/arm-gnu-toolchain-15.2.rel1-mingw-w64-x86_64-arm-none-eabi/bin/../lib/gcc/arm-none-eabi/15.2.1/thumb/v7e-m+fp/hard/crtbegin.o
 *fill*         0x20000069        0x3 
 .bss.object.0  0x2000006c       0x18 C:/Users/marda/Downloads/arm-gnu-toolchain-15.2.rel1-mingw-w64-x86_64-arm-none-eabi/bin/../lib/gcc/arm-none-eabi/15.2.1/thumb/v7e-m+fp/hard/crtbegin.o
 .bss.raw_buffer.0
                0x20000084     0x1000 ./Core/Src/BL_Update_Part.o
 .bss.dec_buffer.1
                0x20001084      0x400 ./Core/Src/BL_Update_Part.o
 .bss.enc_buffer.2
                0x20001484      0x400 ./Core/Src/BL_Update_Part.o
 .bss.huart1    0x20001884       0x88 ./Core/Src/main.o
                0x20001884                huart1
 .bss.hrtc      0x2000190c       0x20 ./Core/Src/main.o
                0x2000190c                hrtc
 .bss.__sbrk_heap_end
                0x2000192c        0x4 ./Core/Src/sysmem.o
 .bss.g_uart_handle
                0x20001930        0x4 ./Core/Src/tiny_printf.o
 .bss.uwTick    0x20001934        0x4 ./Drivers/STM32F7xx_HAL_Driver/Src/stm32f7xx_hal.o
                0x20001934                uwTick
 .bss.pFlash    0x20001938       0x1c ./Drivers/STM32F7xx_HAL_Driver/Src/stm32f7xx_hal_flash.o
                0x20001938                pFlash
 .bss.__malloc_sbrk_start
                0x20001954        0x4 C:/Users/marda/Downloads/arm-gnu-toolchain-15.2.rel1-mingw-w64-x86_64-arm-none-eabi/bin/../lib/gcc/arm-none-eabi/15.2.1/../../../../arm-none-eabi/lib/thumb/v7e-m+fp/hard\libc_nano.a(libc_a-mallocr.o)
                0x20001954                __malloc_sbrk_start
 .bss.__malloc_free_list
                0x20001958        0x4 C:/Users/marda/Downloads/arm-gnu-toolchain-15.2.rel1-mingw-w64-x86_64-arm-none-eabi/bin/../lib/gcc/arm-none-eabi/15.2.1/../../../../arm-none-eabi/lib/thumb/v7e-m+fp/hard\libc_nano.a(libc_a-mallocr.o)
                0x20001958                __malloc_free_list
 .bss.__sf      0x2000195c      0x138 C:/Users/marda/Downloads/arm-gnu-toolchain-15.2.rel1-mingw-w64-x86_64-arm-none-eabi/bin/../lib/gcc/arm-none-eabi/15.2.1/../../../../arm-none-eabi/lib/thumb/v7e-m+fp/hard\libc_nano.a(libc_a-findfp.o)
                0x2000195c                __sf
 .bss.__stdio_exit_handler
                0x20001a94        0x4 C:/Users/marda/Downloads/arm-gnu-toolchain-15.2.rel1-mingw-w64-x86_64-arm-none-eabi/bin/../lib/gcc/arm-none-eabi/15.2.1/../../../../arm-none-eabi/lib/thumb/v7e-m+fp/hard\libc_nano.a(libc_a-findfp.o)
                0x20001a94                __stdio_exit_handler
 .bss.errno     0x20001a98        0x4 C:/Users/marda/Downloads/arm-gnu-toolchain-15.2.rel1-mingw-w64-x86_64-arm-none-eabi/bin/../lib/gcc/arm-none-eabi/15.2.1/../../../../arm-none-eabi/lib/thumb/v7e-m+fp/hard\libc_nano.a(libc_a-reent.o)
                0x20001a98                errno
 .bss.__lock___malloc_recursive_mutex
                0x20001a9c        0x1 C:/Users/marda/Downloads/arm-gnu-toolchain-15.2.rel1-mingw-w64-x86_64-arm-none-eabi/bin/../lib/gcc/arm-none-eabi/15.2.1/../../../../arm-none-eabi/lib/thumb/v7e-m+fp/hard\libc_nano.a(libc_a-lock.o)
                0x20001a9c                __lock___malloc_recursive_mutex
 .bss.__lock___sfp_recursive_mutex
                0x20001a9d        0x1 C:/Users/marda/Downloads/arm-gnu-toolchain-15.2.rel1-mingw-w64-x86_64-arm-none-eabi/bin/../lib/gcc/arm-none-eabi/15.2.1/../../../../arm-none-eabi/lib/thumb/v7e-m+fp/hard\libc_nano.a(libc_a-lock.o)
                0x20001a9d                __lock___sfp_recursive_mutex
 *(COMMON)
                0x20001aa0                        . = ALIGN (0x4)
 *fill*         0x20001a9e        0x2 
                0x20001aa0                        _ebss = .
                0x20001aa0                        __bss_end__ = _ebss

._user_heap_stack
                0x20001aa0      0x600 load address 0x0801c850
                0x20001aa0                        . = ALIGN (0x8)
                [!provide]                        PROVIDE (end = .)
                0x20001aa0                        PROVIDE (_end = .)
                0x20001ca0                        . = (. + _Min_Heap_Size)
 *fill*         0x20001aa0      0x200 
                0x200020a0                        . = (. + _Min_Stack_Size)
 *fill*         0x20001ca0      0x400 
                0x200020a0                        . = ALIGN (0x8)

/DISCARD/
 libc.a(*)
 libm.a(*)
 libgcc.a(*)

.ARM.attributes
                0x00000000       0x30
 *(.ARM.attributes)
 .ARM.attributes
                0x00000000       0x22 C:/Users/marda/Downloads/arm-gnu-toolchain-15.2.rel1-mingw-w64-x86_64-arm-none-eabi/bin/../lib/gcc/arm-none-eabi/15.2.1/thumb/v7e-m+fp/hard/crti.o
 .ARM.attributes
                0x00000022       0x34 C:/Users/marda/Downloads/arm-gnu-toolchain-15.2.rel1-mingw-w64-x86_64-arm-none-eabi/bin/../lib/gcc/arm-none-eabi/15.2.1/thumb/v7e-m+fp/hard/crtbegin.o
 .ARM.attributes
                0x00000056       0x34 ./Core/Src/BL_Functions.o
 .ARM.attributes
                0x0000008a       0x34 ./Core/Src/BL_Update_Part.o
 .ARM.attributes
                0x000000be       0x34 ./Core/Src/jump_to_app.o
 .ARM.attributes
                0x000000f2       0x34 ./Core/Src/keys.o
 .ARM.attributes
                0x00000126       0x34 ./Core/Src/main.o
 .ARM.attributes
                0x0000015a       0x34 ./Core/Src/stm32f7xx_hal_msp.o
 .ARM.attributes
                0x0000018e       0x34 ./Core/Src/stm32f7xx_it.o
 .ARM.attributes
                0x000001c2       0x34 ./Core/Src/syscalls.o
 .ARM.attributes
                0x000001f6       0x34 ./Core/Src/sysmem.o
 .ARM.attributes
                0x0000022a       0x34 ./Core/Src/system_stm32f7xx.o
 .ARM.attributes
                0x0000025e       0x34 ./Core/Src/tiny_printf.o
 .ARM.attributes
                0x00000292       0x21 ./Core/Startup/startup_stm32f746nghx.o
 .ARM.attributes
                0x000002b3       0x34 ./Drivers/STM32F7xx_HAL_Driver/Src/stm32f7xx_hal.o
 .ARM.attributes
                0x000002e7       0x34 ./Drivers/STM32F7xx_HAL_Driver/Src/stm32f7xx_hal_cortex.o
 .ARM.attributes
                0x0000031b       0x34 ./Drivers/STM32F7xx_HAL_Driver/Src/stm32f7xx_hal_flash.o
 .ARM.attributes
                0x0000034f       0x34 ./Drivers/STM32F7xx_HAL_Driver/Src/stm32f7xx_hal_flash_ex.o
 .ARM.attributes
                0x00000383       0x34 ./Drivers/STM32F7xx_HAL_Driver/Src/stm32f7xx_hal_gpio.o
 .ARM.attributes
                0x000003b7       0x34 ./Drivers/STM32F7xx_HAL_Driver/Src/stm32f7xx_hal_pwr.o
 .ARM.attributes
                0x000003eb       0x34 ./Drivers/STM32F7xx_HAL_Driver/Src/stm32f7xx_hal_pwr_ex.o
 .ARM.attributes
                0x0000041f       0x34 ./Drivers/STM32F7xx_HAL_Driver/Src/stm32f7xx_hal_rcc.o
 .ARM.attributes
                0x00000453       0x34 ./Drivers/STM32F7xx_HAL_Driver/Src/stm32f7xx_hal_rcc_ex.o
 .ARM.attributes
                0x00000487       0x34 ./Drivers/STM32F7xx_HAL_Driver/Src/stm32f7xx_hal_rtc.o
 .ARM.attributes
                0x000004bb       0x34 ./Drivers/STM32F7xx_HAL_Driver/Src/stm32f7xx_hal_rtc_ex.o
 .ARM.attributes
                0x000004ef       0x34 ./Drivers/STM32F7xx_HAL_Driver/Src/stm32f7xx_hal_uart.o
 .ARM.attributes
                0x00000523       0x34 ./Libs/lz4/Src/lz4.o
 .ARM.attributes
                0x00000557       0x34 ./Libs/tinycrypt/Src/aes_decrypt.o
 .ARM.attributes
                0x0000058b       0x34 ./Libs/tinycrypt/Src/aes_encrypt.o
 .ARM.attributes
                0x000005bf       0x34 ./Libs/tinycrypt/Src/cbc_mode.o
 .ARM.attributes
                0x000005f3       0x34 ./Libs/tinycrypt/Src/ecc.o
 .ARM.attributes
                0x00000627       0x34 ./Libs/tinycrypt/Src/ecc_dsa.o
 .ARM.attributes
                0x0000065b       0x34 ./Libs/tinycrypt/Src/sha256.o
 .ARM.attributes
                0x0000068f       0x34 ./Libs/tinycrypt/Src/utils.o
 .ARM.attributes
                0x000006c3       0x34 C:/Users/marda/Downloads/arm-gnu-toolchain-15.2.rel1-mingw-w64-x86_64-arm-none-eabi/bin/../lib/gcc/arm-none-eabi/15.2.1/../../../../arm-none-eabi/lib/thumb/v7e-m+fp/hard\libc_nano.a(libc_a-assert.o)
 .ARM.attributes
                0x000006f7       0x34 C:/Users/marda/Downloads/arm-gnu-toolchain-15.2.rel1-mingw-w64-x86_64-arm-none-eabi/bin/../lib/gcc/arm-none-eabi/15.2.1/../../../../arm-none-eabi/lib/thumb/v7e-m+fp/hard\libc_nano.a(libc_a-mallocr.o)
 .ARM.attributes
                0x0000072b       0x34 C:/Users/marda/Downloads/arm-gnu-toolchain-15.2.rel1-mingw-w64-x86_64-arm-none-eabi/bin/../lib/gcc/arm-none-eabi/15.2.1/../../../../arm-none-eabi/lib/thumb/v7e-m+fp/hard\libc_nano.a(libc_a-mlock.o)
 .ARM.attributes
                0x0000075f       0x34 C:/Users/marda/Downloads/arm-gnu-toolchain-15.2.rel1-mingw-w64-x86_64-arm-none-eabi/bin/../lib/gcc/arm-none-eabi/15.2.1/../../../../arm-none-eabi/lib/thumb/v7e-m+fp/hard\libc_nano.a(libc_a-findfp.o)
 .ARM.attributes
                0x00000793       0x34 C:/Users/marda/Downloads/arm-gnu-toolchain-15.2.rel1-mingw-w64-x86_64-arm-none-eabi/bin/../lib/gcc/arm-none-eabi/15.2.1/../../../../arm-none-eabi/lib/thumb/v7e-m+fp/hard\libc_nano.a(libc_a-fprintf.o)
 .ARM.attributes
                0x000007c7       0x34 C:/Users/marda/Downloads/arm-gnu-toolchain-15.2.rel1-mingw-w64-x86_64-arm-none-eabi/bin/../lib/gcc/arm-none-eabi/15.2.1/../../../../arm-none-eabi/lib/thumb/v7e-m+fp/hard\libc_nano.a(libc_a-fwalk.o)
 .ARM.attributes
                0x000007fb       0x34 C:/Users/marda/Downloads/arm-gnu-toolchain-15.2.rel1-mingw-w64-x86_64-arm-none-eabi/bin/../lib/gcc/arm-none-eabi/15.2.1/../../../../arm-none-eabi/lib/thumb/v7e-m+fp/hard\libc_nano.a(libc_a-stdio.o)
 .ARM.attributes
                0x0000082f       0x34 C:/Users/marda/Downloads/arm-gnu-toolchain-15.2.rel1-mingw-w64-x86_64-arm-none-eabi/bin/../lib/gcc/arm-none-eabi/15.2.1/../../../../arm-none-eabi/lib/thumb/v7e-m+fp/hard\libc_nano.a(libc_a-memmove.o)
 .ARM.attributes
                0x00000863       0x34 C:/Users/marda/Downloads/arm-gnu-toolchain-15.2.rel1-mingw-w64-x86_64-arm-none-eabi/bin/../lib/gcc/arm-none-eabi/15.2.1/../../../../arm-none-eabi/lib/thumb/v7e-m+fp/hard\libc_nano.a(libc_a-memset.o)
 .ARM.attributes
                0x00000897       0x34 C:/Users/marda/Downloads/arm-gnu-toolchain-15.2.rel1-mingw-w64-x86_64-arm-none-eabi/bin/../lib/gcc/arm-none-eabi/15.2.1/../../../../arm-none-eabi/lib/thumb/v7e-m+fp/hard\libc_nano.a(libc_a-closer.o)
 .ARM.attributes
                0x000008cb       0x34 C:/Users/marda/Downloads/arm-gnu-toolchain-15.2.rel1-mingw-w64-x86_64-arm-none-eabi/bin/../lib/gcc/arm-none-eabi/15.2.1/../../../../arm-none-eabi/lib/thumb/v7e-m+fp/hard\libc_nano.a(libc_a-reent.o)
 .ARM.attributes
                0x000008ff       0x34 C:/Users/marda/Downloads/arm-gnu-toolchain-15.2.rel1-mingw-w64-x86_64-arm-none-eabi/bin/../lib/gcc/arm-none-eabi/15.2.1/../../../../arm-none-eabi/lib/thumb/v7e-m+fp/hard\libc_nano.a(libc_a-impure.o)
 .ARM.attributes
                0x00000933       0x34 C:/Users/marda/Downloads/arm-gnu-toolchain-15.2.rel1-mingw-w64-x86_64-arm-none-eabi/bin/../lib/gcc/arm-none-eabi/15.2.1/../../../../arm-none-eabi/lib/thumb/v7e-m+fp/hard\libc_nano.a(libc_a-lseekr.o)
 .ARM.attributes
                0x00000967       0x34 C:/Users/marda/Downloads/arm-gnu-toolchain-15.2.rel1-mingw-w64-x86_64-arm-none-eabi/bin/../lib/gcc/arm-none-eabi/15.2.1/../../../../arm-none-eabi/lib/thumb/v7e-m+fp/hard\libc_nano.a(libc_a-readr.o)
 .ARM.attributes
                0x0000099b       0x34 C:/Users/marda/Downloads/arm-gnu-toolchain-15.2.rel1-mingw-w64-x86_64-arm-none-eabi/bin/../lib/gcc/arm-none-eabi/15.2.1/../../../../arm-none-eabi/lib/thumb/v7e-m+fp/hard\libc_nano.a(libc_a-sbrkr.o)
 .ARM.attributes
                0x000009cf       0x34 C:/Users/marda/Downloads/arm-gnu-toolchain-15.2.rel1-mingw-w64-x86_64-arm-none-eabi/bin/../lib/gcc/arm-none-eabi/15.2.1/../../../../arm-none-eabi/lib/thumb/v7e-m+fp/hard\libc_nano.a(libc_a-writer.o)
 .ARM.attributes
                0x00000a03       0x34 C:/Users/marda/Downloads/arm-gnu-toolchain-15.2.rel1-mingw-w64-x86_64-arm-none-eabi/bin/../lib/gcc/arm-none-eabi/15.2.1/../../../../arm-none-eabi/lib/thumb/v7e-m+fp/hard\libc_nano.a(libc_a-errno.o)
 .ARM.attributes
                0x00000a37       0x34 C:/Users/marda/Downloads/arm-gnu-toolchain-15.2.rel1-mingw-w64-x86_64-arm-none-eabi/bin/../lib/gcc/arm-none-eabi/15.2.1/../../../../arm-none-eabi/lib/thumb/v7e-m+fp/hard\libc_nano.a(libc_a-init.o)
 .ARM.attributes
                0x00000a6b       0x34 C:/Users/marda/Downloads/arm-gnu-toolchain-15.2.rel1-mingw-w64-x86_64-arm-none-eabi/bin/../lib/gcc/arm-none-eabi/15.2.1/../../../../arm-none-eabi/lib/thumb/v7e-m+fp/hard\libc_nano.a(libc_a-lock.o)
 .ARM.attributes
                0x00000a9f       0x34 C:/Users/marda/Downloads/arm-gnu-toolchain-15.2.rel1-mingw-w64-x86_64-arm-none-eabi/bin/../lib/gcc/arm-none-eabi/15.2.1/../../../../arm-none-eabi/lib/thumb/v7e-m+fp/hard\libc_nano.a(libc_a-memcpy-stub.o)
 .ARM.attributes
                0x00000ad3       0x34 C:/Users/marda/Downloads/arm-gnu-toolchain-15.2.rel1-mingw-w64-x86_64-arm-none-eabi/bin/../lib/gcc/arm-none-eabi/15.2.1/../../../../arm-none-eabi/lib/thumb/v7e-m+fp/hard\libc_nano.a(libc_a-abort.o)
 .ARM.attributes
                0x00000b07       0x34 C:/Users/marda/Downloads/arm-gnu-toolchain-15.2.rel1-mingw-w64-x86_64-arm-none-eabi/bin/../lib/gcc/arm-none-eabi/15.2.1/../../../../arm-none-eabi/lib/thumb/v7e-m+fp/hard\libc_nano.a(libc_a-freer.o)
 .ARM.attributes
                0x00000b3b       0x34 C:/Users/marda/Downloads/arm-gnu-toolchain-15.2.rel1-mingw-w64-x86_64-arm-none-eabi/bin/../lib/gcc/arm-none-eabi/15.2.1/../../../../arm-none-eabi/lib/thumb/v7e-m+fp/hard\libc_nano.a(libc_a-nano-vfprintf.o)
 .ARM.attributes
                0x00000b6f       0x34 C:/Users/marda/Downloads/arm-gnu-toolchain-15.2.rel1-mingw-w64-x86_64-arm-none-eabi/bin/../lib/gcc/arm-none-eabi/15.2.1/../../../../arm-none-eabi/lib/thumb/v7e-m+fp/hard\libc_nano.a(libc_a-nano-vfprintf_i.o)
 .ARM.attributes
                0x00000ba3       0x34 C:/Users/marda/Downloads/arm-gnu-toolchain-15.2.rel1-mingw-w64-x86_64-arm-none-eabi/bin/../lib/gcc/arm-none-eabi/15.2.1/../../../../arm-none-eabi/lib/thumb/v7e-m+fp/hard\libc_nano.a(libc_a-fflush.o)
 .ARM.attributes
                0x00000bd7       0x34 C:/Users/marda/Downloads/arm-gnu-toolchain-15.2.rel1-mingw-w64-x86_64-arm-none-eabi/bin/../lib/gcc/arm-none-eabi/15.2.1/../../../../arm-none-eabi/lib/thumb/v7e-m+fp/hard\libc_nano.a(libc_a-wbuf.o)
 .ARM.attributes
                0x00000c0b       0x34 C:/Users/marda/Downloads/arm-gnu-toolchain-15.2.rel1-mingw-w64-x86_64-arm-none-eabi/bin/../lib/gcc/arm-none-eabi/15.2.1/../../../../arm-none-eabi/lib/thumb/v7e-m+fp/hard\libc_nano.a(libc_a-wsetup.o)
 .ARM.attributes
                0x00000c3f       0x34 C:/Users/marda/Downloads/arm-gnu-toolchain-15.2.rel1-mingw-w64-x86_64-arm-none-eabi/bin/../lib/gcc/arm-none-eabi/15.2.1/../../../../arm-none-eabi/lib/thumb/v7e-m+fp/hard\libc_nano.a(libc_a-signal.o)
 .ARM.attributes
                0x00000c73       0x34 C:/Users/marda/Downloads/arm-gnu-toolchain-15.2.rel1-mingw-w64-x86_64-arm-none-eabi/bin/../lib/gcc/arm-none-eabi/15.2.1/../../../../arm-none-eabi/lib/thumb/v7e-m+fp/hard\libc_nano.a(libc_a-signalr.o)
 .ARM.attributes
                0x00000ca7       0x1c C:/Users/marda/Downloads/arm-gnu-toolchain-15.2.rel1-mingw-w64-x86_64-arm-none-eabi/bin/../lib/gcc/arm-none-eabi/15.2.1/../../../../arm-none-eabi/lib/thumb/v7e-m+fp/hard\libc_nano.a(libc_a-memchr.o)
 .ARM.attributes
                0x00000cc3       0x34 C:/Users/marda/Downloads/arm-gnu-toolchain-15.2.rel1-mingw-w64-x86_64-arm-none-eabi/bin/../lib/gcc/arm-none-eabi/15.2.1/../../../../arm-none-eabi/lib/thumb/v7e-m+fp/hard\libc_nano.a(libc_a-makebuf.o)
 .ARM.attributes
                0x00000cf7       0x34 C:/Users/marda/Downloads/arm-gnu-toolchain-15.2.rel1-mingw-w64-x86_64-arm-none-eabi/bin/../lib/gcc/arm-none-eabi/15.2.1/../../../../arm-none-eabi/lib/thumb/v7e-m+fp/hard\libc_nano.a(libc_a-fstatr.o)
 .ARM.attributes
                0x00000d2b       0x34 C:/Users/marda/Downloads/arm-gnu-toolchain-15.2.rel1-mingw-w64-x86_64-arm-none-eabi/bin/../lib/gcc/arm-none-eabi/15.2.1/../../../../arm-none-eabi/lib/thumb/v7e-m+fp/hard\libc_nano.a(libc_a-isattyr.o)
 .ARM.attributes
                0x00000d5f       0x22 C:/Users/marda/Downloads/arm-gnu-toolchain-15.2.rel1-mingw-w64-x86_64-arm-none-eabi/bin/../lib/gcc/arm-none-eabi/15.2.1/thumb/v7e-m+fp/hard\libgcc.a(_aeabi_uldivmod.o)
 .ARM.attributes
                0x00000d81       0x34 C:/Users/marda/Downloads/arm-gnu-toolchain-15.2.rel1-mingw-w64-x86_64-arm-none-eabi/bin/../lib/gcc/arm-none-eabi/15.2.1/thumb/v7e-m+fp/hard\libgcc.a(_udivmoddi4.o)
 .ARM.attributes
                0x00000db5       0x22 C:/Users/marda/Downloads/arm-gnu-toolchain-15.2.rel1-mingw-w64-x86_64-arm-none-eabi/bin/../lib/gcc/arm-none-eabi/15.2.1/thumb/v7e-m+fp/hard\libgcc.a(_dvmd_tls.o)
 .ARM.attributes
                0x00000dd7       0x34 C:/Users/marda/Downloads/arm-gnu-toolchain-15.2.rel1-mingw-w64-x86_64-arm-none-eabi/bin/../lib/gcc/arm-none-eabi/15.2.1/thumb/v7e-m+fp/hard/crtend.o
 .ARM.attributes
                0x00000e0b       0x22 C:/Users/marda/Downloads/arm-gnu-toolchain-15.2.rel1-mingw-w64-x86_64-arm-none-eabi/bin/../lib/gcc/arm-none-eabi/15.2.1/thumb/v7e-m+fp/hard/crtn.o
OUTPUT(BOOTLOADER_NEW.elf elf32-littlearm)
LOAD linker stubs
LOAD C:/Users/marda/Downloads/arm-gnu-toolchain-15.2.rel1-mingw-w64-x86_64-arm-none-eabi/bin/../lib/gcc/arm-none-eabi/15.2.1/../../../../arm-none-eabi/lib/thumb/v7e-m+fp/hard\libc.a
LOAD C:/Users/marda/Downloads/arm-gnu-toolchain-15.2.rel1-mingw-w64-x86_64-arm-none-eabi/bin/../lib/gcc/arm-none-eabi/15.2.1/../../../../arm-none-eabi/lib/thumb/v7e-m+fp/hard\libm.a
LOAD C:/Users/marda/Downloads/arm-gnu-toolchain-15.2.rel1-mingw-w64-x86_64-arm-none-eabi/bin/../lib/gcc/arm-none-eabi/15.2.1/thumb/v7e-m+fp/hard\libgcc.a

.debug_info     0x00000000    0x323cc
 .debug_info    0x00000000      0x75e ./Core/Src/BL_Functions.o
 .debug_info    0x0000075e      0xea5 ./Core/Src/BL_Update_Part.o
 .debug_info    0x00001603      0x680 ./Core/Src/jump_to_app.o
 .debug_info    0x00001c83      0x116 ./Core/Src/keys.o
 .debug_info    0x00001d99     0x1f0e ./Core/Src/main.o
 .debug_info    0x00003ca7     0x1162 ./Core/Src/stm32f7xx_hal_msp.o
 .debug_info    0x00004e09      0x126 ./Core/Src/stm32f7xx_it.o
 .debug_info    0x00004f2f      0x7b5 ./Core/Src/syscalls.o
 .debug_info    0x000056e4      0x175 ./Core/Src/sysmem.o
 .debug_info    0x00005859      0x706 ./Core/Src/system_stm32f7xx.o
 .debug_info    0x00005f5f      0x9d3 ./Core/Src/tiny_printf.o
 .debug_info    0x00006932       0x30 ./Core/Startup/startup_stm32f746nghx.o
 .debug_info    0x00006962      0xab0 ./Drivers/STM32F7xx_HAL_Driver/Src/stm32f7xx_hal.o
 .debug_info    0x00007412     0x1204 ./Drivers/STM32F7xx_HAL_Driver/Src/stm32f7xx_hal_cortex.o
 .debug_info    0x00008616      0x746 ./Drivers/STM32F7xx_HAL_Driver/Src/stm32f7xx_hal_flash.o
 .debug_info    0x00008d5c      0xa0b ./Drivers/STM32F7xx_HAL_Driver/Src/stm32f7xx_hal_flash_ex.o
 .debug_info    0x00009767      0x736 ./Drivers/STM32F7xx_HAL_Driver/Src/stm32f7xx_hal_gpio.o
 .debug_info    0x00009e9d      0x933 ./Drivers/STM32F7xx_HAL_Driver/Src/stm32f7xx_hal_pwr.o
 .debug_info    0x0000a7d0      0x9ae ./Drivers/STM32F7xx_HAL_Driver/Src/stm32f7xx_hal_pwr_ex.o
 .debug_info    0x0000b17e      0xb85 ./Drivers/STM32F7xx_HAL_Driver/Src/stm32f7xx_hal_rcc.o
 .debug_info    0x0000bd03      0x7ee ./Drivers/STM32F7xx_HAL_Driver/Src/stm32f7xx_hal_rcc_ex.o
 .debug_info    0x0000c4f1     0x107d ./Drivers/STM32F7xx_HAL_Driver/Src/stm32f7xx_hal_rtc.o
 .debug_info    0x0000d56e     0x1279 ./Drivers/STM32F7xx_HAL_Driver/Src/stm32f7xx_hal_rtc_ex.o
 .debug_info    0x0000e7e7     0x49cb ./Drivers/STM32F7xx_HAL_Driver/Src/stm32f7xx_hal_uart.o
 .debug_info    0x000131b2    0x18f69 ./Libs/lz4/Src/lz4.o
 .debug_info    0x0002c11b      0x7f3 ./Libs/tinycrypt/Src/aes_decrypt.o
 .debug_info    0x0002c90e      0x5eb ./Libs/tinycrypt/Src/aes_encrypt.o
 .debug_info    0x0002cef9      0x383 ./Libs/tinycrypt/Src/cbc_mode.o
 .debug_info    0x0002d27c     0x3388 ./Libs/tinycrypt/Src/ecc.o
 .debug_info    0x00030604     0x1341 ./Libs/tinycrypt/Src/ecc_dsa.o
 .debug_info    0x00031945      0x7b6 ./Libs/tinycrypt/Src/sha256.o
 .debug_info    0x000320fb      0x2d1 ./Libs/tinycrypt/Src/utils.o

.debug_abbrev   0x00000000     0x4ba0
 .debug_abbrev  0x00000000      0x25e ./Core/Src/BL_Functions.o
 .debug_abbrev  0x0000025e      0x327 ./Core/Src/BL_Update_Part.o
 .debug_abbrev  0x00000585      0x206 ./Core/Src/jump_to_app.o
 .debug_abbrev  0x0000078b       0x8f ./Core/Src/keys.o
 .debug_abbrev  0x0000081a      0x3f5 ./Core/Src/main.o
 .debug_abbrev  0x00000c0f      0x21d ./Core/Src/stm32f7xx_hal_msp.o
 .debug_abbrev  0x00000e2c       0xc2 ./Core/Src/stm32f7xx_it.o
 .debug_abbrev  0x00000eee      0x208 ./Core/Src/syscalls.o
 .debug_abbrev  0x000010f6       0xec ./Core/Src/sysmem.o
 .debug_abbrev  0x000011e2      0x141 ./Core/Src/system_stm32f7xx.o
 .debug_abbrev  0x00001323      0x2e5 ./Core/Src/tiny_printf.o
 .debug_abbrev  0x00001608       0x24 ./Core/Startup/startup_stm32f746nghx.o
 .debug_abbrev  0x0000162c      0x284 ./Drivers/STM32F7xx_HAL_Driver/Src/stm32f7xx_hal.o
 .debug_abbrev  0x000018b0      0x380 ./Drivers/STM32F7xx_HAL_Driver/Src/stm32f7xx_hal_cortex.o
 .debug_abbrev  0x00001c30      0x2df ./Drivers/STM32F7xx_HAL_Driver/Src/stm32f7xx_hal_flash.o
 .debug_abbrev  0x00001f0f      0x2fe ./Drivers/STM32F7xx_HAL_Driver/Src/stm32f7xx_hal_flash_ex.o
 .debug_abbrev  0x0000220d      0x20b ./Drivers/STM32F7xx_HAL_Driver/Src/stm32f7xx_hal_gpio.o
 .debug_abbrev  0x00002418      0x1d1 ./Drivers/STM32F7xx_HAL_Driver/Src/stm32f7xx_hal_pwr.o
 .debug_abbrev  0x000025e9      0x1fa ./Drivers/STM32F7xx_HAL_Driver/Src/stm32f7xx_hal_pwr_ex.o
 .debug_abbrev  0x000027e3      0x31c ./Drivers/STM32F7xx_HAL_Driver/Src/stm32f7xx_hal_rcc.o
 .debug_abbrev  0x00002aff      0x1e3 ./Drivers/STM32F7xx_HAL_Driver/Src/stm32f7xx_hal_rcc_ex.o
 .debug_abbrev  0x00002ce2      0x21a ./Drivers/STM32F7xx_HAL_Driver/Src/stm32f7xx_hal_rtc.o
 .debug_abbrev  0x00002efc      0x27b ./Drivers/STM32F7xx_HAL_Driver/Src/stm32f7xx_hal_rtc_ex.o
 .debug_abbrev  0x00003177      0x426 ./Drivers/STM32F7xx_HAL_Driver/Src/stm32f7xx_hal_uart.o
 .debug_abbrev  0x0000359d      0x5be ./Libs/lz4/Src/lz4.o
 .debug_abbrev  0x00003b5b      0x1f3 ./Libs/tinycrypt/Src/aes_decrypt.o
 .debug_abbrev  0x00003d4e      0x1f8 ./Libs/tinycrypt/Src/aes_encrypt.o
 .debug_abbrev  0x00003f46      0x145 ./Libs/tinycrypt/Src/cbc_mode.o
 .debug_abbrev  0x0000408b      0x50a ./Libs/tinycrypt/Src/ecc.o
 .debug_abbrev  0x00004595      0x296 ./Libs/tinycrypt/Src/ecc_dsa.o
 .debug_abbrev  0x0000482b      0x219 ./Libs/tinycrypt/Src/sha256.o
 .debug_abbrev  0x00004a44      0x15c ./Libs/tinycrypt/Src/utils.o

.debug_loclists
                0x00000000    0x2a144
 .debug_loclists
                0x00000000      0x2b4 ./Core/Src/BL_Functions.o
 .debug_loclists
                0x000002b4       0xcd ./Core/Src/BL_Update_Part.o
 .debug_loclists
                0x00000381       0x7f ./Core/Src/jump_to_app.o
 .debug_loclists
                0x00000400       0x29 ./Core/Src/main.o
 .debug_loclists
                0x00000429       0x79 ./Core/Src/stm32f7xx_hal_msp.o
 .debug_loclists
                0x000004a2      0x335 ./Core/Src/syscalls.o
 .debug_loclists
                0x000007d7       0x38 ./Core/Src/sysmem.o
 .debug_loclists
                0x0000080f       0x74 ./Core/Src/system_stm32f7xx.o
 .debug_loclists
                0x00000883      0x1b2 ./Core/Src/tiny_printf.o
 .debug_loclists
                0x00000a35       0xd5 ./Drivers/STM32F7xx_HAL_Driver/Src/stm32f7xx_hal.o
 .debug_loclists
                0x00000b0a      0x52d ./Drivers/STM32F7xx_HAL_Driver/Src/stm32f7xx_hal_cortex.o
 .debug_loclists
                0x00001037      0x1cf ./Drivers/STM32F7xx_HAL_Driver/Src/stm32f7xx_hal_flash.o
 .debug_loclists
                0x00001206      0x382 ./Drivers/STM32F7xx_HAL_Driver/Src/stm32f7xx_hal_flash_ex.o
 .debug_loclists
                0x00001588      0x29a ./Drivers/STM32F7xx_HAL_Driver/Src/stm32f7xx_hal_gpio.o
 .debug_loclists
                0x00001822       0x51 ./Drivers/STM32F7xx_HAL_Driver/Src/stm32f7xx_hal_pwr.o
 .debug_loclists
                0x00001873      0x1bc ./Drivers/STM32F7xx_HAL_Driver/Src/stm32f7xx_hal_pwr_ex.o
 .debug_loclists
                0x00001a2f      0x3df ./Drivers/STM32F7xx_HAL_Driver/Src/stm32f7xx_hal_rcc.o
 .debug_loclists
                0x00001e0e      0x583 ./Drivers/STM32F7xx_HAL_Driver/Src/stm32f7xx_hal_rcc_ex.o
 .debug_loclists
                0x00002391      0x855 ./Drivers/STM32F7xx_HAL_Driver/Src/stm32f7xx_hal_rtc.o
 .debug_loclists
                0x00002be6      0x913 ./Drivers/STM32F7xx_HAL_Driver/Src/stm32f7xx_hal_rtc_ex.o
 .debug_loclists
                0x000034f9     0x2346 ./Drivers/STM32F7xx_HAL_Driver/Src/stm32f7xx_hal_uart.o
 .debug_loclists
                0x0000583f    0x21bff ./Libs/lz4/Src/lz4.o
 .debug_loclists
                0x0002743e      0x172 ./Libs/tinycrypt/Src/aes_decrypt.o
 .debug_loclists
                0x000275b0      0x1f2 ./Libs/tinycrypt/Src/aes_encrypt.o
 .debug_loclists
                0x000277a2      0x27d ./Libs/tinycrypt/Src/cbc_mode.o
 .debug_loclists
                0x00027a1f     0x17f4 ./Libs/tinycrypt/Src/ecc.o
 .debug_loclists
                0x00029213      0x46e ./Libs/tinycrypt/Src/ecc_dsa.o
 .debug_loclists
                0x00029681      0x94f ./Libs/tinycrypt/Src/sha256.o
 .debug_loclists
                0x00029fd0      0x174 ./Libs/tinycrypt/Src/utils.o

.debug_aranges  0x00000000     0x10b8
 .debug_aranges
                0x00000000       0x30 ./Core/Src/BL_Functions.o
 .debug_aranges
                0x00000030       0x48 ./Core/Src/BL_Update_Part.o
 .debug_aranges
                0x00000078       0x20 ./Core/Src/jump_to_app.o
 .debug_aranges
                0x00000098       0x28 ./Core/Src/keys.o
 .debug_aranges
                0x000000c0       0x40 ./Core/Src/main.o
 .debug_aranges
                0x00000100       0x40 ./Core/Src/stm32f7xx_hal_msp.o
 .debug_aranges
                0x00000140       0x60 ./Core/Src/stm32f7xx_it.o
 .debug_aranges
                0x000001a0       0xa8 ./Core/Src/syscalls.o
 .debug_aranges
                0x00000248       0x20 ./Core/Src/sysmem.o
 .debug_aranges
                0x00000268       0x28 ./Core/Src/system_stm32f7xx.o
 .debug_aranges
                0x00000290       0x38 ./Core/Src/tiny_printf.o
 .debug_aranges
                0x000002c8       0x28 ./Core/Startup/startup_stm32f746nghx.o
 .debug_aranges
                0x000002f0      0x100 ./Drivers/STM32F7xx_HAL_Driver/Src/stm32f7xx_hal.o
 .debug_aranges
                0x000003f0       0xb8 ./Drivers/STM32F7xx_HAL_Driver/Src/stm32f7xx_hal_cortex.o
 .debug_aranges
                0x000004a8       0xa0 ./Drivers/STM32F7xx_HAL_Driver/Src/stm32f7xx_hal_flash.o
 .debug_aranges
                0x00000548       0x48 ./Drivers/STM32F7xx_HAL_Driver/Src/stm32f7xx_hal_flash_ex.o
 .debug_aranges
                0x00000590       0x58 ./Drivers/STM32F7xx_HAL_Driver/Src/stm32f7xx_hal_gpio.o
 .debug_aranges
                0x000005e8       0xa0 ./Drivers/STM32F7xx_HAL_Driver/Src/stm32f7xx_hal_pwr.o
 .debug_aranges
                0x00000688       0x80 ./Drivers/STM32F7xx_HAL_Driver/Src/stm32f7xx_hal_pwr_ex.o
 .debug_aranges
                0x00000708       0x88 ./Drivers/STM32F7xx_HAL_Driver/Src/stm32f7xx_hal_rcc.o
 .debug_aranges
                0x00000790       0x50 ./Drivers/STM32F7xx_HAL_Driver/Src/stm32f7xx_hal_rcc_ex.o
 .debug_aranges
                0x000007e0       0xe8 ./Drivers/STM32F7xx_HAL_Driver/Src/stm32f7xx_hal_rtc.o
 .debug_aranges
                0x000008c8      0x140 ./Drivers/STM32F7xx_HAL_Driver/Src/stm32f7xx_hal_rtc_ex.o
 .debug_aranges
                0x00000a08      0x220 ./Drivers/STM32F7xx_HAL_Driver/Src/stm32f7xx_hal_uart.o
 .debug_aranges
                0x00000c28      0x1d8 ./Libs/lz4/Src/lz4.o
 .debug_aranges
                0x00000e00       0x40 ./Libs/tinycrypt/Src/aes_decrypt.o
 .debug_aranges
                0x00000e40       0x40 ./Libs/tinycrypt/Src/aes_encrypt.o
 .debug_aranges
                0x00000e80       0x28 ./Libs/tinycrypt/Src/cbc_mode.o
 .debug_aranges
                0x00000ea8      0x168 ./Libs/tinycrypt/Src/ecc.o
 .debug_aranges
                0x00001010       0x38 ./Libs/tinycrypt/Src/ecc_dsa.o
 .debug_aranges
                0x00001048       0x38 ./Libs/tinycrypt/Src/sha256.o
 .debug_aranges
                0x00001080       0x38 ./Libs/tinycrypt/Src/utils.o

.debug_rnglists
                0x00000000     0x5782
 .debug_rnglists
                0x00000000       0x3e ./Core/Src/BL_Functions.o
 .debug_rnglists
                0x0000003e       0x4c ./Core/Src/BL_Update_Part.o
 .debug_rnglists
                0x0000008a       0x13 ./Core/Src/jump_to_app.o
 .debug_rnglists
                0x0000009d       0x19 ./Core/Src/keys.o
 .debug_rnglists
                0x000000b6       0x80 ./Core/Src/main.o
 .debug_rnglists
                0x00000136       0x53 ./Core/Src/stm32f7xx_hal_msp.o
 .debug_rnglists
                0x00000189       0x43 ./Core/Src/stm32f7xx_it.o
 .debug_rnglists
                0x000001cc       0x85 ./Core/Src/syscalls.o
 .debug_rnglists
                0x00000251       0x13 ./Core/Src/sysmem.o
 .debug_rnglists
                0x00000264       0x19 ./Core/Src/system_stm32f7xx.o
 .debug_rnglists
                0x0000027d       0x41 ./Core/Src/tiny_printf.o
 .debug_rnglists
                0x000002be       0x19 ./Core/Startup/startup_stm32f746nghx.o
 .debug_rnglists
                0x000002d7       0xbb ./Drivers/STM32F7xx_HAL_Driver/Src/stm32f7xx_hal.o
 .debug_rnglists
                0x00000392       0xd0 ./Drivers/STM32F7xx_HAL_Driver/Src/stm32f7xx_hal_cortex.o
 .debug_rnglists
                0x00000462       0x74 ./Drivers/STM32F7xx_HAL_Driver/Src/stm32f7xx_hal_flash.o
 .debug_rnglists
                0x000004d6       0x7d ./Drivers/STM32F7xx_HAL_Driver/Src/stm32f7xx_hal_flash_ex.o
 .debug_rnglists
                0x00000553       0x5c ./Drivers/STM32F7xx_HAL_Driver/Src/stm32f7xx_hal_gpio.o
 .debug_rnglists
                0x000005af       0x73 ./Drivers/STM32F7xx_HAL_Driver/Src/stm32f7xx_hal_pwr.o
 .debug_rnglists
                0x00000622       0x99 ./Drivers/STM32F7xx_HAL_Driver/Src/stm32f7xx_hal_pwr_ex.o
 .debug_rnglists
                0x000006bb       0x90 ./Drivers/STM32F7xx_HAL_Driver/Src/stm32f7xx_hal_rcc.o
 .debug_rnglists
                0x0000074b       0x46 ./Drivers/STM32F7xx_HAL_Driver/Src/stm32f7xx_hal_rcc_ex.o
 .debug_rnglists
                0x00000791       0xaf ./Drivers/STM32F7xx_HAL_Driver/Src/stm32f7xx_hal_rtc.o
 .debug_rnglists
                0x00000840       0xf2 ./Drivers/STM32F7xx_HAL_Driver/Src/stm32f7xx_hal_rtc_ex.o
 .debug_rnglists
                0x00000932      0x1be ./Drivers/STM32F7xx_HAL_Driver/Src/stm32f7xx_hal_uart.o
 .debug_rnglists
                0x00000af0     0x494d ./Libs/lz4/Src/lz4.o
 .debug_rnglists
                0x0000543d       0x2e ./Libs/tinycrypt/Src/aes_decrypt.o
 .debug_rnglists
                0x0000546b       0x2f ./Libs/tinycrypt/Src/aes_encrypt.o
 .debug_rnglists
                0x0000549a       0x1a ./Libs/tinycrypt/Src/cbc_mode.o
 .debug_rnglists
                0x000054b4      0x1d9 ./Libs/tinycrypt/Src/ecc.o
 .debug_rnglists
                0x0000568d       0x40 ./Libs/tinycrypt/Src/ecc_dsa.o
 .debug_rnglists
                0x000056cd       0x7e ./Libs/tinycrypt/Src/sha256.o
 .debug_rnglists
                0x0000574b       0x37 ./Libs/tinycrypt/Src/utils.o

.debug_macro    0x00000000    0x28bf8
 .debug_macro   0x00000000      0x31a ./Core/Src/BL_Functions.o
 .debug_macro   0x0000031a      0xaf0 ./Core/Src/BL_Functions.o
 .debug_macro   0x00000e0a       0x22 ./Core/Src/BL_Functions.o
 .debug_macro   0x00000e2c       0x8e ./Core/Src/BL_Functions.o
 .debug_macro   0x00000eba       0x51 ./Core/Src/BL_Functions.o
 .debug_macro   0x00000f0b      0x103 ./Core/Src/BL_Functions.o
 .debug_macro   0x0000100e       0x6a ./Core/Src/BL_Functions.o
 .debug_macro   0x00001078      0x1df ./Core/Src/BL_Functions.o
 .debug_macro   0x00001257      0x294 ./Core/Src/BL_Functions.o
 .debug_macro   0x000014eb       0x2e ./Core/Src/BL_Functions.o
 .debug_macro   0x00001519       0x3b ./Core/Src/BL_Functions.o
 .debug_macro   0x00001554       0x1c ./Core/Src/BL_Functions.o
 .debug_macro   0x00001570       0x22 ./Core/Src/BL_Functions.o
 .debug_macro   0x00001592       0xd9 ./Core/Src/BL_Functions.o
 .debug_macro   0x0000166b     0x12cd ./Core/Src/BL_Functions.o
 .debug_macro   0x00002938      0x11f ./Core/Src/BL_Functions.o
 .debug_macro   0x00002a57       0x19 ./Core/Src/BL_Functions.o
 .debug_macro   0x00002a70    0x19222 ./Core/Src/BL_Functions.o
 .debug_macro   0x0001bc92       0x6d ./Core/Src/BL_Functions.o
 .debug_macro   0x0001bcff     0x375e ./Core/Src/BL_Functions.o
 .debug_macro   0x0001f45d      0x190 ./Core/Src/BL_Functions.o
 .debug_macro   0x0001f5ed       0x63 ./Core/Src/BL_Functions.o
 .debug_macro   0x0001f650     0x18ad ./Core/Src/BL_Functions.o
 .debug_macro   0x00020efd      0x6c4 ./Core/Src/BL_Functions.o
 .debug_macro   0x000215c1      0x185 ./Core/Src/BL_Functions.o
 .debug_macro   0x00021746      0x115 ./Core/Src/BL_Functions.o
 .debug_macro   0x0002185b      0x1fd ./Core/Src/BL_Functions.o
 .debug_macro   0x00021a58       0xa5 ./Core/Src/BL_Functions.o
 .debug_macro   0x00021afd      0x24f ./Core/Src/BL_Functions.o
 .debug_macro   0x00021d4c       0x41 ./Core/Src/BL_Functions.o
 .debug_macro   0x00021d8d       0x58 ./Core/Src/BL_Functions.o
 .debug_macro   0x00021de5      0x236 ./Core/Src/BL_Functions.o
 .debug_macro   0x0002201b      0x14e ./Core/Src/BL_Functions.o
 .debug_macro   0x00022169      0x25a ./Core/Src/BL_Functions.o
 .debug_macro   0x000223c3       0x12 ./Core/Src/BL_Functions.o
 .debug_macro   0x000223d5      0x22c ./Core/Src/BL_Functions.o
 .debug_macro   0x00022601       0x61 ./Core/Src/BL_Functions.o
 .debug_macro   0x00022662       0xa5 ./Core/Src/BL_Functions.o
 .debug_macro   0x00022707      0x12e ./Core/Src/BL_Functions.o
 .debug_macro   0x00022835      0x108 ./Core/Src/BL_Functions.o
 .debug_macro   0x0002293d       0x35 ./Core/Src/BL_Functions.o
 .debug_macro   0x00022972      0x31a ./Core/Src/BL_Functions.o
 .debug_macro   0x00022c8c      0x4eb ./Core/Src/BL_Functions.o
 .debug_macro   0x00023177       0xeb ./Core/Src/BL_Functions.o
 .debug_macro   0x00023262      0x56d ./Core/Src/BL_Functions.o
 .debug_macro   0x000237cf       0x44 ./Core/Src/BL_Functions.o
 .debug_macro   0x00023813      0x14d ./Core/Src/BL_Functions.o
 .debug_macro   0x00023960       0x10 ./Core/Src/BL_Functions.o
 .debug_macro   0x00023970       0x16 ./Core/Src/BL_Functions.o