../Drivers/CMSIS/Include/core_cm7.h:2147:34:__NVIC_SystemReset	0	static,ignoring_inline_asm
../Core/Src/main.c:87:6:BL_RequestUpdate	8	static
../Core/Src/main.c:93:10:BL_GetStatus	0	static
../Core/Src/main.c:82:6:Bootloader_SetStatus	8	static
../Core/Src/main.c:111:10:Find_Footer	0	static
../Core/Src/main.c:132:5:Bootloader_InternalVerify	560	static
../Core/Src/main.c:97:5:BL_VerifySlot	0	static
../Core/Src/main.c:173:5:Install_Update_Stream	256	static
../Core/Src/main.c:236:6:Bootloader_HandleUpdate	32	static,ignoring_inline_asm
../Core/Src/main.c:295:6:Bootloader_JumpToApp	24	static,ignoring_inline_asm
../Core/Src/main.c:388:6:SystemClock_Config	96	static,ignoring_inline_asm
../Core/Src/main.c:327:5:main	48	static,ignoring_inline_asm
../Core/Src/main.c:559:6:Error_Handler	0	static,ignoring_inline_asm
