../Drivers/CMSIS/Include/core_cm7.h:2147:34:__NVIC_SystemReset	0	static,ignoring_inline_asm
../Core/Src/main.c:89:6:BL_RequestUpdate	8	static
../Core/Src/main.c:96:10:BL_GetStatus	0	static
../Core/Src/main.c:83:6:Bootloader_SetStatus	8	static
../Core/Src/main.c:114:10:Find_Footer	0	static
../Core/Src/main.c:139:5:Bootloader_InternalVerify	560	static
../Core/Src/main.c:100:5:BL_VerifySlot	0	static
../Core/Src/main.c:180:5:Install_Update_Stream	256	static
../Core/Src/main.c:243:6:Bootloader_HandleUpdate	32	static,ignoring_inline_asm
../Core/Src/main.c:302:6:Bootloader_JumpToApp	24	static,ignoring_inline_asm
../Core/Src/main.c:395:6:SystemClock_Config	96	static,ignoring_inline_asm
../Core/Src/main.c:334:5:main	48	static,ignoring_inline_asm
../Core/Src/main.c:566:6:Error_Handler	0	static,ignoring_inline_asm
