../Drivers/CMSIS/Include/core_cm7.h:2147:34:__NVIC_SystemReset	0	static,ignoring_inline_asm
../Core/Src/main.c:101:6:BL_RequestUpdate	8	static
../Core/Src/main.c:108:10:BL_GetStatus	0	static
../Core/Src/main.c:95:6:Bootloader_SetStatus	8	static
../Core/Src/main.c:202:5:Crypto_SHA256_Flash	0	static
../Core/Src/main.c:211:5:Crypto_ECDSA_P256_VerifyHash	0	static
../Core/Src/main.c:218:13:Bootloader_InternalVerify	20	static
../Core/Src/main.c:112:5:BL_VerifySlot	8	static
../Core/Src/main.c:252:5:Install_Update_Stream	256	static
../Core/Src/main.c:315:6:Bootloader_HandleUpdate	32	static,ignoring_inline_asm
../Core/Src/main.c:374:6:Bootloader_JumpToApp	16	static,ignoring_inline_asm
../Core/Src/main.c:511:6:SystemClock_Config	88	static,ignoring_inline_asm
../Core/Src/main.c:420:5:main	48	static,ignoring_inline_asm
../Core/Src/main.c:726:5:_write	12	static
../Core/Src/main.c:746:6:print_hardfault_reason	24	static
../Core/Src/main.c:804:6:Error_Handler	0	static,ignoring_inline_asm
