../Libs/lz4/Src/lz4.c:293:12:LZ4_isAligned	16	static
../Libs/lz4/Src/lz4.c:364:17:LZ4_isLittleEndian	16	static
../Libs/lz4/Src/lz4.c:394:12:LZ4_read16	16	static
../Libs/lz4/Src/lz4.c:395:12:LZ4_read32	16	static
../Libs/lz4/Src/lz4.c:396:14:LZ4_read_ARCH	16	static
../Libs/lz4/Src/lz4.c:398:13:LZ4_write16	16	static
../Libs/lz4/Src/lz4.c:399:13:LZ4_write32	16	static
../Libs/lz4/Src/lz4.c:431:12:LZ4_readLE16	24	static
../Libs/lz4/Src/lz4.c:453:13:LZ4_writeLE16	24	static
../Libs/lz4/Src/lz4.c:582:17:LZ4_NbCommonBytes	16	static
../Libs/lz4/Src/lz4.c:752:5:LZ4_versionNumber	4	static
../Libs/lz4/Src/lz4.c:753:13:LZ4_versionString	4	static
../Libs/lz4/Src/lz4.c:754:5:LZ4_compressBound	16	static
../Libs/lz4/Src/lz4.c:755:5:LZ4_sizeofState	4	static
../Libs/lz4/Src/lz4.c:872:20:LZ4_getPositionOnHash	32	static
../Libs/lz4/Src/lz4.c:1385:5:LZ4_compress_fast_extState	3320	static
../Libs/lz4/Src/lz4.c:1417:5:LZ4_compress_fast_extState_fastReset	5024	static
../Libs/lz4/Src/lz4.c:1456:5:LZ4_compress_fast	16464	static
../Libs/lz4/Src/lz4.c:1475:5:LZ4_compress_default	32	static
../Libs/lz4/Src/lz4.c:1484:12:LZ4_compress_destSize_extState_internal	1696	static
../Libs/lz4/Src/lz4.c:1500:5:LZ4_compress_destSize_extState	40	static
../Libs/lz4/Src/lz4.c:1509:5:LZ4_compress_destSize	16464	static
../Libs/lz4/Src/lz4.c:1534:15:LZ4_createStream	16	static
../Libs/lz4/Src/lz4.c:1545:15:LZ4_stream_t_alignment	4	static
../Libs/lz4/Src/lz4.c:1555:15:LZ4_initStream	16	static
../Libs/lz4/Src/lz4.c:1567:6:LZ4_resetStream	16	static
../Libs/lz4/Src/lz4.c:1573:6:LZ4_resetStream_fast	24	static
../Libs/lz4/Src/lz4.c:1578:5:LZ4_freeStream	16	static
../Libs/lz4/Src/lz4.c:1590:5:LZ4_loadDict_internal	160	static
../Libs/lz4/Src/lz4.c:1651:5:LZ4_loadDict	24	static
../Libs/lz4/Src/lz4.c:1656:5:LZ4_loadDictSlow	24	static
../Libs/lz4/Src/lz4.c:1661:6:LZ4_attach_dictionary	24	static
../Libs/lz4/Src/lz4.c:1690:13:LZ4_renormDictT	32	static
../Libs/lz4/Src/lz4.c:1710:5:LZ4_compress_fast_continue	5000	static
../Libs/lz4/Src/lz4.c:1790:5:LZ4_compress_forceExtDict	1664	static
../Libs/lz4/Src/lz4.c:1817:5:LZ4_saveDict	32	static
../Libs/lz4/Src/lz4.c:1855:15:read_long_length_no_check	24	static
../Libs/lz4/Src/lz4.c:2454:5:LZ4_decompress_safe	264	static
../Libs/lz4/Src/lz4.c:2462:5:LZ4_decompress_safe_partial	264	static
../Libs/lz4/Src/lz4.c:2471:5:LZ4_decompress_fast	96	static
../Libs/lz4/Src/lz4.c:2482:5:LZ4_decompress_safe_withPrefix64k	264	static
../Libs/lz4/Src/lz4.c:2490:12:LZ4_decompress_safe_partial_withPrefix64k	264	static
../Libs/lz4/Src/lz4.c:2499:5:LZ4_decompress_fast_withPrefix64k	96	static
../Libs/lz4/Src/lz4.c:2507:12:LZ4_decompress_safe_withSmallPrefix	264	static
../Libs/lz4/Src/lz4.c:2516:12:LZ4_decompress_safe_partial_withSmallPrefix	264	static
../Libs/lz4/Src/lz4.c:2526:5:LZ4_decompress_safe_forceExtDict	272	static
../Libs/lz4/Src/lz4.c:2537:5:LZ4_decompress_safe_partial_forceExtDict	272	static
../Libs/lz4/Src/lz4.c:2548:12:LZ4_decompress_fast_extDict	104	static
../Libs/lz4/Src/lz4.c:2572:21:LZ4_createStreamDecode	8	static
../Libs/lz4/Src/lz4.c:2578:5:LZ4_freeStreamDecode	16	static
../Libs/lz4/Src/lz4.c:2592:5:LZ4_setStreamDecode	32	static
../Libs/lz4/Src/lz4.c:2618:5:LZ4_decoderRingBufferSize	16	static
../Libs/lz4/Src/lz4.c:2634:5:LZ4_decompress_safe_continue	312	static
../Libs/lz4/Src/lz4.c:2674:1:LZ4_decompress_fast_continue	120	static
../Libs/lz4/Src/lz4.c:2722:5:LZ4_decompress_safe_usingDict	32	static
../Libs/lz4/Src/lz4.c:2737:5:LZ4_decompress_safe_partial_usingDict	40	static
../Libs/lz4/Src/lz4.c:2752:5:LZ4_decompress_fast_usingDict	104	static
../Libs/lz4/Src/lz4.c:2767:5:LZ4_compress_limitedOutput	24	static
../Libs/lz4/Src/lz4.c:2771:5:LZ4_compress	24	static
../Libs/lz4/Src/lz4.c:2775:5:LZ4_compress_limitedOutput_withState	32	static
../Libs/lz4/Src/lz4.c:2779:5:LZ4_compress_withState	32	static
../Libs/lz4/Src/lz4.c:2783:5:LZ4_compress_limitedOutput_continue	32	static
../Libs/lz4/Src/lz4.c:2787:5:LZ4_compress_continue	32	static
../Libs/lz4/Src/lz4.c:2798:5:LZ4_uncompress	24	static
../Libs/lz4/Src/lz4.c:2802:5:LZ4_uncompress_unknownOutputSize	24	static
../Libs/lz4/Src/lz4.c:2809:5:LZ4_sizeofStreamState	4	static
../Libs/lz4/Src/lz4.c:2811:5:LZ4_resetStreamState	16	static
../Libs/lz4/Src/lz4.c:2819:7:LZ4_create	16	static
../Libs/lz4/Src/lz4.c:2826:7:LZ4_slideInputBuffer	16	static
