../Libs/lz4/Src/lz4.c:1855:15:read_long_length_no_check	0	static
../Libs/lz4/Src/lz4.c:1690:13:LZ4_renormDictT	16	static
../Libs/lz4/Src/lz4.c:2507:12:LZ4_decompress_safe_withSmallPrefix	48	static
../Libs/lz4/Src/lz4.c:2548:12:LZ4_decompress_fast_extDict	56	static
../Libs/lz4/Src/lz4.c:582:17:LZ4_NbCommonBytes	8	static
../Libs/lz4/Src/lz4.c:752:5:LZ4_versionNumber	0	static
../Libs/lz4/Src/lz4.c:753:13:LZ4_versionString	0	static
../Libs/lz4/Src/lz4.c:754:5:LZ4_compressBound	0	static
../Libs/lz4/Src/lz4.c:755:5:LZ4_sizeofState	0	static
../Libs/lz4/Src/lz4.c:1417:5:LZ4_compress_fast_extState_fastReset	80	static
../Libs/lz4/Src/lz4.c:1555:15:LZ4_initStream	8	static
../Libs/lz4/Src/lz4.c:1385:5:LZ4_compress_fast_extState	80	static
../Libs/lz4/Src/lz4.c:1456:5:LZ4_compress_fast	16432	static
../Libs/lz4/Src/lz4.c:1475:5:LZ4_compress_default	16	static
../Libs/lz4/Src/lz4.c:1484:12:LZ4_compress_destSize_extState_internal	88	static
../Libs/lz4/Src/lz4.c:1509:5:LZ4_compress_destSize	16432	static
../Libs/lz4/Src/lz4.c:1500:5:LZ4_compress_destSize_extState	24	static
../Libs/lz4/Src/lz4.c:1534:15:LZ4_createStream	8	static
../Libs/lz4/Src/lz4.c:1567:6:LZ4_resetStream	0	static
../Libs/lz4/Src/lz4.c:1573:6:LZ4_resetStream_fast	8	static
../Libs/lz4/Src/lz4.c:1578:5:LZ4_freeStream	8	static
../Libs/lz4/Src/lz4.c:1590:5:LZ4_loadDict_internal	24	static
../Libs/lz4/Src/lz4.c:1651:5:LZ4_loadDict	0	static
../Libs/lz4/Src/lz4.c:1656:5:LZ4_loadDictSlow	0	static
../Libs/lz4/Src/lz4.c:1661:6:LZ4_attach_dictionary	0	static
../Libs/lz4/Src/lz4.c:1710:5:LZ4_compress_fast_continue	112	static
../Libs/lz4/Src/lz4.c:1790:5:LZ4_compress_forceExtDict	96	static
../Libs/lz4/Src/lz4.c:1817:5:LZ4_saveDict	16	static
../Libs/lz4/Src/lz4.c:2454:5:LZ4_decompress_safe	48	static
../Libs/lz4/Src/lz4.c:2462:5:LZ4_decompress_safe_partial	56	static
../Libs/lz4/Src/lz4.c:2471:5:LZ4_decompress_fast	48	static
../Libs/lz4/Src/lz4.c:2482:5:LZ4_decompress_safe_withPrefix64k	48	static
../Libs/lz4/Src/lz4.c:2499:5:LZ4_decompress_fast_withPrefix64k	48	static
../Libs/lz4/Src/lz4.c:2526:5:LZ4_decompress_safe_forceExtDict	56	static
../Libs/lz4/Src/lz4.c:2537:5:LZ4_decompress_safe_partial_forceExtDict	56	static
../Libs/lz4/Src/lz4.c:2572:21:LZ4_createStreamDecode	0	static
../Libs/lz4/Src/lz4.c:2578:5:LZ4_freeStreamDecode	0	static
../Libs/lz4/Src/lz4.c:2592:5:LZ4_setStreamDecode	8	static
../Libs/lz4/Src/lz4.c:2618:5:LZ4_decoderRingBufferSize	0	static
../Libs/lz4/Src/lz4.c:2634:5:LZ4_decompress_safe_continue	80	static
../Libs/lz4/Src/lz4.c:2674:1:LZ4_decompress_fast_continue	72	static
../Libs/lz4/Src/lz4.c:2722:5:LZ4_decompress_safe_usingDict	24	static
../Libs/lz4/Src/lz4.c:2737:5:LZ4_decompress_safe_partial_usingDict	64	static
../Libs/lz4/Src/lz4.c:2752:5:LZ4_decompress_fast_usingDict	48	static
../Libs/lz4/Src/lz4.c:2767:5:LZ4_compress_limitedOutput	0	static
../Libs/lz4/Src/lz4.c:2771:5:LZ4_compress	8	static
../Libs/lz4/Src/lz4.c:2775:5:LZ4_compress_limitedOutput_withState	16	static
../Libs/lz4/Src/lz4.c:2779:5:LZ4_compress_withState	24	static
../Libs/lz4/Src/lz4.c:2783:5:LZ4_compress_limitedOutput_continue	16	static
../Libs/lz4/Src/lz4.c:2787:5:LZ4_compress_continue	24	static
../Libs/lz4/Src/lz4.c:2798:5:LZ4_uncompress	0	static
../Libs/lz4/Src/lz4.c:2802:5:LZ4_uncompress_unknownOutputSize	0	static
../Libs/lz4/Src/lz4.c:2809:5:LZ4_sizeofStreamState	0	static
../Libs/lz4/Src/lz4.c:2811:5:LZ4_resetStreamState	8	static
../Libs/lz4/Src/lz4.c:2819:7:LZ4_create	0	static
../Libs/lz4/Src/lz4.c:2826:7:LZ4_slideInputBuffer	0	static
