Archive member included to satisfy reference by file (symbol)

C:/ST/STM32CubeIDE_1.19.0/STM32CubeIDE/plugins/com.st.stm32cube.ide.mcu.externaltools.gnu-tools-for-stm32.13.3.rel1.win32_1.0.100.202509120712/tools/bin/../lib/gcc/arm-none-eabi/13.3.1/../../../../arm-none-eabi/lib/thumb/v7e-m+fp/hard\libc_nano.a(libc_a-assert.o)
                              ./Libs/lz4/Src/lz4.o (__assert_func)
C:/ST/STM32CubeIDE_1.19.0/STM32CubeIDE/plugins/com.st.stm32cube.ide.mcu.externaltools.gnu-tools-for-stm32.13.3.rel1.win32_1.0.100.202509120712/tools/bin/../lib/gcc/arm-none-eabi/13.3.1/../../../../arm-none-eabi/lib/thumb/v7e-m+fp/hard\libc_nano.a(libc_a-calloc.o)
                              ./Libs/lz4/Src/lz4.o (calloc)
C:/ST/STM32CubeIDE_1.19.0/STM32CubeIDE/plugins/com.st.stm32cube.ide.mcu.externaltools.gnu-tools-for-stm32.13.3.rel1.win32_1.0.100.202509120712/tools/bin/../lib/gcc/arm-none-eabi/13.3.1/../../../../arm-none-eabi/lib/thumb/v7e-m+fp/hard\libc_nano.a(libc_a-callocr.o)
                              C:/ST/STM32CubeIDE_1.19.0/STM32CubeIDE/plugins/com.st.stm32cube.ide.mcu.externaltools.gnu-tools-for-stm32.13.3.rel1.win32_1.0.100.202509120712/tools/bin/../lib/gcc/arm-none-eabi/13.3.1/../../../../arm-none-eabi/lib/thumb/v7e-m+fp/hard\libc_nano.a(libc_a-calloc.o) (_calloc_r)
C:/ST/STM32CubeIDE_1.19.0/STM32CubeIDE/plugins/com.st.stm32cube.ide.mcu.externaltools.gnu-tools-for-stm32.13.3.rel1.win32_1.0.100.202509120712/tools/bin/../lib/gcc/arm-none-eabi/13.3.1/../../../../arm-none-eabi/lib/thumb/v7e-m+fp/hard\libc_nano.a(libc_a-exit.o)
                              C:/ST/STM32CubeIDE_1.19.0/STM32CubeIDE/plugins/com.st.stm32cube.ide.mcu.externaltools.gnu-tools-for-stm32.13.3.rel1.win32_1.0.100.202509120712/tools/bin/../lib/gcc/arm-none-eabi/13.3.1/../../../../arm-none-eabi/lib/thumb/v7e-m+fp/hard/crt0.o (exit)
C:/ST/STM32CubeIDE_1.19.0/STM32CubeIDE/plugins/com.st.stm32cube.ide.mcu.externaltools.gnu-tools-for-stm32.13.3.rel1.win32_1.0.100.202509120712/tools/bin/../lib/gcc/arm-none-eabi/13.3.1/../../../../arm-none-eabi/lib/thumb/v7e-m+fp/hard\libc_nano.a(libc_a-malloc.o)
                              ./Libs/lz4/Src/lz4.o (malloc)
C:/ST/STM32CubeIDE_1.19.0/STM32CubeIDE/plugins/com.st.stm32cube.ide.mcu.externaltools.gnu-tools-for-stm32.13.3.rel1.win32_1.0.100.202509120712/tools/bin/../lib/gcc/arm-none-eabi/13.3.1/../../../../arm-none-eabi/lib/thumb/v7e-m+fp/hard\libc_nano.a(libc_a-mallocr.o)
                              C:/ST/STM32CubeIDE_1.19.0/STM32CubeIDE/plugins/com.st.stm32cube.ide.mcu.externaltools.gnu-tools-for-stm32.13.3.rel1.win32_1.0.100.202509120712/tools/bin/../lib/gcc/arm-none-eabi/13.3.1/../../../../arm-none-eabi/lib/thumb/v7e-m+fp/hard\libc_nano.a(libc_a-callocr.o) (_malloc_r)
C:/ST/STM32CubeIDE_1.19.0/STM32CubeIDE/plugins/com.st.stm32cube.ide.mcu.externaltools.gnu-tools-for-stm32.13.3.rel1.win32_1.0.100.202509120712/tools/bin/../lib/gcc/arm-none-eabi/13.3.1/../../../../arm-none-eabi/lib/thumb/v7e-m+fp/hard\libc_nano.a(libc_a-mlock.o)
                              C:/ST/STM32CubeIDE_1.19.0/STM32CubeIDE/plugins/com.st.stm32cube.ide.mcu.externaltools.gnu-tools-for-stm32.13.3.rel1.win32_1.0.100.202509120712/tools/bin/../lib/gcc/arm-none-eabi/13.3.1/../../../../arm-none-eabi/lib/thumb/v7e-m+fp/hard\libc_nano.a(libc_a-mallocr.o) (__malloc_lock)
C:/ST/STM32CubeIDE_1.19.0/STM32CubeIDE/plugins/com.st.stm32cube.ide.mcu.externaltools.gnu-tools-for-stm32.13.3.rel1.win32_1.0.100.202509120712/tools/bin/../lib/gcc/arm-none-eabi/13.3.1/../../../../arm-none-eabi/lib/thumb/v7e-m+fp/hard\libc_nano.a(libc_a-findfp.o)
                              C:/ST/STM32CubeIDE_1.19.0/STM32CubeIDE/plugins/com.st.stm32cube.ide.mcu.externaltools.gnu-tools-for-stm32.13.3.rel1.win32_1.0.100.202509120712/tools/bin/../lib/gcc/arm-none-eabi/13.3.1/../../../../arm-none-eabi/lib/thumb/v7e-m+fp/hard\libc_nano.a(libc_a-exit.o) (__stdio_exit_handler)
C:/ST/STM32CubeIDE_1.19.0/STM32CubeIDE/plugins/com.st.stm32cube.ide.mcu.externaltools.gnu-tools-for-stm32.13.3.rel1.win32_1.0.100.202509120712/tools/bin/../lib/gcc/arm-none-eabi/13.3.1/../../../../arm-none-eabi/lib/thumb/v7e-m+fp/hard\libc_nano.a(libc_a-fprintf.o)
                              C:/ST/STM32CubeIDE_1.19.0/STM32CubeIDE/plugins/com.st.stm32cube.ide.mcu.externaltools.gnu-tools-for-stm32.13.3.rel1.win32_1.0.100.202509120712/tools/bin/../lib/gcc/arm-none-eabi/13.3.1/../../../../arm-none-eabi/lib/thumb/v7e-m+fp/hard\libc_nano.a(libc_a-assert.o) (fiprintf)
C:/ST/STM32CubeIDE_1.19.0/STM32CubeIDE/plugins/com.st.stm32cube.ide.mcu.externaltools.gnu-tools-for-stm32.13.3.rel1.win32_1.0.100.202509120712/tools/bin/../lib/gcc/arm-none-eabi/13.3.1/../../../../arm-none-eabi/lib/thumb/v7e-m+fp/hard\libc_nano.a(libc_a-fwalk.o)
[...]
Memory Configuration

Name             Origin             Length             Attributes
RAM              0x20000000         0x00050000         xrw
FLASH            0x08000000         0x00010000         xr
*default*        0x00000000         0xffffffff

Linker script and memory map

LOAD C:/ST/STM32CubeIDE_1.19.0/STM32CubeIDE/plugins/com.st.stm32cube.ide.mcu.externaltools.gnu-tools-for-stm32.13.3.rel1.win32_1.0.100.202509120712/tools/bin/../lib/gcc/arm-none-eabi/13.3.1/thumb/v7e-m+fp/hard/crti.o
LOAD C:/ST/STM32CubeIDE_1.19.0/STM32CubeIDE/plugins/com.st.stm32cube.ide.mcu.externaltools.gnu-tools-for-stm32.13.3.rel1.win32_1.0.100.202509120712/tools/bin/../lib/gcc/arm-none-eabi/13.3.1/thumb/v7e-m+fp/hard/crtbegin.o
LOAD C:/ST/STM32CubeIDE_1.19.0/STM32CubeIDE/plugins/com.st.stm32cube.ide.mcu.externaltools.gnu-tools-for-stm32.13.3.rel1.win32_1.0.100.202509120712/tools/bin/../lib/gcc/arm-none-eabi/13.3.1/../../../../arm-none-eabi/lib/thumb/v7e-m+fp/hard/crt0.o
LOAD ./Core/Src/keys.o
LOAD ./Core/Src/main.o
LOAD ./Core/Src/stm32f7xx_hal_msp.o
LOAD ./Core/Src/stm32f7xx_it.o
LOAD ./Core/Src/syscalls.o
LOAD ./Core/Src/sysmem.o
LOAD ./Core/Src/system_stm32f7xx.o
LOAD ./Core/Startup/startup_stm32f746nghx.o
LOAD ./Drivers/STM32F7xx_HAL_Driver/Src/stm32f7xx_hal.o
LOAD ./Drivers/STM32F7xx_HAL_Driver/Src/stm32f7xx_hal_cortex.o
LOAD ./Drivers/STM32F7xx_HAL_Driver/Src/stm32f7xx_hal_crc.o
LOAD ./Drivers/STM32F7xx_HAL_Driver/Src/stm32f7xx_hal_crc_ex.o
LOAD ./Drivers/STM32F7xx_HAL_Driver/Src/stm32f7xx_hal_exti.o
LOAD ./Drivers/STM32F7xx_HAL_Driver/Src/stm32f7xx_hal_flash.o
LOAD ./Drivers/STM32F7xx_HAL_Driver/Src/stm32f7xx_hal_flash_ex.o
LOAD ./Drivers/STM32F7xx_HAL_Driver/Src/stm32f7xx_hal_gpio.o
LOAD ./Drivers/STM32F7xx_HAL_Driver/Src/stm32f7xx_hal_pwr.o
LOAD ./Drivers/STM32F7xx_HAL_Driver/Src/stm32f7xx_hal_pwr_ex.o
LOAD ./Drivers/STM32F7xx_HAL_Driver/Src/stm32f7xx_hal_rcc.o
LOAD ./Drivers/STM32F7xx_HAL_Driver/Src/stm32f7xx_hal_rcc_ex.o
LOAD ./Drivers/STM32F7xx_HAL_Driver/Src/stm32f7xx_hal_rtc.o
LOAD ./Drivers/STM32F7xx_HAL_Driver/Src/stm32f7xx_hal_rtc_ex.o
LOAD ./Drivers/STM32F7xx_HAL_Driver/Src/stm32f7xx_hal_uart.o
LOAD ./Drivers/STM32F7xx_HAL_Driver/Src/stm32f7xx_hal_uart_ex.o
LOAD ./Libs/lz4/Src/lz4.o
LOAD ./Libs/tinycrypt/Src/aes_decrypt.o
LOAD ./Libs/tinycrypt/Src/aes_encrypt.o
LOAD ./Libs/tinycrypt/Src/cbc_mode.o
LOAD ./Libs/tinycrypt/Src/ecc.o
LOAD ./Libs/tinycrypt/Src/ecc_dsa.o
LOAD ./Libs/tinycrypt/Src/ecc_platform_specific.o
LOAD ./Libs/tinycrypt/Src/sha256.o
LOAD ./Libs/tinycrypt/Src/utils.o
START GROUP
LOAD C:/ST/STM32CubeIDE_1.19.0/STM32CubeIDE/plugins/com.st.stm32cube.ide.mcu.externaltools.gnu-tools-for-stm32.13.3.rel1.win32_1.0.100.202509120712/tools/bin/../lib/gcc/arm-none-eabi/13.3.1/../../../../arm-none-eabi/lib/thumb/v7e-m+fp/hard\libc_nano.a
LOAD C:/ST/STM32CubeIDE_1.19.0/STM32CubeIDE/plugins/com.st.stm32cube.ide.mcu.externaltools.gnu-tools-for-stm32.13.3.rel1.win32_1.0.100.202509120712/tools/bin/../lib/gcc/arm-none-eabi/13.3.1/../../../../arm-none-eabi/lib/thumb/v7e-m+fp/hard\libm.a
END GROUP
START GROUP
LOAD C:/ST/STM32CubeIDE_1.19.0/STM32CubeIDE/plugins/com.st.stm32cube.ide.mcu.externaltools.gnu-tools-for-stm32.13.3.rel1.win32_1.0.100.202509120712/tools/bin/../lib/gcc/arm-none-eabi/13.3.1/thumb/v7e-m+fp/hard\libgcc.a
LOAD C:/ST/STM32CubeIDE_1.19.0/STM32CubeIDE/plugins/com.st.stm32cube.ide.mcu.externaltools.gnu-tools-for-stm32.13.3.rel1.win32_1.0.100.202509120712/tools/bin/../lib/gcc/arm-none-eabi/13.3.1/../../../../arm-none-eabi/lib/thumb/v7e-m+fp/hard\libc_nano.a
END GROUP
START GROUP
LOAD C:/ST/STM32CubeIDE_1.19.0/STM32CubeIDE/plugins/com.st.stm32cube.ide.mcu.externaltools.gnu-tools-for-stm32.13.3.rel1.win32_1.0.100.202509120712/tools/bin/../lib/gcc/arm-none-eabi/13.3.1/thumb/v7e-m+fp/hard\libgcc.a
LOAD C:/ST/STM32CubeIDE_1.19.0/STM32CubeIDE/plugins/com.st.stm32cube.ide.mcu.externaltools.gnu-tools-for-stm32.13.3.rel1.win32_1.0.100.202509120712/tools/bin/../lib/gcc/arm-none-eabi/13.3.1/../../../../arm-none-eabi/lib/thumb/v7e-m+fp/hard\libc_nano.a
LOAD C:/ST/STM32CubeIDE_1.19.0/STM32CubeIDE/plugins/com.st.stm32cube.ide.mcu.externaltools.gnu-tools-for-stm32.13.3.rel1.win32_1.0.100.202509120712/tools/bin/../lib/gcc/arm-none-eabi/13.3.1/../../../../arm-none-eabi/lib/thumb/v7e-m+fp/hard\libnosys.a
END GROUP
START GROUP
LOAD C:/ST/STM32CubeIDE_1.19.0/STM32CubeIDE/plugins/com.st.stm32cube.ide.mcu.externaltools.gnu-tools-for-stm32.13.3.rel1.win32_1.0.100.202509120712/tools/bin/../lib/gcc/arm-none-eabi/13.3.1/thumb/v7e-m+fp/hard\libgcc.a
LOAD C:/ST/STM32CubeIDE_1.19.0/STM32CubeIDE/plugins/com.st.stm32cube.ide.mcu.externaltools.gnu-tools-for-stm32.13.3.rel1.win32_1.0.100.202509120712/tools/bin/../lib/gcc/arm-none-eabi/13.3.1/../../../../arm-none-eabi/lib/thumb/v7e-m+fp/hard\libc_nano.a
LOAD C:/ST/STM32CubeIDE_1.19.0/STM32CubeIDE/plugins/com.st.stm32cube.ide.mcu.externaltools.gnu-tools-for-stm32.13.3.rel1.win32_1.0.100.202509120712/tools/bin/../lib/gcc/arm-none-eabi/13.3.1/../../../../arm-none-eabi/lib/thumb/v7e-m+fp/hard\libnosys.a
END GROUP
LOAD C:/ST/STM32CubeIDE_1.19.0/STM32CubeIDE/plugins/com.st.stm32cube.ide.mcu.externaltools.gnu-tools-for-stm32.13.3.rel1.win32_1.0.100.202509120712/tools/bin/../lib/gcc/arm-none-eabi/13.3.1/thumb/v7e-m+fp/hard/crtend.o
LOAD C:/ST/STM32CubeIDE_1.19.0/STM32CubeIDE/plugins/com.st.stm32cube.ide.mcu.externaltools.gnu-tools-for-stm32.13.3.rel1.win32_1.0.100.202509120712/tools/bin/../lib/gcc/arm-none-eabi/13.3.1/thumb/v7e-m+fp/hard/crtn.o
                0x20050000                        _estack = (ORIGIN (RAM) + LENGTH (RAM))
                0x00000200                        _Min_Heap_Size = 0x200
                0x00000400                        _Min_Stack_Size = 0x400

.isr_vector     0x08000000      0x1c8
                0x08000000                        . = ALIGN (0x4)
 *(.isr_vector)
 .isr_vector    0x08000000      0x1c8 ./Core/Startup/startup_stm32f746nghx.o
                0x08000000                g_pfnVectors
                0x080001c8                        . = ALIGN (0x4)

.text           0x080001d0     0x4f80
                0x080001d0                        . = ALIGN (0x4)
 *(.text)
 .text          0x080001d0       0x40 C:/ST/STM32CubeIDE_1.19.0/STM32CubeIDE/plugins/com.st.stm32cube.ide.mcu.externaltools.gnu-tools-for-stm32.13.3.rel1.win32_1.0.100.202509120712/tools/bin/../lib/gcc/arm-none-eabi/13.3.1/thumb/v7e-m+fp/hard/crtbegin.o
 .text          0x08000210       0xa0 C:/ST/STM32CubeIDE_1.19.0/STM32CubeIDE/plugins/com.st.stm32cube.ide.mcu.externaltools.gnu-tools-for-stm32.13.3.rel1.win32_1.0.100.202509120712/tools/bin/../lib/gcc/arm-none-eabi/13.3.1/../../../../arm-none-eabi/lib/thumb/v7e-m+fp/hard\libc_nano.a(libc_a-memchr.o)
                0x08000210                memchr
 .text          0x080002b0       0x30 C:/ST/STM32CubeIDE_1.19.0/STM32CubeIDE/plugins/com.st.stm32cube.ide.mcu.externaltools.gnu-tools-for-stm32.13.3.rel1.win32_1.0.100.202509120712/tools/bin/../lib/gcc/arm-none-eabi/13.3.1/thumb/v7e-m+fp/hard\libgcc.a(_aeabi_uldivmod.o)
                0x080002b0                __aeabi_uldivmod
 .text          0x080002e0      0x2f8 C:/ST/STM32CubeIDE_1.19.0/STM32CubeIDE/plugins/com.st.stm32cube.ide.mcu.externaltools.gnu-tools-for-stm32.13.3.rel1.win32_1.0.100.202509120712/tools/bin/../lib/gcc/arm-none-eabi/13.3.1/thumb/v7e-m+fp/hard\libgcc.a(_udivmoddi4.o)
                0x080002e0                __udivmoddi4
 .text          0x080005d8        0x4 C:/ST/STM32CubeIDE_1.19.0/STM32CubeIDE/plugins/com.st.stm32cube.ide.mcu.externaltools.gnu-tools-for-stm32.13.3.rel1.win32_1.0.100.202509120712/tools/bin/../lib/gcc/arm-none-eabi/13.3.1/thumb/v7e-m+fp/hard\libgcc.a(_dvmd_tls.o)
                0x080005d8                __aeabi_idiv0
                0x080005d8                __aeabi_ldiv0
 *(.text*)
 .text.Get_Public_Key_X
                0x080005dc        0x8 ./Core/Src/keys.o
                0x080005dc                Get_Public_Key_X
 .text.Get_Public_Key_Y
                0x080005e4        0x8 ./Core/Src/keys.o
                0x080005e4                Get_Public_Key_Y
 .text.__NVIC_SystemReset
                0x080005ec       0x24 ./Core/Src/main.o
 .text.BL_RequestUpdate
                0x08000610       0x1c ./Core/Src/main.o
                0x08000610                BL_RequestUpdate
 .text.BL_GetStatus
                0x0800062c        0xc ./Core/Src/main.o
                0x0800062c                BL_GetStatus
 .text.Bootloader_SetStatus
                0x08000638       0x20 ./Core/Src/main.o
                0x08000638                Bootloader_SetStatus
 .text.Find_Footer
                0x08000658       0x40 ./Core/Src/main.o
                0x08000658                Find_Footer
 .text.Bootloader_InternalVerify
                0x08000698       0xb8 ./Core/Src/main.o
                0x08000698                Bootloader_InternalVerify
 .text.BL_VerifySlot
                0x08000750       0x1c ./Core/Src/main.o
                0x08000750                BL_VerifySlot
 .text.Install_Update_Stream
                0x0800076c       0xec ./Core/Src/main.o
                0x0800076c                Install_Update_Stream
 .text.Bootloader_HandleUpdate
                0x08000858       0x64 ./Core/Src/main.o
                0x08000858                Bootloader_HandleUpdate
 .text.Bootloader_JumpToApp
                0x080008bc      0x100 ./Core/Src/main.o
                0x080008bc                Bootloader_JumpToApp
 .text.SystemClock_Config
                0x080009bc       0xa0 ./Core/Src/main.o
                0x080009bc                SystemClock_Config
 .text.startup.main
                0x08000a5c      0x17c ./Core/Src/main.o
                0x08000a5c                main
 .text._write   0x08000bd8       0x38 ./Core/Src/main.o
                0x08000bd8                _write
 .text.Error_Handler
                0x08000c10        0x4 ./Core/Src/main.o
                0x08000c10                Error_Handler
 .text.HAL_MspInit
                0x08000c14       0x30 ./Core/Src/stm32f7xx_hal_msp.o
                0x08000c14                HAL_MspInit
 .text.HAL_CRC_MspInit
                0x08000c44       0x2c ./Core/Src/stm32f7xx_hal_msp.o
                0x08000c44                HAL_CRC_MspInit
 .text.HAL_RTC_MspInit
                0x08000c70       0x44 ./Core/Src/stm32f7xx_hal_msp.o
                0x08000c70                HAL_RTC_MspInit
 .text.HAL_UART_MspInit
                0x08000cb4       0xb0 ./Core/Src/stm32f7xx_hal_msp.o
                0x08000cb4                HAL_UART_MspInit
 .text.NMI_Handler
                0x08000d64        0x2 ./Core/Src/stm32f7xx_it.o
                0x08000d64                NMI_Handler
 .text.HardFault_Handler
                0x08000d66        0x2 ./Core/Src/stm32f7xx_it.o
                0x08000d66                HardFault_Handler
 .text.MemManage_Handler
                0x08000d68        0x2 ./Core/Src/stm32f7xx_it.o
                0x08000d68                MemManage_Handler
 .text.BusFault_Handler
                0x08000d6a        0x2 ./Core/Src/stm32f7xx_it.o
                0x08000d6a                BusFault_Handler
 .text.UsageFault_Handler
                0x08000d6c        0x2 ./Core/Src/stm32f7xx_it.o
                0x08000d6c                UsageFault_Handler
 .text.SVC_Handler
                0x08000d6e        0x2 ./Core/Src/stm32f7xx_it.o
                0x08000d6e                SVC_Handler
 .text.DebugMon_Handler
                0x08000d70        0x2 ./Core/Src/stm32f7xx_it.o
                0x08000d70                DebugMon_Handler
 .text.PendSV_Handler
                0x08000d72        0x2 ./Core/Src/stm32f7xx_it.o
                0x08000d72                PendSV_Handler
 .text.SysTick_Handler
                0x08000d74        0x4 ./Core/Src/stm32f7xx_it.o
                0x08000d74                SysTick_Handler
 .text._getpid  0x08000d78        0x4 ./Core/Src/syscalls.o
                0x08000d78                _getpid
 .text._kill    0x08000d7c       0x10 ./Core/Src/syscalls.o
                0x08000d7c                _kill
 .text._exit    0x08000d8c        0xc ./Core/Src/syscalls.o
                0x08000d8c                _exit
 .text._read    0x08000d98       0x1c ./Core/Src/syscalls.o
                0x08000d98                _read
 .text._close   0x08000db4        0x6 ./Core/Src/syscalls.o
                0x08000db4                _close
 .text._fstat   0x08000dba        0xa ./Core/Src/syscalls.o
                0x08000dba                _fstat
 .text._isatty  0x08000dc4        0x4 ./Core/Src/syscalls.o
                0x08000dc4                _isatty
 .text._lseek   0x08000dc8        0x4 ./Core/Src/syscalls.o
                0x08000dc8                _lseek
 .text._sbrk    0x08000dcc       0x40 ./Core/Src/sysmem.o
                0x08000dcc                _sbrk
 .text.SystemInit
                0x08000e0c       0x14 ./Core/Src/system_stm32f7xx.o
                0x08000e0c                SystemInit
 .text.Reset_Handler
                0x08000e20       0x50 ./Core/Startup/startup_stm32f746nghx.o
                0x08000e20                Reset_Handler
 .text.Default_Handler
                0x08000e70        0x2 ./Core/Startup/startup_stm32f746nghx.o
                0x08000e70                RTC_Alarm_IRQHandler
                0x08000e70                EXTI2_IRQHandler
                0x08000e70                TIM8_CC_IRQHandler
                0x08000e70                UART8_IRQHandler
                0x08000e70                SPI4_IRQHandler
                0x08000e70                TIM1_CC_IRQHandler
                0x08000e70                DMA2_Stream5_IRQHandler
                0x08000e70                DMA1_Stream5_IRQHandler
                0x08000e70                PVD_IRQHandler
                0x08000e70                TAMP_STAMP_IRQHandler
                0x08000e70                CAN2_RX1_IRQHandler
                0x08000e70                EXTI3_IRQHandler
                0x08000e70                TIM8_TRG_COM_TIM14_IRQHandler
                0x08000e70                TIM1_UP_TIM10_IRQHandler
                0x08000e70                TIM8_UP_TIM13_IRQHandler
                0x08000e70                I2C3_ER_IRQHandler
                0x08000e70                EXTI0_IRQHandler
                0x08000e70                I2C2_EV_IRQHandler
                0x08000e70                DMA1_Stream2_IRQHandler
                0x08000e70                CAN1_RX0_IRQHandler
                0x08000e70                FPU_IRQHandler
                0x08000e70                OTG_HS_WKUP_IRQHandler
                0x08000e70                LTDC_ER_IRQHandler
                0x08000e70                CAN2_SCE_IRQHandler
                0x08000e70                DMA2_Stream2_IRQHandler
                0x08000e70                SPI1_IRQHandler
                0x08000e70                TIM6_DAC_IRQHandler
                0x08000e70                TIM1_BRK_TIM9_IRQHandler
                0x08000e70                DCMI_IRQHandler
                0x08000e70                CAN2_RX0_IRQHandler
                0x08000e70                DMA2_Stream3_IRQHandler
                0x08000e70                SAI2_IRQHandler
                0x08000e70                USART6_IRQHandler
                0x08000e70                USART3_IRQHandler
                0x08000e70                CAN1_RX1_IRQHandler
                0x08000e70                UART5_IRQHandler
                0x08000e70                DMA2_Stream0_IRQHandler
                0x08000e70                TIM4_IRQHandler
                0x08000e70                QUADSPI_IRQHandler
                0x08000e70                I2C1_EV_IRQHandler
                0x08000e70                DMA1_Stream6_IRQHandler
                0x08000e70                DMA1_Stream1_IRQHandler
                0x08000e70                UART4_IRQHandler
                0x08000e70                TIM3_IRQHandler
                0x08000e70                RCC_IRQHandler
                0x08000e70                TIM8_BRK_TIM12_IRQHandler
                0x08000e70                Default_Handler
                0x08000e70                CEC_IRQHandler
                0x08000e70                EXTI15_10_IRQHandler
                0x08000e70                ADC_IRQHandler
                0x08000e70                DMA1_Stream7_IRQHandler
                0x08000e70                SPI5_IRQHandler
                0x08000e70                TIM7_IRQHandler
                0x08000e70                SDMMC1_IRQHandler
                0x08000e70                CAN2_TX_IRQHandler
                0x08000e70                TIM5_IRQHandler
                0x08000e70                DMA2_Stream7_IRQHandler
                0x08000e70                I2C3_EV_IRQHandler
                0x08000e70                EXTI9_5_IRQHandler
                0x08000e70                RTC_WKUP_IRQHandler
                0x08000e70                LTDC_IRQHandler
                0x08000e70                ETH_WKUP_IRQHandler
                0x08000e70                SPDIF_RX_IRQHandler
                0x08000e70                SPI2_IRQHandler
                0x08000e70                OTG_HS_EP1_IN_IRQHandler
                0x08000e70                DMA1_Stream0_IRQHandler
                0x08000e70                CAN1_TX_IRQHandler
                0x08000e70                EXTI4_IRQHandler
                0x08000e70                RNG_IRQHandler
                0x08000e70                ETH_IRQHandler
                0x08000e70                OTG_HS_EP1_OUT_IRQHandler
                0x08000e70                WWDG_IRQHandler
                0x08000e70                SPI6_IRQHandler
                0x08000e70                I2C4_EV_IRQHandler
                0x08000e70                TIM2_IRQHandler
                0x08000e70                OTG_FS_WKUP_IRQHandler
                0x08000e70                TIM1_TRG_COM_TIM11_IRQHandler
                0x08000e70                OTG_HS_IRQHandler
                0x08000e70                DMA2D_IRQHandler
                0x08000e70                EXTI1_IRQHandler
                0x08000e70                UART7_IRQHandler
                0x08000e70                USART2_IRQHandler
                0x08000e70                I2C2_ER_IRQHandler
                0x08000e70                DMA2_Stream1_IRQHandler
                0x08000e70                CAN1_SCE_IRQHandler
                0x08000e70                FLASH_IRQHandler
                0x08000e70                DMA2_Stream4_IRQHandler
                0x08000e70                USART1_IRQHandler
                0x08000e70                OTG_FS_IRQHandler
                0x08000e70                SPI3_IRQHandler
                0x08000e70                DMA1_Stream4_IRQHandler
                0x08000e70                I2C1_ER_IRQHandler
                0x08000e70                FMC_IRQHandler
                0x08000e70                LPTIM1_IRQHandler
                0x08000e70                I2C4_ER_IRQHandler
                0x08000e70                DMA2_Stream6_IRQHandler
                0x08000e70                SAI1_IRQHandler
                0x08000e70                DMA1_Stream3_IRQHandler
 .text.HAL_MspDeInit
                0x08000e72        0x2 ./Drivers/STM32F7xx_HAL_Driver/Src/stm32f7xx_hal.o
                0x08000e72                HAL_MspDeInit
 .text.HAL_DeInit
                0x08000e74       0x2c ./Drivers/STM32F7xx_HAL_Driver/Src/stm32f7xx_hal.o
                0x08000e74                HAL_DeInit
 .text.HAL_InitTick
                0x08000ea0       0x48 ./Drivers/STM32F7xx_HAL_Driver/Src/stm32f7xx_hal.o
                0x08000ea0                HAL_InitTick
 .text.HAL_Init
                0x08000ee8       0x16 ./Drivers/STM32F7xx_HAL_Driver/Src/stm32f7xx_hal.o
                0x08000ee8                HAL_Init
 *fill*         0x08000efe        0x2 
 .text.HAL_IncTick
                0x08000f00       0x18 ./Drivers/STM32F7xx_HAL_Driver/Src/stm32f7xx_hal.o
                0x08000f00                HAL_IncTick
 .text.HAL_GetTick
                0x08000f18        0xc ./Drivers/STM32F7xx_HAL_Driver/Src/stm32f7xx_hal.o
                0x08000f18                HAL_GetTick
 .text.HAL_NVIC_SetPriorityGrouping
                0x08000f24       0x24 ./Drivers/STM32F7xx_HAL_Driver/Src/stm32f7xx_hal_cortex.o
                0x08000f24                HAL_NVIC_SetPriorityGrouping
 .text.HAL_NVIC_SetPriority
                0x08000f48       0x64 ./Drivers/STM32F7xx_HAL_Driver/Src/stm32f7xx_hal_cortex.o
                0x08000f48                HAL_NVIC_SetPriority
 .text.HAL_SYSTICK_Config
                0x08000fac       0x28 ./Drivers/STM32F7xx_HAL_Driver/Src/stm32f7xx_hal_cortex.o
                0x08000fac                HAL_SYSTICK_Config
 .text.HAL_MPU_Disable
                0x08000fd4       0x1c ./Drivers/STM32F7xx_HAL_Driver/Src/stm32f7xx_hal_cortex.o
                0x08000fd4                HAL_MPU_Disable
 .text.HAL_MPU_Enable
                0x08000ff0       0x20 ./Drivers/STM32F7xx_HAL_Driver/Src/stm32f7xx_hal_cortex.o
                0x08000ff0                HAL_MPU_Enable
 .text.HAL_MPU_ConfigRegion
                0x08001010       0x58 ./Drivers/STM32F7xx_HAL_Driver/Src/stm32f7xx_hal_cortex.o
                0x08001010                HAL_MPU_ConfigRegion
 .text.HAL_CRC_Init
                0x08001068       0x74 ./Drivers/STM32F7xx_HAL_Driver/Src/stm32f7xx_hal_crc.o
                0x08001068                HAL_CRC_Init
 .text.HAL_CRCEx_Polynomial_Set
                0x080010dc       0x4e ./Drivers/STM32F7xx_HAL_Driver/Src/stm32f7xx_hal_crc_ex.o
                0x080010dc                HAL_CRCEx_Polynomial_Set
 *fill*         0x0800112a        0x2 
 .text.FLASH_Program_DoubleWord
                0x0800112c       0x30 ./Drivers/STM32F7xx_HAL_Driver/Src/stm32f7xx_hal_flash.o
 .text.FLASH_Program_Word
                0x0800115c       0x28 ./Drivers/STM32F7xx_HAL_Driver/Src/stm32f7xx_hal_flash.o
 .text.FLASH_Program_HalfWord
                0x08001184       0x28 ./Drivers/STM32F7xx_HAL_Driver/Src/stm32f7xx_hal_flash.o
 .text.FLASH_Program_Byte
                0x080011ac       0x24 ./Drivers/STM32F7xx_HAL_Driver/Src/stm32f7xx_hal_flash.o
 .text.FLASH_SetErrorCode
                0x080011d0       0x64 ./Drivers/STM32F7xx_HAL_Driver/Src/stm32f7xx_hal_flash.o
 .text.HAL_FLASH_Unlock
                0x08001234       0x24 ./Drivers/STM32F7xx_HAL_Driver/Src/stm32f7xx_hal_flash.o
                0x08001234                HAL_FLASH_Unlock
 .text.HAL_FLASH_Lock
                0x08001258       0x14 ./Drivers/STM32F7xx_HAL_Driver/Src/stm32f7xx_hal_flash.o
                0x08001258                HAL_FLASH_Lock
 .text.FLASH_WaitForLastOperation
                0x0800126c       0x58 ./Drivers/STM32F7xx_HAL_Driver/Src/stm32f7xx_hal_flash.o
                0x0800126c                FLASH_WaitForLastOperation
 .text.HAL_FLASH_Program
                0x080012c4       0x7c ./Drivers/STM32F7xx_HAL_Driver/Src/stm32f7xx_hal_flash.o
                0x080012c4                HAL_FLASH_Program
 .text.FLASH_MassErase
                0x08001340       0x28 ./Drivers/STM32F7xx_HAL_Driver/Src/stm32f7xx_hal_flash_ex.o
 .text.FLASH_Erase_Sector
                0x08001368       0x40 ./Drivers/STM32F7xx_HAL_Driver/Src/stm32f7xx_hal_flash_ex.o
                0x08001368                FLASH_Erase_Sector
 .text.HAL_FLASHEx_Erase
                0x080013a8       0x9c ./Drivers/STM32F7xx_HAL_Driver/Src/stm32f7xx_hal_flash_ex.o
                0x080013a8                HAL_FLASHEx_Erase
 .text.HAL_GPIO_Init
                0x08001444      0x1c8 ./Drivers/STM32F7xx_HAL_Driver/Src/stm32f7xx_hal_gpio.o
                0x08001444                HAL_GPIO_Init
 .text.HAL_PWR_EnableBkUpAccess
                0x0800160c       0x10 ./Drivers/STM32F7xx_HAL_Driver/Src/stm32f7xx_hal_pwr.o
                0x0800160c                HAL_PWR_EnableBkUpAccess
 .text.HAL_PWREx_DisableBkUpReg
                0x0800161c       0x38 ./Drivers/STM32F7xx_HAL_Driver/Src/stm32f7xx_hal_pwr_ex.o
                0x0800161c                HAL_PWREx_DisableBkUpReg
 .text.HAL_PWREx_EnableOverDrive
                0x08001654       0x70 ./Drivers/STM32F7xx_HAL_Driver/Src/stm32f7xx_hal_pwr_ex.o
                0x08001654                HAL_PWREx_EnableOverDrive
 .text.HAL_RCC_DeInit
                0x080016c4      0x134 ./Drivers/STM32F7xx_HAL_Driver/Src/stm32f7xx_hal_rcc.o
                0x080016c4                HAL_RCC_DeInit
 .text.HAL_RCC_OscConfig
                0x080017f8      0x374 ./Drivers/STM32F7xx_HAL_Driver/Src/stm32f7xx_hal_rcc.o
                0x080017f8                HAL_RCC_OscConfig
 .text.HAL_RCC_GetSysClockFreq
                0x08001b6c       0x5c ./Drivers/STM32F7xx_HAL_Driver/Src/stm32f7xx_hal_rcc.o
                0x08001b6c                HAL_RCC_GetSysClockFreq
 .text.HAL_RCC_ClockConfig
                0x08001bc8      0x13c ./Drivers/STM32F7xx_HAL_Driver/Src/stm32f7xx_hal_rcc.o
                0x08001bc8                HAL_RCC_ClockConfig
 .text.HAL_RCC_GetPCLK1Freq
                0x08001d04       0x20 ./Drivers/STM32F7xx_HAL_Driver/Src/stm32f7xx_hal_rcc.o
                0x08001d04                HAL_RCC_GetPCLK1Freq
 .text.HAL_RCC_GetPCLK2Freq
                0x08001d24       0x20 ./Drivers/STM32F7xx_HAL_Driver/Src/stm32f7xx_hal_rcc.o
                0x08001d24                HAL_RCC_GetPCLK2Freq
 .text.HAL_RCCEx_PeriphCLKConfig
                0x08001d44      0x514 ./Drivers/STM32F7xx_HAL_Driver/Src/stm32f7xx_hal_rcc_ex.o
                0x08001d44                HAL_RCCEx_PeriphCLKConfig
 .text.HAL_RTC_WaitForSynchro
                0x08002258       0x30 ./Drivers/STM32F7xx_HAL_Driver/Src/stm32f7xx_hal_rtc.o
                0x08002258                HAL_RTC_WaitForSynchro
 .text.RTC_EnterInitMode
                0x08002288       0x42 ./Drivers/STM32F7xx_HAL_Driver/Src/stm32f7xx_hal_rtc.o
                0x08002288                RTC_EnterInitMode
 .text.RTC_ExitInitMode
                0x080022ca       0x28 ./Drivers/STM32F7xx_HAL_Driver/Src/stm32f7xx_hal_rtc.o
                0x080022ca                RTC_ExitInitMode
 .text.HAL_RTC_Init
                0x080022f2       0x90 ./Drivers/STM32F7xx_HAL_Driver/Src/stm32f7xx_hal_rtc.o
                0x080022f2                HAL_RTC_Init
 .text.RTC_ByteToBcd2
                0x08002382       0x16 ./Drivers/STM32F7xx_HAL_Driver/Src/stm32f7xx_hal_rtc.o
                0x08002382                RTC_ByteToBcd2
 .text.HAL_RTC_SetTime
                0x08002398       0xb2 ./Drivers/STM32F7xx_HAL_Driver/Src/stm32f7xx_hal_rtc.o
                0x08002398                HAL_RTC_SetTime
 .text.HAL_RTC_SetDate
                0x0800244a       0x8c ./Drivers/STM32F7xx_HAL_Driver/Src/stm32f7xx_hal_rtc.o
                0x0800244a                HAL_RTC_SetDate
 .text.HAL_RTCEx_BKUPWrite
                0x080024d6        0xa ./Drivers/STM32F7xx_HAL_Driver/Src/stm32f7xx_hal_rtc_ex.o
                0x080024d6                HAL_RTCEx_BKUPWrite
 .text.HAL_RTCEx_BKUPRead
                0x080024e0        0xa ./Drivers/STM32F7xx_HAL_Driver/Src/stm32f7xx_hal_rtc_ex.o
                0x080024e0                HAL_RTCEx_BKUPRead
 .text.UART_EndRxTransfer
                0x080024ea       0x50 ./Drivers/STM32F7xx_HAL_Driver/Src/stm32f7xx_hal_uart.o
 *fill*         0x0800253a        0x2 
 .text.UART_SetConfig
                0x0800253c      0x1fc ./Drivers/STM32F7xx_HAL_Driver/Src/stm32f7xx_hal_uart.o
                0x0800253c                UART_SetConfig
 .text.UART_AdvFeatureConfig
                0x08002738       0xaa ./Drivers/STM32F7xx_HAL_Driver/Src/stm32f7xx_hal_uart.o
                0x08002738                UART_AdvFeatureConfig
 .text.UART_WaitOnFlagUntilTimeout
                0x080027e2       0x90 ./Drivers/STM32F7xx_HAL_Driver/Src/stm32f7xx_hal_uart.o
                0x080027e2                UART_WaitOnFlagUntilTimeout
 .text.UART_CheckIdleState
                0x08002872       0x5e ./Drivers/STM32F7xx_HAL_Driver/Src/stm32f7xx_hal_uart.o
                0x08002872                UART_CheckIdleState
 .text.HAL_UART_Init
                0x080028d0       0x5c ./Drivers/STM32F7xx_HAL_Driver/Src/stm32f7xx_hal_uart.o
                0x080028d0                HAL_UART_Init
 .text.LZ4_decompress_safe
                0x0800292c      0x2b8 ./Libs/lz4/Src/lz4.o
                0x0800292c                LZ4_decompress_safe
 .text.add_round_key
                0x08002be4       0x8a ./Libs/tinycrypt/Src/aes_decrypt.o
 *fill*         0x08002c6e        0x2 
 .text.inv_sub_bytes
                0x08002c70       0x18 ./Libs/tinycrypt/Src/aes_decrypt.o
 .text.inv_shift_rows
                0x08002c88       0x72 ./Libs/tinycrypt/Src/aes_decrypt.o
 .text.mult_row_column
                0x08002cfa      0x252 ./Libs/tinycrypt/Src/aes_decrypt.o
 .text.tc_aes128_set_decrypt_key
                0x08002f4c        0x4 ./Libs/tinycrypt/Src/aes_decrypt.o
                0x08002f4c                tc_aes128_set_decrypt_key
 .text.tc_aes_decrypt
                0x08002f50       0xae ./Libs/tinycrypt/Src/aes_decrypt.o
                0x08002f50                tc_aes_decrypt
 *fill*         0x08002ffe        0x2 
 .text.tc_aes128_set_encrypt_key
                0x08003000       0xac ./Libs/tinycrypt/Src/aes_encrypt.o
                0x08003000                tc_aes128_set_encrypt_key
 .text.tc_cbc_mode_decrypt
                0x080030ac       0x6a ./Libs/tinycrypt/Src/cbc_mode.o
                0x080030ac                tc_cbc_mode_decrypt
 .text.uECC_vli_add
                0x08003116       0x32 ./Libs/tinycrypt/Src/ecc.o
 .text.uECC_vli_rshift1
                0x08003148       0x1a ./Libs/tinycrypt/Src/ecc.o
 .text.vli_modInv_update
                0x08003162       0x38 ./Libs/tinycrypt/Src/ecc.o
 .text.uECC_vli_mult
                0x0800319a       0xd8 ./Libs/tinycrypt/Src/ecc.o
 .text.uECC_vli_clear
                0x08003272       0x16 ./Libs/tinycrypt/Src/ecc.o
                0x08003272                uECC_vli_clear
 .text.uECC_vli_isZero
                0x08003288       0x1e ./Libs/tinycrypt/Src/ecc.o
                0x08003288                uECC_vli_isZero
 .text.uECC_vli_testBit
                0x080032a6       0x12 ./Libs/tinycrypt/Src/ecc.o
                0x080032a6                uECC_vli_testBit
 .text.uECC_vli_numBits
                0x080032b8       0x36 ./Libs/tinycrypt/Src/ecc.o
                0x080032b8                uECC_vli_numBits
 .text.uECC_vli_set
                0x080032ee       0x18 ./Libs/tinycrypt/Src/ecc.o
                0x080032ee                uECC_vli_set
 .text.uECC_vli_cmp_unsafe
                0x08003306       0x2a ./Libs/tinycrypt/Src/ecc.o
                0x08003306                uECC_vli_cmp_unsafe
 .text.uECC_vli_equal
                0x08003330       0x24 ./Libs/tinycrypt/Src/ecc.o
                0x08003330                uECC_vli_equal
 .text.uECC_vli_sub
                0x08003354       0x34 ./Libs/tinycrypt/Src/ecc.o
                0x08003354                uECC_vli_sub
 .text.vli_mmod_fast_secp256r1
                0x08003388      0x180 ./Libs/tinycrypt/Src/ecc.o
                0x08003388                vli_mmod_fast_secp256r1
 .text.uECC_vli_modAdd
                0x08003508       0x32 ./Libs/tinycrypt/Src/ecc.o
                0x08003508                uECC_vli_modAdd
 .text.uECC_vli_modSub
                0x0800353a       0x24 ./Libs/tinycrypt/Src/ecc.o
                0x0800353a                uECC_vli_modSub
 .text.uECC_vli_mmod
                0x0800355e      0x134 ./Libs/tinycrypt/Src/ecc.o
                0x0800355e                uECC_vli_mmod
 .text.uECC_vli_modMult
                0x08003692       0x20 ./Libs/tinycrypt/Src/ecc.o
                0x08003692                uECC_vli_modMult
 .text.uECC_vli_modMult_fast
                0x080036b2       0x20 ./Libs/tinycrypt/Src/ecc.o
                0x080036b2                uECC_vli_modMult_fast
 .text.uECC_vli_modSquare_fast
                0x080036d2        0x8 ./Libs/tinycrypt/Src/ecc.o
 .text.double_jacobian_default
                0x080036da      0x152 ./Libs/tinycrypt/Src/ecc.o
                0x080036da                double_jacobian_default
 .text.x_side_default
                0x0800382c       0x5e ./Libs/tinycrypt/Src/ecc.o
                0x0800382c                x_side_default
 .text.uECC_vli_modInv
                0x0800388a      0x108 ./Libs/tinycrypt/Src/ecc.o
                0x0800388a                uECC_vli_modInv
 *fill*         0x08003992        0x2 
 .text.uECC_secp256r1
                0x08003994        0x8 ./Libs/tinycrypt/Src/ecc.o
                0x08003994                uECC_secp256r1
 .text.apply_z  0x0800399c       0x3e ./Libs/tinycrypt/Src/ecc.o
                0x0800399c                apply_z
 .text.XYcZ_add
                0x080039da       0xce ./Libs/tinycrypt/Src/ecc.o
                0x080039da                XYcZ_add
 .text.uECC_vli_bytesToNative
                0x08003aa8       0x3c ./Libs/tinycrypt/Src/ecc.o
                0x08003aa8                uECC_vli_bytesToNative
 .text.bits2int
                0x08003ae4       0x90 ./Libs/tinycrypt/Src/ecc_dsa.o
 .text.uECC_verify
                0x08003b74      0x2c6 ./Libs/tinycrypt/Src/ecc_dsa.o
                0x08003b74                uECC_verify
 *fill*         0x08003e3a        0x2 
 .text.compress
                0x08003e3c      0x1cc ./Libs/tinycrypt/Src/sha256.o
 .text.tc_sha256_init
                0x08004008       0x58 ./Libs/tinycrypt/Src/sha256.o
                0x08004008                tc_sha256_init
 .text.tc_sha256_update
                0x08004060       0x4c ./Libs/tinycrypt/Src/sha256.o
                0x08004060                tc_sha256_update
 .text.tc_sha256_final
                0x080040ac       0xbc ./Libs/tinycrypt/Src/sha256.o
                0x080040ac                tc_sha256_final
 .text._copy    0x08004168       0x1a ./Libs/tinycrypt/Src/utils.o
                0x08004168                _copy
 .text._set     0x08004182        0x4 ./Libs/tinycrypt/Src/utils.o
                0x08004182                _set
 .text._double_byte
                0x08004186       0x12 ./Libs/tinycrypt/Src/utils.o
                0x08004186                _double_byte
 .text.__assert_func
                0x08004198       0x3c C:/ST/STM32CubeIDE_1.19.0/STM32CubeIDE/plugins/com.st.stm32cube.ide.mcu.externaltools.gnu-tools-for-stm32.13.3.rel1.win32_1.0.100.202509120712/tools/bin/../lib/gcc/arm-none-eabi/13.3.1/../../../../arm-none-eabi/lib/thumb/v7e-m+fp/hard\libc_nano.a(libc_a-assert.o)
                0x08004198                __assert_func
 .text.sbrk_aligned
                0x080041d4       0x44 C:/ST/STM32CubeIDE_1.19.0/STM32CubeIDE/plugins/com.st.stm32cube.ide.mcu.externaltools.gnu-tools-for-stm32.13.3.rel1.win32_1.0.100.202509120712/tools/bin/../lib/gcc/arm-none-eabi/13.3.1/../../../../arm-none-eabi/lib/thumb/v7e-m+fp/hard\libc_nano.a(libc_a-mallocr.o)
 .text._malloc_r
                0x08004218      0x100 C:/ST/STM32CubeIDE_1.19.0/STM32CubeIDE/plugins/com.st.stm32cube.ide.mcu.externaltools.gnu-tools-for-stm32.13.3.rel1.win32_1.0.100.202509120712/tools/bin/../lib/gcc/arm-none-eabi/13.3.1/../../../../arm-none-eabi/lib/thumb/v7e-m+fp/hard\libc_nano.a(libc_a-mallocr.o)
                0x08004218                _malloc_r
 .text.__malloc_lock
                0x08004318        0xc C:/ST/STM32CubeIDE_1.19.0/STM32CubeIDE/plugins/com.st.stm32cube.ide.mcu.externaltools.gnu-tools-for-stm32.13.3.rel1.win32_1.0.100.202509120712/tools/bin/../lib/gcc/arm-none-eabi/13.3.1/../../../../arm-none-eabi/lib/thumb/v7e-m+fp/hard\libc_nano.a(libc_a-mlock.o)
                0x08004318                __malloc_lock
 .text.__malloc_unlock
                0x08004324        0xc C:/ST/STM32CubeIDE_1.19.0/STM32CubeIDE/plugins/com.st.stm32cube.ide.mcu.externaltools.gnu-tools-for-stm32.13.3.rel1.win32_1.0.100.202509120712/tools/bin/../lib/gcc/arm-none-eabi/13.3.1/../../../../arm-none-eabi/lib/thumb/v7e-m+fp/hard\libc_nano.a(libc_a-mlock.o)
                0x08004324                __malloc_unlock
 .text.std      0x08004330       0x6c C:/ST/STM32CubeIDE_1.19.0/STM32CubeIDE/plugins/com.st.stm32cube.ide.mcu.externaltools.gnu-tools-for-stm32.13.3.rel1.win32_1.0.100.202509120712/tools/bin/../lib/gcc/arm-none-eabi/13.3.1/../../../../arm-none-eabi/lib/thumb/v7e-m+fp/hard\libc_nano.a(libc_a-findfp.o)
 .text.stdio_exit_handler
                0x0800439c       0x18 C:/ST/STM32CubeIDE_1.19.0/STM32CubeIDE/plugins/com.st.stm32cube.ide.mcu.externaltools.gnu-tools-for-stm32.13.3.rel1.win32_1.0.100.202509120712/tools/bin/../lib/gcc/arm-none-eabi/13.3.1/../../../../arm-none-eabi/lib/thumb/v7e-m+fp/hard\libc_nano.a(libc_a-findfp.o)
 .text.cleanup_stdio
                0x080043b4       0x40 C:/ST/STM32CubeIDE_1.19.0/STM32CubeIDE/plugins/com.st.stm32cube.ide.mcu.externaltools.gnu-tools-for-stm32.13.3.rel1.win32_1.0.100.202509120712/tools/bin/../lib/gcc/arm-none-eabi/13.3.1/../../../../arm-none-eabi/lib/thumb/v7e-m+fp/hard\libc_nano.a(libc_a-findfp.o)
 .text.global_stdio_init.part.0
                0x080043f4       0x3c C:/ST/STM32CubeIDE_1.19.0/STM32CubeIDE/plugins/com.st.stm32cube.ide.mcu.externaltools.gnu-tools-for-stm32.13.3.rel1.win32_1.0.100.202509120712/tools/bin/../lib/gcc/arm-none-eabi/13.3.1/../../../../arm-none-eabi/lib/thumb/v7e-m+fp/hard\libc_nano.a(libc_a-findfp.o)
 .text.__sfp_lock_acquire
                0x08004430        0xc C:/ST/STM32CubeIDE_1.19.0/STM32CubeIDE/plugins/com.st.stm32cube.ide.mcu.externaltools.gnu-tools-for-stm32.13.3.rel1.win32_1.0.100.202509120712/tools/bin/../lib/gcc/arm-none-eabi/13.3.1/../../../../arm-none-eabi/lib/thumb/v7e-m+fp/hard\libc_nano.a(libc_a-findfp.o)
                0x08004430                __sfp_lock_acquire
 .text.__sfp_lock_release
                0x0800443c        0xc C:/ST/STM32CubeIDE_1.19.0/STM32CubeIDE/plugins/com.st.stm32cube.ide.mcu.externaltools.gnu-tools-for-stm32.13.3.rel1.win32_1.0.100.202509120712/tools/bin/../lib/gcc/arm-none-eabi/13.3.1/../../../../arm-none-eabi/lib/thumb/v7e-m+fp/hard\libc_nano.a(libc_a-findfp.o)
                0x0800443c                __sfp_lock_release
 .text.__sinit  0x08004448       0x30 C:/ST/STM32CubeIDE_1.19.0/STM32CubeIDE/plugins/com.st.stm32cube.ide.mcu.externaltools.gnu-tools-for-stm32.13.3.rel1.win32_1.0.100.202509120712/tools/bin/../lib/gcc/arm-none-eabi/13.3.1/../../../../arm-none-eabi/lib/thumb/v7e-m+fp/hard\libc_nano.a(libc_a-findfp.o)
                0x08004448                __sinit
 .text.fprintf  0x08004478       0x24 C:/ST/STM32CubeIDE_1.19.0/STM32CubeIDE/plugins/com.st.stm32cube.ide.mcu.externaltools.gnu-tools-for-stm32.13.3.rel1.win32_1.0.100.202509120712/tools/bin/../lib/gcc/arm-none-eabi/13.3.1/../../../../arm-none-eabi/lib/thumb/v7e-m+fp/hard\libc_nano.a(libc_a-fprintf.o)
                0x08004478                fiprintf
                0x08004478                fprintf
 .text._fwalk_sglue
                0x0800449c       0x3c C:/ST/STM32CubeIDE_1.19.0/STM32CubeIDE/plugins/com.st.stm32cube.ide.mcu.externaltools.gnu-tools-for-stm32.13.3.rel1.win32_1.0.100.202509120712/tools/bin/../lib/gcc/arm-none-eabi/13.3.1/../../../../arm-none-eabi/lib/thumb/v7e-m+fp/hard\libc_nano.a(libc_a-fwalk.o)
                0x0800449c                _fwalk_sglue
 .text.printf   0x080044d8       0x24 C:/ST/STM32CubeIDE_1.19.0/STM32CubeIDE/plugins/com.st.stm32cube.ide.mcu.externaltools.gnu-tools-for-stm32.13.3.rel1.win32_1.0.100.202509120712/tools/bin/../lib/gcc/arm-none-eabi/13.3.1/../../../../arm-none-eabi/lib/thumb/v7e-m+fp/hard\libc_nano.a(libc_a-printf.o)
                0x080044d8                iprintf
                0x080044d8                printf
 .text.__sread  0x080044fc       0x22 C:/ST/STM32CubeIDE_1.19.0/STM32CubeIDE/plugins/com.st.stm32cube.ide.mcu.externaltools.gnu-tools-for-stm32.13.3.rel1.win32_1.0.100.202509120712/tools/bin/../lib/gcc/arm-none-eabi/13.3.1/../../../../arm-none-eabi/lib/thumb/v7e-m+fp/hard\libc_nano.a(libc_a-stdio.o)
                0x080044fc                __sread
 .text.__swrite
                0x0800451e       0x38 C:/ST/STM32CubeIDE_1.19.0/STM32CubeIDE/plugins/com.st.stm32cube.ide.mcu.externaltools.gnu-tools-for-stm32.13.3.rel1.win32_1.0.100.202509120712/tools/bin/../lib/gcc/arm-none-eabi/13.3.1/../../../../arm-none-eabi/lib/thumb/v7e-m+fp/hard\libc_nano.a(libc_a-stdio.o)
                0x0800451e                __swrite
 .text.__sseek  0x08004556       0x24 C:/ST/STM32CubeIDE_1.19.0/STM32CubeIDE/plugins/com.st.stm32cube.ide.mcu.externaltools.gnu-tools-for-stm32.13.3.rel1.win32_1.0.100.202509120712/tools/bin/../lib/gcc/arm-none-eabi/13.3.1/../../../../arm-none-eabi/lib/thumb/v7e-m+fp/hard\libc_nano.a(libc_a-stdio.o)
                0x08004556                __sseek
 .text.__sclose
                0x0800457a        0x8 C:/ST/STM32CubeIDE_1.19.0/STM32CubeIDE/plugins/com.st.stm32cube.ide.mcu.externaltools.gnu-tools-for-stm32.13.3.rel1.win32_1.0.100.202509120712/tools/bin/../lib/gcc/arm-none-eabi/13.3.1/../../../../arm-none-eabi/lib/thumb/v7e-m+fp/hard\libc_nano.a(libc_a-stdio.o)
                0x0800457a                __sclose
 .text.memmove  0x08004582       0x34 C:/ST/STM32CubeIDE_1.19.0/STM32CubeIDE/plugins/com.st.stm32cube.ide.mcu.externaltools.gnu-tools-for-stm32.13.3.rel1.win32_1.0.100.202509120712/tools/bin/../lib/gcc/arm-none-eabi/13.3.1/../../../../arm-none-eabi/lib/thumb/v7e-m+fp/hard\libc_nano.a(libc_a-memmove.o)
                0x08004582                memmove
 .text.memset   0x080045b6       0x10 C:/ST/STM32CubeIDE_1.19.0/STM32CubeIDE/plugins/com.st.stm32cube.ide.mcu.externaltools.gnu-tools-for-stm32.13.3.rel1.win32_1.0.100.202509120712/tools/bin/../lib/gcc/arm-none-eabi/13.3.1/../../../../arm-none-eabi/lib/thumb/v7e-m+fp/hard\libc_nano.a(libc_a-memset.o)
                0x080045b6                memset
 *fill*         0x080045c6        0x2 
 .text._close_r
                0x080045c8       0x20 C:/ST/STM32CubeIDE_1.19.0/STM32CubeIDE/plugins/com.st.stm32cube.ide.mcu.externaltools.gnu-tools-for-stm32.13.3.rel1.win32_1.0.100.202509120712/tools/bin/../lib/gcc/arm-none-eabi/13.3.1/../../../../arm-none-eabi/lib/thumb/v7e-m+fp/hard\libc_nano.a(libc_a-closer.o)
                0x080045c8                _close_r
 .text._lseek_r
                0x080045e8       0x24 C:/ST/STM32CubeIDE_1.19.0/STM32CubeIDE/plugins/com.st.stm32cube.ide.mcu.externaltools.gnu-tools-for-stm32.13.3.rel1.win32_1.0.100.202509120712/tools/bin/../lib/gcc/arm-none-eabi/13.3.1/../../../../arm-none-eabi/lib/thumb/v7e-m+fp/hard\libc_nano.a(libc_a-lseekr.o)
                0x080045e8                _lseek_r
 .text._read_r  0x0800460c       0x24 C:/ST/STM32CubeIDE_1.19.0/STM32CubeIDE/plugins/com.st.stm32cube.ide.mcu.externaltools.gnu-tools-for-stm32.13.3.rel1.win32_1.0.100.202509120712/tools/bin/../lib/gcc/arm-none-eabi/13.3.1/../../../../arm-none-eabi/lib/thumb/v7e-m+fp/hard\libc_nano.a(libc_a-readr.o)
                0x0800460c                _read_r
 .text._sbrk_r  0x08004630       0x20 C:/ST/STM32CubeIDE_1.19.0/STM32CubeIDE/plugins/com.st.stm32cube.ide.mcu.externaltools.gnu-tools-for-stm32.13.3.rel1.win32_1.0.100.202509120712/tools/bin/../lib/gcc/arm-none-eabi/13.3.1/../../../../arm-none-eabi/lib/thumb/v7e-m+fp/hard\libc_nano.a(libc_a-sbrkr.o)
                0x08004630                _sbrk_r
 .text._write_r
                0x08004650       0x24 C:/ST/STM32CubeIDE_1.19.0/STM32CubeIDE/plugins/com.st.stm32cube.ide.mcu.externaltools.gnu-tools-for-stm32.13.3.rel1.win32_1.0.100.202509120712/tools/bin/../lib/gcc/arm-none-eabi/13.3.1/../../../../arm-none-eabi/lib/thumb/v7e-m+fp/hard\libc_nano.a(libc_a-writer.o)
                0x08004650                _write_r
 .text.__errno  0x08004674        0xc C:/ST/STM32CubeIDE_1.19.0/STM32CubeIDE/plugins/com.st.stm32cube.ide.mcu.externaltools.gnu-tools-for-stm32.13.3.rel1.win32_1.0.100.202509120712/tools/bin/../lib/gcc/arm-none-eabi/13.3.1/../../../../arm-none-eabi/lib/thumb/v7e-m+fp/hard\libc_nano.a(libc_a-errno.o)
                0x08004674                __errno
 .text.__libc_init_array
                0x08004680       0x48 C:/ST/STM32CubeIDE_1.19.0/STM32CubeIDE/plugins/com.st.stm32cube.ide.mcu.externaltools.gnu-tools-for-stm32.13.3.rel1.win32_1.0.100.202509120712/tools/bin/../lib/gcc/arm-none-eabi/13.3.1/../../../../arm-none-eabi/lib/thumb/v7e-m+fp/hard\libc_nano.a(libc_a-init.o)
                0x08004680                __libc_init_array
 .text.__retarget_lock_init_recursive
                0x080046c8        0x2 C:/ST/STM32CubeIDE_1.19.0/STM32CubeIDE/plugins/com.st.stm32cube.ide.mcu.externaltools.gnu-tools-for-stm32.13.3.rel1.win32_1.0.100.202509120712/tools/bin/../lib/gcc/arm-none-eabi/13.3.1/../../../../arm-none-eabi/lib/thumb/v7e-m+fp/hard\libc_nano.a(libc_a-lock.o)
                0x080046c8                __retarget_lock_init_recursive
 .text.__retarget_lock_acquire_recursive
                0x080046ca        0x2 C:/ST/STM32CubeIDE_1.19.0/STM32CubeIDE/plugins/com.st.stm32cube.ide.mcu.externaltools.gnu-tools-for-stm32.13.3.rel1.win32_1.0.100.202509120712/tools/bin/../lib/gcc/arm-none-eabi/13.3.1/../../../../arm-none-eabi/lib/thumb/v7e-m+fp/hard\libc_nano.a(libc_a-lock.o)
                0x080046ca                __retarget_lock_acquire_recursive
 .text.__retarget_lock_release_recursive
                0x080046cc        0x2 C:/ST/STM32CubeIDE_1.19.0/STM32CubeIDE/plugins/com.st.stm32cube.ide.mcu.externaltools.gnu-tools-for-stm32.13.3.rel1.win32_1.0.100.202509120712/tools/bin/../lib/gcc/arm-none-eabi/13.3.1/../../../../arm-none-eabi/lib/thumb/v7e-m+fp/hard\libc_nano.a(libc_a-lock.o)
                0x080046cc                __retarget_lock_release_recursive
 .text.memcpy   0x080046ce       0x1c C:/ST/STM32CubeIDE_1.19.0/STM32CubeIDE/plugins/com.st.stm32cube.ide.mcu.externaltools.gnu-tools-for-stm32.13.3.rel1.win32_1.0.100.202509120712/tools/bin/../lib/gcc/arm-none-eabi/13.3.1/../../../../arm-none-eabi/lib/thumb/v7e-m+fp/hard\libc_nano.a(libc_a-memcpy-stub.o)
                0x080046ce                memcpy
 .text.abort    0x080046ea        0xe C:/ST/STM32CubeIDE_1.19.0/STM32CubeIDE/plugins/com.st.stm32cube.ide.mcu.externaltools.gnu-tools-for-stm32.13.3.rel1.win32_1.0.100.202509120712/tools/bin/../lib/gcc/arm-none-eabi/13.3.1/../../../../arm-none-eabi/lib/thumb/v7e-m+fp/hard\libc_nano.a(libc_a-abort.o)
                0x080046ea                abort
 .text._free_r  0x080046f8       0x94 C:/ST/STM32CubeIDE_1.19.0/STM32CubeIDE/plugins/com.st.stm32cube.ide.mcu.externaltools.gnu-tools-for-stm32.13.3.rel1.win32_1.0.100.202509120712/tools/bin/../lib/gcc/arm-none-eabi/13.3.1/../../../../arm-none-eabi/lib/thumb/v7e-m+fp/hard\libc_nano.a(libc_a-freer.o)
                0x080046f8                _free_r
 .text.__sfputc_r
                0x0800478c       0x2e C:/ST/STM32CubeIDE_1.19.0/STM32CubeIDE/plugins/com.st.stm32cube.ide.mcu.externaltools.gnu-tools-for-stm32.13.3.rel1.win32_1.0.100.202509120712/tools/bin/../lib/gcc/arm-none-eabi/13.3.1/../../../../arm-none-eabi/lib/thumb/v7e-m+fp/hard\libc_nano.a(libc_a-nano-vfprintf.o)
 .text.__sfputs_r
                0x080047ba       0x24 C:/ST/STM32CubeIDE_1.19.0/STM32CubeIDE/plugins/com.st.stm32cube.ide.mcu.externaltools.gnu-tools-for-stm32.13.3.rel1.win32_1.0.100.202509120712/tools/bin/../lib/gcc/arm-none-eabi/13.3.1/../../../../arm-none-eabi/lib/thumb/v7e-m+fp/hard\libc_nano.a(libc_a-nano-vfprintf.o)
                0x080047ba                __sfputs_r
 *fill*         0x080047de        0x2 
 .text._vfprintf_r
                0x080047e0      0x230 C:/ST/STM32CubeIDE_1.19.0/STM32CubeIDE/plugins/com.st.stm32cube.ide.mcu.externaltools.gnu-tools-for-stm32.13.3.rel1.win32_1.0.100.202509120712/tools/bin/../lib/gcc/arm-none-eabi/13.3.1/../../../../arm-none-eabi/lib/thumb/v7e-m+fp/hard\libc_nano.a(libc_a-nano-vfprintf.o)
                0x080047e0                _vfprintf_r
                0x080047e0                _vfiprintf_r
 .text._printf_common
                0x08004a10       0xda C:/ST/STM32CubeIDE_1.19.0/STM32CubeIDE/plugins/com.st.stm32cube.ide.mcu.externaltools.gnu-tools-for-stm32.13.3.rel1.win32_1.0.100.202509120712/tools/bin/../lib/gcc/arm-none-eabi/13.3.1/../../../../arm-none-eabi/lib/thumb/v7e-m+fp/hard\libc_nano.a(libc_a-nano-vfprintf_i.o)
                0x08004a10                _printf_common
 *fill*         0x08004aea        0x2 
 .text._printf_i
                0x08004aec      0x23c C:/ST/STM32CubeIDE_1.19.0/STM32CubeIDE/plugins/com.st.stm32cube.ide.mcu.externaltools.gnu-tools-for-stm32.13.3.rel1.win32_1.0.100.202509120712/tools/bin/../lib/gcc/arm-none-eabi/13.3.1/../../../../arm-none-eabi/lib/thumb/v7e-m+fp/hard\libc_nano.a(libc_a-nano-vfprintf_i.o)
                0x08004aec                _printf_i
 .text.__sflush_r
                0x08004d28      0x108 C:/ST/STM32CubeIDE_1.19.0/STM32CubeIDE/plugins/com.st.stm32cube.ide.mcu.externaltools.gnu-tools-for-stm32.13.3.rel1.win32_1.0.100.202509120712/tools/bin/../lib/gcc/arm-none-eabi/13.3.1/../../../../arm-none-eabi/lib/thumb/v7e-m+fp/hard\libc_nano.a(libc_a-fflush.o)
                0x08004d28                __sflush_r
 .text._fflush_r
                0x08004e30       0x50 C:/ST/STM32CubeIDE_1.19.0/STM32CubeIDE/plugins/com.st.stm32cube.ide.mcu.externaltools.gnu-tools-for-stm32.13.3.rel1.win32_1.0.100.202509120712/tools/bin/../lib/gcc/arm-none-eabi/13.3.1/../../../../arm-none-eabi/lib/thumb/v7e-m+fp/hard\libc_nano.a(libc_a-fflush.o)
                0x08004e30                _fflush_r
 .text.__swbuf_r
                0x08004e80       0x7c C:/ST/STM32CubeIDE_1.19.0/STM32CubeIDE/plugins/com.st.stm32cube.ide.mcu.externaltools.gnu-tools-for-stm32.13.3.rel1.win32_1.0.100.202509120712/tools/bin/../lib/gcc/arm-none-eabi/13.3.1/../../../../arm-none-eabi/lib/thumb/v7e-m+fp/hard\libc_nano.a(libc_a-wbuf.o)
                0x08004e80                __swbuf_r
 .text.__swsetup_r
                0x08004efc       0xac C:/ST/STM32CubeIDE_1.19.0/STM32CubeIDE/plugins/com.st.stm32cube.ide.mcu.externaltools.gnu-tools-for-stm32.13.3.rel1.win32_1.0.100.202509120712/tools/bin/../lib/gcc/arm-none-eabi/13.3.1/../../../../arm-none-eabi/lib/thumb/v7e-m+fp/hard\libc_nano.a(libc_a-wsetup.o)
                0x08004efc                __swsetup_r
 .text._raise_r
                0x08004fa8       0x50 C:/ST/STM32CubeIDE_1.19.0/STM32CubeIDE/plugins/com.st.stm32cube.ide.mcu.externaltools.gnu-tools-for-stm32.13.3.rel1.win32_1.0.100.202509120712/tools/bin/../lib/gcc/arm-none-eabi/13.3.1/../../../../arm-none-eabi/lib/thumb/v7e-m+fp/hard\libc_nano.a(libc_a-signal.o)
                0x08004fa8                _raise_r
 .text.raise    0x08004ff8       0x10 C:/ST/STM32CubeIDE_1.19.0/STM32CubeIDE/plugins/com.st.stm32cube.ide.mcu.externaltools.gnu-tools-for-stm32.13.3.rel1.win32_1.0.100.202509120712/tools/bin/../lib/gcc/arm-none-eabi/13.3.1/../../../../arm-none-eabi/lib/thumb/v7e-m+fp/hard\libc_nano.a(libc_a-signal.o)
                0x08004ff8                raise
 .text._kill_r  0x08005008       0x24 C:/ST/STM32CubeIDE_1.19.0/STM32CubeIDE/plugins/com.st.stm32cube.ide.mcu.externaltools.gnu-tools-for-stm32.13.3.rel1.win32_1.0.100.202509120712/tools/bin/../lib/gcc/arm-none-eabi/13.3.1/../../../../arm-none-eabi/lib/thumb/v7e-m+fp/hard\libc_nano.a(libc_a-signalr.o)
                0x08005008                _kill_r
 .text._getpid_r
                0x0800502c        0x4 C:/ST/STM32CubeIDE_1.19.0/STM32CubeIDE/plugins/com.st.stm32cube.ide.mcu.externaltools.gnu-tools-for-stm32.13.3.rel1.win32_1.0.100.202509120712/tools/bin/../lib/gcc/arm-none-eabi/13.3.1/../../../../arm-none-eabi/lib/thumb/v7e-m+fp/hard\libc_nano.a(libc_a-signalr.o)
                0x0800502c                _getpid_r
 .text.__swhatbuf_r
                0x08005030       0x4c C:/ST/STM32CubeIDE_1.19.0/STM32CubeIDE/plugins/com.st.stm32cube.ide.mcu.externaltools.gnu-tools-for-stm32.13.3.rel1.win32_1.0.100.202509120712/tools/bin/../lib/gcc/arm-none-eabi/13.3.1/../../../../arm-none-eabi/lib/thumb/v7e-m+fp/hard\libc_nano.a(libc_a-makebuf.o)
                0x08005030                __swhatbuf_r
 .text.__smakebuf_r
                0x0800507c       0x78 C:/ST/STM32CubeIDE_1.19.0/STM32CubeIDE/plugins/com.st.stm32cube.ide.mcu.externaltools.gnu-tools-for-stm32.13.3.rel1.win32_1.0.100.202509120712/tools/bin/../lib/gcc/arm-none-eabi/13.3.1/../../../../arm-none-eabi/lib/thumb/v7e-m+fp/hard\libc_nano.a(libc_a-makebuf.o)
                0x0800507c                __smakebuf_r
 .text._fstat_r
                0x080050f4       0x24 C:/ST/STM32CubeIDE_1.19.0/STM32CubeIDE/plugins/com.st.stm32cube.ide.mcu.externaltools.gnu-tools-for-stm32.13.3.rel1.win32_1.0.100.202509120712/tools/bin/../lib/gcc/arm-none-eabi/13.3.1/../../../../arm-none-eabi/lib/thumb/v7e-m+fp/hard\libc_nano.a(libc_a-fstatr.o)
                0x080050f4                _fstat_r
 .text._isatty_r
                0x08005118       0x20 C:/ST/STM32CubeIDE_1.19.0/STM32CubeIDE/plugins/com.st.stm32cube.ide.mcu.externaltools.gnu-tools-for-stm32.13.3.rel1.win32_1.0.100.202509120712/tools/bin/../lib/gcc/arm-none-eabi/13.3.1/../../../../arm-none-eabi/lib/thumb/v7e-m+fp/hard\libc_nano.a(libc_a-isattyr.o)
                0x08005118                _isatty_r
 *(.glue_7)
 .glue_7        0x08005138        0x0 linker stubs
 *(.glue_7t)
 .glue_7t       0x08005138        0x0 linker stubs
 *(.eh_frame)
 .eh_frame      0x08005138        0x0 C:/ST/STM32CubeIDE_1.19.0/STM32CubeIDE/plugins/com.st.stm32cube.ide.mcu.externaltools.gnu-tools-for-stm32.13.3.rel1.win32_1.0.100.202509120712/tools/bin/../lib/gcc/arm-none-eabi/13.3.1/thumb/v7e-m+fp/hard/crtbegin.o
 *(.init)
 .init          0x08005138        0x4 C:/ST/STM32CubeIDE_1.19.0/STM32CubeIDE/plugins/com.st.stm32cube.ide.mcu.externaltools.gnu-tools-for-stm32.13.3.rel1.win32_1.0.100.202509120712/tools/bin/../lib/gcc/arm-none-eabi/13.3.1/thumb/v7e-m+fp/hard/crti.o
                0x08005138                _init
 .init          0x0800513c        0x8 C:/ST/STM32CubeIDE_1.19.0/STM32CubeIDE/plugins/com.st.stm32cube.ide.mcu.externaltools.gnu-tools-for-stm32.13.3.rel1.win32_1.0.100.202509120712/tools/bin/../lib/gcc/arm-none-eabi/13.3.1/thumb/v7e-m+fp/hard/crtn.o
 *(.fini)
 .fini          0x08005144        0x4 C:/ST/STM32CubeIDE_1.19.0/STM32CubeIDE/plugins/com.st.stm32cube.ide.mcu.externaltools.gnu-tools-for-stm32.13.3.rel1.win32_1.0.100.202509120712/tools/bin/../lib/gcc/arm-none-eabi/13.3.1/thumb/v7e-m+fp/hard/crti.o
                0x08005144                _fini
 .fini          0x08005148        0x8 C:/ST/STM32CubeIDE_1.19.0/STM32CubeIDE/plugins/com.st.stm32cube.ide.mcu.externaltools.gnu-tools-for-stm32.13.3.rel1.win32_1.0.100.202509120712/tools/bin/../lib/gcc/arm-none-eabi/13.3.1/thumb/v7e-m+fp/hard/crtn.o
                0x08005150                        . = ALIGN (0x4)
                0x08005150                        _etext = .

.vfp11_veneer   0x08005150        0x0
 .vfp11_veneer  0x08005150        0x0 linker stubs

.v4_bx          0x08005150        0x0
 .v4_bx         0x08005150        0x0 linker stubs

.iplt           0x08005150        0x0
 .iplt          0x08005150        0x0 C:/ST/STM32CubeIDE_1.19.0/STM32CubeIDE/plugins/com.st.stm32cube.ide.mcu.externaltools.gnu-tools-for-stm32.13.3.rel1.win32_1.0.100.202509120712/tools/bin/../lib/gcc/arm-none-eabi/13.3.1/thumb/v7e-m+fp/hard/crtbegin.o

.rodata         0x08005150      0x584
                0x08005150                        . = ALIGN (0x4)
 *(.rodata)
 .rodata        0x08005150       0x2c ./Libs/tinycrypt/Src/aes_encrypt.o
 *(.rodata*)
 .rodata.PUB_KEY_Y
                0x0800517c       0x20 ./Core/Src/keys.o
                0x0800517c                PUB_KEY_Y
 .rodata.PUB_KEY_X
                0x0800519c       0x20 ./Core/Src/keys.o
                0x0800519c                PUB_KEY_X
 .rodata.AES_SECRET_KEY
                0x080051bc       0x10 ./Core/Src/keys.o
                0x080051bc                AES_SECRET_KEY
 .rodata.main.str1.1
                0x080051cc       0xe8 ./Core/Src/main.o
                                 0x26 (size before relaxing)
 .rodata.APBPrescTable
                0x080052b4        0x8 ./Core/Src/system_stm32f7xx.o
                0x080052b4                APBPrescTable
 .rodata.AHBPrescTable
                0x080052bc       0x10 ./Core/Src/system_stm32f7xx.o
                0x080052bc                AHBPrescTable
 .rodata.LZ4_renormDictT.str1.1
                0x080052cc        0x0 ./Libs/lz4/Src/lz4.o
                                 0x24 (size before relaxing)
 .rodata.LZ4_decompress_safe_withSmallPrefix.str1.1
                0x080052cc        0x0 ./Libs/lz4/Src/lz4.o
                                 0x2f (size before relaxing)
 .rodata.__func__.8
                0x080052cc       0x17 ./Libs/lz4/Src/lz4.o
 *fill*         0x080052e3        0x1 
 .rodata.dec64table
                0x080052e4       0x20 ./Libs/lz4/Src/lz4.o
 .rodata.inc32table
                0x08005304       0x20 ./Libs/lz4/Src/lz4.o
 .rodata.inv_sbox
                0x08005324      0x100 ./Libs/tinycrypt/Src/aes_decrypt.o
 .rodata.sbox   0x08005424      0x100 ./Libs/tinycrypt/Src/aes_encrypt.o
 .rodata.curve_secp256r1
                0x08005524       0xb0 ./Libs/tinycrypt/Src/ecc.o
 .rodata.k256   0x080055d4      0x100 ./Libs/tinycrypt/Src/sha256.o
 .rodata.__assert_func.str1.1
                0x080056d4        0x0 C:/ST/STM32CubeIDE_1.19.0/STM32CubeIDE/plugins/com.st.stm32cube.ide.mcu.externaltools.gnu-tools-for-stm32.13.3.rel1.win32_1.0.100.202509120712/tools/bin/../lib/gcc/arm-none-eabi/13.3.1/../../../../arm-none-eabi/lib/thumb/v7e-m+fp/hard\libc_nano.a(libc_a-assert.o)
                                 0x3d (size before relaxing)
 .rodata._vfprintf_r.str1.1
                0x080056d4        0x0 C:/ST/STM32CubeIDE_1.19.0/STM32CubeIDE/plugins/com.st.stm32cube.ide.mcu.externaltools.gnu-tools-for-stm32.13.3.rel1.win32_1.0.100.202509120712/tools/bin/../lib/gcc/arm-none-eabi/13.3.1/../../../../arm-none-eabi/lib/thumb/v7e-m+fp/hard\libc_nano.a(libc_a-nano-vfprintf.o)
                                 0x11 (size before relaxing)
 .rodata._printf_i.str1.1
                0x080056d4        0x0 C:/ST/STM32CubeIDE_1.19.0/STM32CubeIDE/plugins/com.st.stm32cube.ide.mcu.externaltools.gnu-tools-for-stm32.13.3.rel1.win32_1.0.100.202509120712/tools/bin/../lib/gcc/arm-none-eabi/13.3.1/../../../../arm-none-eabi/lib/thumb/v7e-m+fp/hard\libc_nano.a(libc_a-nano-vfprintf_i.o)
                                 0x22 (size before relaxing)
                0x080056d4                        . = ALIGN (0x4)

.ARM.extab      0x080056d4        0x0
                0x080056d4                        . = ALIGN (0x4)
 *(.ARM.extab* .gnu.linkonce.armextab.*)
                0x080056d4                        . = ALIGN (0x4)

.ARM            0x080056d4        0x8
                0x080056d4                        . = ALIGN (0x4)
                0x080056d4                        __exidx_start = .
 *(.ARM.exidx*)
 .ARM.exidx     0x080056d4        0x8 C:/ST/STM32CubeIDE_1.19.0/STM32CubeIDE/plugins/com.st.stm32cube.ide.mcu.externaltools.gnu-tools-for-stm32.13.3.rel1.win32_1.0.100.202509120712/tools/bin/../lib/gcc/arm-none-eabi/13.3.1/../../../../arm-none-eabi/lib/thumb/v7e-m+fp/hard\libc_nano.a(libc_a-memchr.o)
 .ARM.exidx     0x080056dc        0x0 C:/ST/STM32CubeIDE_1.19.0/STM32CubeIDE/plugins/com.st.stm32cube.ide.mcu.externaltools.gnu-tools-for-stm32.13.3.rel1.win32_1.0.100.202509120712/tools/bin/../lib/gcc/arm-none-eabi/13.3.1/thumb/v7e-m+fp/hard\libgcc.a(_udivmoddi4.o)
                                  0x8 (size before relaxing)
                0x080056dc                        __exidx_end = .
                0x080056dc                        . = ALIGN (0x4)

.preinit_array  0x080056dc        0x0
                0x080056dc                        . = ALIGN (0x4)
                0x080056dc                        PROVIDE (__preinit_array_start = .)
 *(.preinit_array*)
                0x080056dc                        PROVIDE (__preinit_array_end = .)
                0x080056dc                        . = ALIGN (0x4)

.init_array     0x080056dc        0x4
                0x080056dc                        . = ALIGN (0x4)
                0x080056dc                        PROVIDE (__init_array_start = .)
 *(SORT_BY_NAME(.init_array.*))
 *(.init_array*)
 .init_array    0x080056dc        0x4 C:/ST/STM32CubeIDE_1.19.0/STM32CubeIDE/plugins/com.st.stm32cube.ide.mcu.externaltools.gnu-tools-for-stm32.13.3.rel1.win32_1.0.100.202509120712/tools/bin/../lib/gcc/arm-none-eabi/13.3.1/thumb/v7e-m+fp/hard/crtbegin.o
                0x080056e0                        PROVIDE (__init_array_end = .)
                0x080056e0                        . = ALIGN (0x4)

.fini_array     0x080056e0        0x4
                0x080056e0                        . = ALIGN (0x4)
                [!provide]                        PROVIDE (__fini_array_start = .)
 *(SORT_BY_NAME(.fini_array.*))
 *(.fini_array*)
 .fini_array    0x080056e0        0x4 C:/ST/STM32CubeIDE_1.19.0/STM32CubeIDE/plugins/com.st.stm32cube.ide.mcu.externaltools.gnu-tools-for-stm32.13.3.rel1.win32_1.0.100.202509120712/tools/bin/../lib/gcc/arm-none-eabi/13.3.1/thumb/v7e-m+fp/hard/crtbegin.o
                [!provide]                        PROVIDE (__fini_array_end = .)
                0x080056e4                        . = ALIGN (0x4)
                0x080056e4                        _sidata = LOADADDR (.data)

.data           0x20000000       0x68 load address 0x080056e4
                0x20000000                        . = ALIGN (0x4)
                0x20000000                        _sdata = .
 *(.data)
 *(.data*)
 .data.SystemCoreClock
                0x20000000        0x4 ./Core/Src/system_stm32f7xx.o
                0x20000000                SystemCoreClock
 .data.uwTickFreq
                0x20000004        0x1 ./Drivers/STM32F7xx_HAL_Driver/Src/stm32f7xx_hal.o
                0x20000004                uwTickFreq
 *fill*         0x20000005        0x3 
 .data.uwTickPrio
                0x20000008        0x4 ./Drivers/STM32F7xx_HAL_Driver/Src/stm32f7xx_hal.o
                0x20000008                uwTickPrio
 .data.__sglue  0x2000000c        0xc C:/ST/STM32CubeIDE_1.19.0/STM32CubeIDE/plugins/com.st.stm32cube.ide.mcu.externaltools.gnu-tools-for-stm32.13.3.rel1.win32_1.0.100.202509120712/tools/bin/../lib/gcc/arm-none-eabi/13.3.1/../../../../arm-none-eabi/lib/thumb/v7e-m+fp/hard\libc_nano.a(libc_a-findfp.o)
                0x2000000c                __sglue
 .data._impure_ptr
                0x20000018        0x4 C:/ST/STM32CubeIDE_1.19.0/STM32CubeIDE/plugins/com.st.stm32cube.ide.mcu.externaltools.gnu-tools-for-stm32.13.3.rel1.win32_1.0.100.202509120712/tools/bin/../lib/gcc/arm-none-eabi/13.3.1/../../../../arm-none-eabi/lib/thumb/v7e-m+fp/hard\libc_nano.a(libc_a-impure.o)
                0x20000018                _impure_ptr
 .data._impure_data
                0x2000001c       0x4c C:/ST/STM32CubeIDE_1.19.0/STM32CubeIDE/plugins/com.st.stm32cube.ide.mcu.externaltools.gnu-tools-for-stm32.13.3.rel1.win32_1.0.100.202509120712/tools/bin/../lib/gcc/arm-none-eabi/13.3.1/../../../../arm-none-eabi/lib/thumb/v7e-m+fp/hard\libc_nano.a(libc_a-impure.o)
                0x2000001c                _impure_data
 *(.RamFunc)
 *(.RamFunc*)
                0x20000068                        . = ALIGN (0x4)
                0x20000068                        _edata = .

.igot.plt       0x20000068        0x0 load address 0x0800574c
 .igot.plt      0x20000068        0x0 C:/ST/STM32CubeIDE_1.19.0/STM32CubeIDE/plugins/com.st.stm32cube.ide.mcu.externaltools.gnu-tools-for-stm32.13.3.rel1.win32_1.0.100.202509120712/tools/bin/../lib/gcc/arm-none-eabi/13.3.1/thumb/v7e-m+fp/hard/crtbegin.o
                0x20000068                        . = ALIGN (0x4)

.bss            0x20000068     0x1a58 load address 0x0800574c
                0x20000068                        _sbss = .
                0x20000068                        __bss_start__ = _sbss
 *(.bss)
 .bss           0x20000068       0x1c C:/ST/STM32CubeIDE_1.19.0/STM32CubeIDE/plugins/com.st.stm32cube.ide.mcu.externaltools.gnu-tools-for-stm32.13.3.rel1.win32_1.0.100.202509120712/tools/bin/../lib/gcc/arm-none-eabi/13.3.1/thumb/v7e-m+fp/hard/crtbegin.o
 *(.bss*)
 .bss.raw_buffer.0
                0x20000084     0x1000 ./Core/Src/main.o
 .bss.dec_buffer.1
                0x20001084      0x400 ./Core/Src/main.o
 .bss.enc_buffer.2
                0x20001484      0x400 ./Core/Src/main.o
 .bss.huart1    0x20001884       0x88 ./Core/Src/main.o
                0x20001884                huart1
 .bss.hrtc      0x2000190c       0x20 ./Core/Src/main.o
                0x2000190c                hrtc
 .bss.hcrc      0x2000192c       0x24 ./Core/Src/main.o
                0x2000192c                hcrc
 .bss.__sbrk_heap_end
                0x20001950        0x4 ./Core/Src/sysmem.o
 .bss.uwTick    0x20001954        0x4 ./Drivers/STM32F7xx_HAL_Driver/Src/stm32f7xx_hal.o
                0x20001954                uwTick
 .bss.pFlash    0x20001958       0x1c ./Drivers/STM32F7xx_HAL_Driver/Src/stm32f7xx_hal_flash.o
                0x20001958                pFlash
 .bss.__malloc_sbrk_start
                0x20001974        0x4 C:/ST/STM32CubeIDE_1.19.0/STM32CubeIDE/plugins/com.st.stm32cube.ide.mcu.externaltools.gnu-tools-for-stm32.13.3.rel1.win32_1.0.100.202509120712/tools/bin/../lib/gcc/arm-none-eabi/13.3.1/../../../../arm-none-eabi/lib/thumb/v7e-m+fp/hard\libc_nano.a(libc_a-mallocr.o)
                0x20001974                __malloc_sbrk_start
 .bss.__malloc_free_list
                0x20001978        0x4 C:/ST/STM32CubeIDE_1.19.0/STM32CubeIDE/plugins/com.st.stm32cube.ide.mcu.externaltools.gnu-tools-for-stm32.13.3.rel1.win32_1.0.100.202509120712/tools/bin/../lib/gcc/arm-none-eabi/13.3.1/../../../../arm-none-eabi/lib/thumb/v7e-m+fp/hard\libc_nano.a(libc_a-mallocr.o)
                0x20001978                __malloc_free_list
 .bss.__sf      0x2000197c      0x138 C:/ST/STM32CubeIDE_1.19.0/STM32CubeIDE/plugins/com.st.stm32cube.ide.mcu.externaltools.gnu-tools-for-stm32.13.3.rel1.win32_1.0.100.202509120712/tools/bin/../lib/gcc/arm-none-eabi/13.3.1/../../../../arm-none-eabi/lib/thumb/v7e-m+fp/hard\libc_nano.a(libc_a-findfp.o)
                0x2000197c                __sf
 .bss.__stdio_exit_handler
                0x20001ab4        0x4 C:/ST/STM32CubeIDE_1.19.0/STM32CubeIDE/plugins/com.st.stm32cube.ide.mcu.externaltools.gnu-tools-for-stm32.13.3.rel1.win32_1.0.100.202509120712/tools/bin/../lib/gcc/arm-none-eabi/13.3.1/../../../../arm-none-eabi/lib/thumb/v7e-m+fp/hard\libc_nano.a(libc_a-findfp.o)
                0x20001ab4                __stdio_exit_handler
 .bss.errno     0x20001ab8        0x4 C:/ST/STM32CubeIDE_1.19.0/STM32CubeIDE/plugins/com.st.stm32cube.ide.mcu.externaltools.gnu-tools-for-stm32.13.3.rel1.win32_1.0.100.202509120712/tools/bin/../lib/gcc/arm-none-eabi/13.3.1/../../../../arm-none-eabi/lib/thumb/v7e-m+fp/hard\libc_nano.a(libc_a-reent.o)
                0x20001ab8                errno
 .bss.__lock___malloc_recursive_mutex
                0x20001abc        0x1 C:/ST/STM32CubeIDE_1.19.0/STM32CubeIDE/plugins/com.st.stm32cube.ide.mcu.externaltools.gnu-tools-for-stm32.13.3.rel1.win32_1.0.100.202509120712/tools/bin/../lib/gcc/arm-none-eabi/13.3.1/../../../../arm-none-eabi/lib/thumb/v7e-m+fp/hard\libc_nano.a(libc_a-lock.o)
                0x20001abc                __lock___malloc_recursive_mutex
 .bss.__lock___sfp_recursive_mutex
                0x20001abd        0x1 C:/ST/STM32CubeIDE_1.19.0/STM32CubeIDE/plugins/com.st.stm32cube.ide.mcu.externaltools.gnu-tools-for-stm32.13.3.rel1.win32_1.0.100.202509120712/tools/bin/../lib/gcc/arm-none-eabi/13.3.1/../../../../arm-none-eabi/lib/thumb/v7e-m+fp/hard\libc_nano.a(libc_a-lock.o)
                0x20001abd                __lock___sfp_recursive_mutex
 *(COMMON)
                0x20001ac0                        . = ALIGN (0x4)
 *fill*         0x20001abe        0x2 
                0x20001ac0                        _ebss = .
                0x20001ac0                        __bss_end__ = _ebss

.shared_api_section
                0x0800f000       0x14
                0x0800f000                        . = ALIGN (0x4)
 *(.shared_api_section)
 .shared_api_section
                0x0800f000       0x14 ./Core/Src/main.o
                0x0800f000                API_Table
                0x0800f014                        . = ALIGN (0x4)

.rel.dyn        0x0800f014        0x0
 .rel.iplt      0x0800f014        0x0 C:/ST/STM32CubeIDE_1.19.0/STM32CubeIDE/plugins/com.st.stm32cube.ide.mcu.externaltools.gnu-tools-for-stm32.13.3.rel1.win32_1.0.100.202509120712/tools/bin/../lib/gcc/arm-none-eabi/13.3.1/thumb/v7e-m+fp/hard/crtbegin.o

._user_heap_stack
                0x20001ac0      0x600
                0x20001ac0                        . = ALIGN (0x8)
                [!provide]                        PROVIDE (end = .)
                0x20001ac0                        PROVIDE (_end = .)
                0x20001cc0                        . = (. + _Min_Heap_Size)
 *fill*         0x20001ac0      0x200 
                0x200020c0                        . = (. + _Min_Stack_Size)
 *fill*         0x20001cc0      0x400 
                0x200020c0                        . = ALIGN (0x8)

/DISCARD/
 libc.a(*)
 libm.a(*)
 libgcc.a(*)

.ARM.attributes
                0x00000000       0x30
 *(.ARM.attributes)
 .ARM.attributes
                0x00000000       0x22 C:/ST/STM32CubeIDE_1.19.0/STM32CubeIDE/plugins/com.st.stm32cube.ide.mcu.externaltools.gnu-tools-for-stm32.13.3.rel1.win32_1.0.100.202509120712/tools/bin/../lib/gcc/arm-none-eabi/13.3.1/thumb/v7e-m+fp/hard/crti.o
 .ARM.attributes
                0x00000022       0x34 C:/ST/STM32CubeIDE_1.19.0/STM32CubeIDE/plugins/com.st.stm32cube.ide.mcu.externaltools.gnu-tools-for-stm32.13.3.rel1.win32_1.0.100.202509120712/tools/bin/../lib/gcc/arm-none-eabi/13.3.1/thumb/v7e-m+fp/hard/crtbegin.o
 .ARM.attributes
                0x00000056       0x34 ./Core/Src/keys.o
 .ARM.attributes
                0x0000008a       0x34 ./Core/Src/main.o
 .ARM.attributes
                0x000000be       0x34 ./Core/Src/stm32f7xx_hal_msp.o
 .ARM.attributes
                0x000000f2       0x34 ./Core/Src/stm32f7xx_it.o
 .ARM.attributes
                0x00000126       0x34 ./Core/Src/syscalls.o
 .ARM.attributes
                0x0000015a       0x34 ./Core/Src/sysmem.o
 .ARM.attributes
                0x0000018e       0x34 ./Core/Src/system_stm32f7xx.o
 .ARM.attributes
                0x000001c2       0x21 ./Core/Startup/startup_stm32f746nghx.o
 .ARM.attributes
                0x000001e3       0x34 ./Drivers/STM32F7xx_HAL_Driver/Src/stm32f7xx_hal.o
 .ARM.attributes
                0x00000217       0x34 ./Drivers/STM32F7xx_HAL_Driver/Src/stm32f7xx_hal_cortex.o
 .ARM.attributes
                0x0000024b       0x34 ./Drivers/STM32F7xx_HAL_Driver/Src/stm32f7xx_hal_crc.o
 .ARM.attributes
                0x0000027f       0x34 ./Drivers/STM32F7xx_HAL_Driver/Src/stm32f7xx_hal_crc_ex.o
 .ARM.attributes
                0x000002b3       0x34 ./Drivers/STM32F7xx_HAL_Driver/Src/stm32f7xx_hal_flash.o
 .ARM.attributes
                0x000002e7       0x34 ./Drivers/STM32F7xx_HAL_Driver/Src/stm32f7xx_hal_flash_ex.o
 .ARM.attributes
                0x0000031b       0x34 ./Drivers/STM32F7xx_HAL_Driver/Src/stm32f7xx_hal_gpio.o
 .ARM.attributes
                0x0000034f       0x34 ./Drivers/STM32F7xx_HAL_Driver/Src/stm32f7xx_hal_pwr.o
 .ARM.attributes
                0x00000383       0x34 ./Drivers/STM32F7xx_HAL_Driver/Src/stm32f7xx_hal_pwr_ex.o
 .ARM.attributes
                0x000003b7       0x34 ./Drivers/STM32F7xx_HAL_Driver/Src/stm32f7xx_hal_rcc.o
 .ARM.attributes
                0x000003eb       0x34 ./Drivers/STM32F7xx_HAL_Driver/Src/stm32f7xx_hal_rcc_ex.o
 .ARM.attributes
                0x0000041f       0x34 ./Drivers/STM32F7xx_HAL_Driver/Src/stm32f7xx_hal_rtc.o
 .ARM.attributes
                0x00000453       0x34 ./Drivers/STM32F7xx_HAL_Driver/Src/stm32f7xx_hal_rtc_ex.o
 .ARM.attributes
                0x00000487       0x34 ./Drivers/STM32F7xx_HAL_Driver/Src/stm32f7xx_hal_uart.o
 .ARM.attributes
                0x000004bb       0x34 ./Libs/lz4/Src/lz4.o
 .ARM.attributes
                0x000004ef       0x34 ./Libs/tinycrypt/Src/aes_decrypt.o
 .ARM.attributes
                0x00000523       0x34 ./Libs/tinycrypt/Src/aes_encrypt.o
 .ARM.attributes
                0x00000557       0x34 ./Libs/tinycrypt/Src/cbc_mode.o
 .ARM.attributes
                0x0000058b       0x34 ./Libs/tinycrypt/Src/ecc.o
 .ARM.attributes
                0x000005bf       0x34 ./Libs/tinycrypt/Src/ecc_dsa.o
 .ARM.attributes
                0x000005f3       0x34 ./Libs/tinycrypt/Src/sha256.o
 .ARM.attributes
                0x00000627       0x34 ./Libs/tinycrypt/Src/utils.o
 .ARM.attributes
                0x0000065b       0x34 C:/ST/STM32CubeIDE_1.19.0/STM32CubeIDE/plugins/com.st.stm32cube.ide.mcu.externaltools.gnu-tools-for-stm32.13.3.rel1.win32_1.0.100.202509120712/tools/bin/../lib/gcc/arm-none-eabi/13.3.1/../../../../arm-none-eabi/lib/thumb/v7e-m+fp/hard\libc_nano.a(libc_a-assert.o)
 .ARM.attributes
                0x0000068f       0x34 C:/ST/STM32CubeIDE_1.19.0/STM32CubeIDE/plugins/com.st.stm32cube.ide.mcu.externaltools.gnu-tools-for-stm32.13.3.rel1.win32_1.0.100.202509120712/tools/bin/../lib/gcc/arm-none-eabi/13.3.1/../../../../arm-none-eabi/lib/thumb/v7e-m+fp/hard\libc_nano.a(libc_a-mallocr.o)
 .ARM.attributes
                0x000006c3       0x34 C:/ST/STM32CubeIDE_1.19.0/STM32CubeIDE/plugins/com.st.stm32cube.ide.mcu.externaltools.gnu-tools-for-stm32.13.3.rel1.win32_1.0.100.202509120712/tools/bin/../lib/gcc/arm-none-eabi/13.3.1/../../../../arm-none-eabi/lib/thumb/v7e-m+fp/hard\libc_nano.a(libc_a-mlock.o)
 .ARM.attributes
                0x000006f7       0x34 C:/ST/STM32CubeIDE_1.19.0/STM32CubeIDE/plugins/com.st.stm32cube.ide.mcu.externaltools.gnu-tools-for-stm32.13.3.rel1.win32_1.0.100.202509120712/tools/bin/../lib/gcc/arm-none-eabi/13.3.1/../../../../arm-none-eabi/lib/thumb/v7e-m+fp/hard\libc_nano.a(libc_a-findfp.o)
 .ARM.attributes
                0x0000072b       0x34 C:/ST/STM32CubeIDE_1.19.0/STM32CubeIDE/plugins/com.st.stm32cube.ide.mcu.externaltools.gnu-tools-for-stm32.13.3.rel1.win32_1.0.100.202509120712/tools/bin/../lib/gcc/arm-none-eabi/13.3.1/../../../../arm-none-eabi/lib/thumb/v7e-m+fp/hard\libc_nano.a(libc_a-fprintf.o)
 .ARM.attributes
                0x0000075f       0x34 C:/ST/STM32CubeIDE_1.19.0/STM32CubeIDE/plugins/com.st.stm32cube.ide.mcu.externaltools.gnu-tools-for-stm32.13.3.rel1.win32_1.0.100.202509120712/tools/bin/../lib/gcc/arm-none-eabi/13.3.1/../../../../arm-none-eabi/lib/thumb/v7e-m+fp/hard\libc_nano.a(libc_a-fwalk.o)
 .ARM.attributes
                0x00000793       0x34 C:/ST/STM32CubeIDE_1.19.0/STM32CubeIDE/plugins/com.st.stm32cube.ide.mcu.externaltools.gnu-tools-for-stm32.13.3.rel1.win32_1.0.100.202509120712/tools/bin/../lib/gcc/arm-none-eabi/13.3.1/../../../../arm-none-eabi/lib/thumb/v7e-m+fp/hard\libc_nano.a(libc_a-printf.o)
 .ARM.attributes
                0x000007c7       0x34 C:/ST/STM32CubeIDE_1.19.0/STM32CubeIDE/plugins/com.st.stm32cube.ide.mcu.externaltools.gnu-tools-for-stm32.13.3.rel1.win32_1.0.100.202509120712/tools/bin/../lib/gcc/arm-none-eabi/13.3.1/../../../../arm-none-eabi/lib/thumb/v7e-m+fp/hard\libc_nano.a(libc_a-stdio.o)
 .ARM.attributes
                0x000007fb       0x34 C:/ST/STM32CubeIDE_1.19.0/STM32CubeIDE/plugins/com.st.stm32cube.ide.mcu.externaltools.gnu-tools-for-stm32.13.3.rel1.win32_1.0.100.202509120712/tools/bin/../lib/gcc/arm-none-eabi/13.3.1/../../../../arm-none-eabi/lib/thumb/v7e-m+fp/hard\libc_nano.a(libc_a-memmove.o)
 .ARM.attributes
                0x0000082f       0x34 C:/ST/STM32CubeIDE_1.19.0/STM32CubeIDE/plugins/com.st.stm32cube.ide.mcu.externaltools.gnu-tools-for-stm32.13.3.rel1.win32_1.0.100.202509120712/tools/bin/../lib/gcc/arm-none-eabi/13.3.1/../../../../arm-none-eabi/lib/thumb/v7e-m+fp/hard\libc_nano.a(libc_a-memset.o)
 .ARM.attributes
                0x00000863       0x34 C:/ST/STM32CubeIDE_1.19.0/STM32CubeIDE/plugins/com.st.stm32cube.ide.mcu.externaltools.gnu-tools-for-stm32.13.3.rel1.win32_1.0.100.202509120712/tools/bin/../lib/gcc/arm-none-eabi/13.3.1/../../../../arm-none-eabi/lib/thumb/v7e-m+fp/hard\libc_nano.a(libc_a-closer.o)
 .ARM.attributes
                0x00000897       0x34 C:/ST/STM32CubeIDE_1.19.0/STM32CubeIDE/plugins/com.st.stm32cube.ide.mcu.externaltools.gnu-tools-for-stm32.13.3.rel1.win32_1.0.100.202509120712/tools/bin/../lib/gcc/arm-none-eabi/13.3.1/../../../../arm-none-eabi/lib/thumb/v7e-m+fp/hard\libc_nano.a(libc_a-reent.o)
 .ARM.attributes
                0x000008cb       0x34 C:/ST/STM32CubeIDE_1.19.0/STM32CubeIDE/plugins/com.st.stm32cube.ide.mcu.externaltools.gnu-tools-for-stm32.13.3.rel1.win32_1.0.100.202509120712/tools/bin/../lib/gcc/arm-none-eabi/13.3.1/../../../../arm-none-eabi/lib/thumb/v7e-m+fp/hard\libc_nano.a(libc_a-impure.o)
 .ARM.attributes
                0x000008ff       0x34 C:/ST/STM32CubeIDE_1.19.0/STM32CubeIDE/plugins/com.st.stm32cube.ide.mcu.externaltools.gnu-tools-for-stm32.13.3.rel1.win32_1.0.100.202509120712/tools/bin/../lib/gcc/arm-none-eabi/13.3.1/../../../../arm-none-eabi/lib/thumb/v7e-m+fp/hard\libc_nano.a(libc_a-lseekr.o)
 .ARM.attributes
                0x00000933       0x34 C:/ST/STM32CubeIDE_1.19.0/STM32CubeIDE/plugins/com.st.stm32cube.ide.mcu.externaltools.gnu-tools-for-stm32.13.3.rel1.win32_1.0.100.202509120712/tools/bin/../lib/gcc/arm-none-eabi/13.3.1/../../../../arm-none-eabi/lib/thumb/v7e-m+fp/hard\libc_nano.a(libc_a-readr.o)
 .ARM.attributes
                0x00000967       0x34 C:/ST/STM32CubeIDE_1.19.0/STM32CubeIDE/plugins/com.st.stm32cube.ide.mcu.externaltools.gnu-tools-for-stm32.13.3.rel1.win32_1.0.100.202509120712/tools/bin/../lib/gcc/arm-none-eabi/13.3.1/../../../../arm-none-eabi/lib/thumb/v7e-m+fp/hard\libc_nano.a(libc_a-sbrkr.o)
 .ARM.attributes
                0x0000099b       0x34 C:/ST/STM32CubeIDE_1.19.0/STM32CubeIDE/plugins/com.st.stm32cube.ide.mcu.externaltools.gnu-tools-for-stm32.13.3.rel1.win32_1.0.100.202509120712/tools/bin/../lib/gcc/arm-none-eabi/13.3.1/../../../../arm-none-eabi/lib/thumb/v7e-m+fp/hard\libc_nano.a(libc_a-writer.o)
 .ARM.attributes
                0x000009cf       0x34 C:/ST/STM32CubeIDE_1.19.0/STM32CubeIDE/plugins/com.st.stm32cube.ide.mcu.externaltools.gnu-tools-for-stm32.13.3.rel1.win32_1.0.100.202509120712/tools/bin/../lib/gcc/arm-none-eabi/13.3.1/../../../../arm-none-eabi/lib/thumb/v7e-m+fp/hard\libc_nano.a(libc_a-errno.o)
 .ARM.attributes
                0x00000a03       0x34 C:/ST/STM32CubeIDE_1.19.0/STM32CubeIDE/plugins/com.st.stm32cube.ide.mcu.externaltools.gnu-tools-for-stm32.13.3.rel1.win32_1.0.100.202509120712/tools/bin/../lib/gcc/arm-none-eabi/13.3.1/../../../../arm-none-eabi/lib/thumb/v7e-m+fp/hard\libc_nano.a(libc_a-init.o)
 .ARM.attributes
                0x00000a37       0x34 C:/ST/STM32CubeIDE_1.19.0/STM32CubeIDE/plugins/com.st.stm32cube.ide.mcu.externaltools.gnu-tools-for-stm32.13.3.rel1.win32_1.0.100.202509120712/tools/bin/../lib/gcc/arm-none-eabi/13.3.1/../../../../arm-none-eabi/lib/thumb/v7e-m+fp/hard\libc_nano.a(libc_a-lock.o)
 .ARM.attributes
                0x00000a6b       0x34 C:/ST/STM32CubeIDE_1.19.0/STM32CubeIDE/plugins/com.st.stm32cube.ide.mcu.externaltools.gnu-tools-for-stm32.13.3.rel1.win32_1.0.100.202509120712/tools/bin/../lib/gcc/arm-none-eabi/13.3.1/../../../../arm-none-eabi/lib/thumb/v7e-m+fp/hard\libc_nano.a(libc_a-memcpy-stub.o)
 .ARM.attributes
                0x00000a9f       0x34 C:/ST/STM32CubeIDE_1.19.0/STM32CubeIDE/plugins/com.st.stm32cube.ide.mcu.externaltools.gnu-tools-for-stm32.13.3.rel1.win32_1.0.100.202509120712/tools/bin/../lib/gcc/arm-none-eabi/13.3.1/../../../../arm-none-eabi/lib/thumb/v7e-m+fp/hard\libc_nano.a(libc_a-abort.o)
 .ARM.attributes
                0x00000ad3       0x34 C:/ST/STM32CubeIDE_1.19.0/STM32CubeIDE/plugins/com.st.stm32cube.ide.mcu.externaltools.gnu-tools-for-stm32.13.3.rel1.win32_1.0.100.202509120712/tools/bin/../lib/gcc/arm-none-eabi/13.3.1/../../../../arm-none-eabi/lib/thumb/v7e-m+fp/hard\libc_nano.a(libc_a-freer.o)
 .ARM.attributes
                0x00000b07       0x34 C:/ST/STM32CubeIDE_1.19.0/STM32CubeIDE/plugins/com.st.stm32cube.ide.mcu.externaltools.gnu-tools-for-stm32.13.3.rel1.win32_1.0.100.202509120712/tools/bin/../lib/gcc/arm-none-eabi/13.3.1/../../../../arm-none-eabi/lib/thumb/v7e-m+fp/hard\libc_nano.a(libc_a-nano-vfprintf.o)
 .ARM.attributes
                0x00000b3b       0x34 C:/ST/STM32CubeIDE_1.19.0/STM32CubeIDE/plugins/com.st.stm32cube.ide.mcu.externaltools.gnu-tools-for-stm32.13.3.rel1.win32_1.0.100.202509120712/tools/bin/../lib/gcc/arm-none-eabi/13.3.1/../../../../arm-none-eabi/lib/thumb/v7e-m+fp/hard\libc_nano.a(libc_a-nano-vfprintf_i.o)
 .ARM.attributes
                0x00000b6f       0x34 C:/ST/STM32CubeIDE_1.19.0/STM32CubeIDE/plugins/com.st.stm32cube.ide.mcu.externaltools.gnu-tools-for-stm32.13.3.rel1.win32_1.0.100.202509120712/tools/bin/../lib/gcc/arm-none-eabi/13.3.1/../../../../arm-none-eabi/lib/thumb/v7e-m+fp/hard\libc_nano.a(libc_a-fflush.o)
 .ARM.attributes
                0x00000ba3       0x34 C:/ST/STM32CubeIDE_1.19.0/STM32CubeIDE/plugins/com.st.stm32cube.ide.mcu.externaltools.gnu-tools-for-stm32.13.3.rel1.win32_1.0.100.202509120712/tools/bin/../lib/gcc/arm-none-eabi/13.3.1/../../../../arm-none-eabi/lib/thumb/v7e-m+fp/hard\libc_nano.a(libc_a-wbuf.o)
 .ARM.attributes
                0x00000bd7       0x34 C:/ST/STM32CubeIDE_1.19.0/STM32CubeIDE/plugins/com.st.stm32cube.ide.mcu.externaltools.gnu-tools-for-stm32.13.3.rel1.win32_1.0.100.202509120712/tools/bin/../lib/gcc/arm-none-eabi/13.3.1/../../../../arm-none-eabi/lib/thumb/v7e-m+fp/hard\libc_nano.a(libc_a-wsetup.o)
 .ARM.attributes
                0x00000c0b       0x34 C:/ST/STM32CubeIDE_1.19.0/STM32CubeIDE/plugins/com.st.stm32cube.ide.mcu.externaltools.gnu-tools-for-stm32.13.3.rel1.win32_1.0.100.202509120712/tools/bin/../lib/gcc/arm-none-eabi/13.3.1/../../../../arm-none-eabi/lib/thumb/v7e-m+fp/hard\libc_nano.a(libc_a-signal.o)
 .ARM.attributes
                0x00000c3f       0x34 C:/ST/STM32CubeIDE_1.19.0/STM32CubeIDE/plugins/com.st.stm32cube.ide.mcu.externaltools.gnu-tools-for-stm32.13.3.rel1.win32_1.0.100.202509120712/tools/bin/../lib/gcc/arm-none-eabi/13.3.1/../../../../arm-none-eabi/lib/thumb/v7e-m+fp/hard\libc_nano.a(libc_a-signalr.o)
 .ARM.attributes
                0x00000c73       0x1c C:/ST/STM32CubeIDE_1.19.0/STM32CubeIDE/plugins/com.st.stm32cube.ide.mcu.externaltools.gnu-tools-for-stm32.13.3.rel1.win32_1.0.100.202509120712/tools/bin/../lib/gcc/arm-none-eabi/13.3.1/../../../../arm-none-eabi/lib/thumb/v7e-m+fp/hard\libc_nano.a(libc_a-memchr.o)
 .ARM.attributes
                0x00000c8f       0x34 C:/ST/STM32CubeIDE_1.19.0/STM32CubeIDE/plugins/com.st.stm32cube.ide.mcu.externaltools.gnu-tools-for-stm32.13.3.rel1.win32_1.0.100.202509120712/tools/bin/../lib/gcc/arm-none-eabi/13.3.1/../../../../arm-none-eabi/lib/thumb/v7e-m+fp/hard\libc_nano.a(libc_a-makebuf.o)
 .ARM.attributes
                0x00000cc3       0x34 C:/ST/STM32CubeIDE_1.19.0/STM32CubeIDE/plugins/com.st.stm32cube.ide.mcu.externaltools.gnu-tools-for-stm32.13.3.rel1.win32_1.0.100.202509120712/tools/bin/../lib/gcc/arm-none-eabi/13.3.1/../../../../arm-none-eabi/lib/thumb/v7e-m+fp/hard\libc_nano.a(libc_a-fstatr.o)
 .ARM.attributes
                0x00000cf7       0x34 C:/ST/STM32CubeIDE_1.19.0/STM32CubeIDE/plugins/com.st.stm32cube.ide.mcu.externaltools.gnu-tools-for-stm32.13.3.rel1.win32_1.0.100.202509120712/tools/bin/../lib/gcc/arm-none-eabi/13.3.1/../../../../arm-none-eabi/lib/thumb/v7e-m+fp/hard\libc_nano.a(libc_a-isattyr.o)
 .ARM.attributes
                0x00000d2b       0x22 C:/ST/STM32CubeIDE_1.19.0/STM32CubeIDE/plugins/com.st.stm32cube.ide.mcu.externaltools.gnu-tools-for-stm32.13.3.rel1.win32_1.0.100.202509120712/tools/bin/../lib/gcc/arm-none-eabi/13.3.1/thumb/v7e-m+fp/hard\libgcc.a(_aeabi_uldivmod.o)
 .ARM.attributes
                0x00000d4d       0x34 C:/ST/STM32CubeIDE_1.19.0/STM32CubeIDE/plugins/com.st.stm32cube.ide.mcu.externaltools.gnu-tools-for-stm32.13.3.rel1.win32_1.0.100.202509120712/tools/bin/../lib/gcc/arm-none-eabi/13.3.1/thumb/v7e-m+fp/hard\libgcc.a(_udivmoddi4.o)
 .ARM.attributes
                0x00000d81       0x22 C:/ST/STM32CubeIDE_1.19.0/STM32CubeIDE/plugins/com.st.stm32cube.ide.mcu.externaltools.gnu-tools-for-stm32.13.3.rel1.win32_1.0.100.202509120712/tools/bin/../lib/gcc/arm-none-eabi/13.3.1/thumb/v7e-m+fp/hard\libgcc.a(_dvmd_tls.o)
 .ARM.attributes
                0x00000da3       0x22 C:/ST/STM32CubeIDE_1.19.0/STM32CubeIDE/plugins/com.st.stm32cube.ide.mcu.externaltools.gnu-tools-for-stm32.13.3.rel1.win32_1.0.100.202509120712/tools/bin/../lib/gcc/arm-none-eabi/13.3.1/thumb/v7e-m+fp/hard/crtn.o
OUTPUT(bootloader.elf elf32-littlearm)
LOAD linker stubs
LOAD C:/ST/STM32CubeIDE_1.19.0/STM32CubeIDE/plugins/com.st.stm32cube.ide.mcu.externaltools.gnu-tools-for-stm32.13.3.rel1.win32_1.0.100.202509120712/tools/bin/../lib/gcc/arm-none-eabi/13.3.1/../../../../arm-none-eabi/lib/thumb/v7e-m+fp/hard\libc.a
LOAD C:/ST/STM32CubeIDE_1.19.0/STM32CubeIDE/plugins/com.st.stm32cube.ide.mcu.externaltools.gnu-tools-for-stm32.13.3.rel1.win32_1.0.100.202509120712/tools/bin/../lib/gcc/arm-none-eabi/13.3.1/../../../../arm-none-eabi/lib/thumb/v7e-m+fp/hard\libm.a
LOAD C:/ST/STM32CubeIDE_1.19.0/STM32CubeIDE/plugins/com.st.stm32cube.ide.mcu.externaltools.gnu-tools-for-stm32.13.3.rel1.win32_1.0.100.202509120712/tools/bin/../lib/gcc/arm-none-eabi/13.3.1/thumb/v7e-m+fp/hard\libgcc.a

.debug_info     0x00000000    0x3234e
 .debug_info    0x00000000      0x116 ./Core/Src/keys.o
 .debug_info    0x00000116     0x2da3 ./Core/Src/main.o
 .debug_info    0x00002eb9     0x13b7 ./Core/Src/stm32f7xx_hal_msp.o
 .debug_info    0x00004270      0x114 ./Core/Src/stm32f7xx_it.o
 .debug_info    0x00004384      0x7b5 ./Core/Src/syscalls.o
 .debug_info    0x00004b39      0x175 ./Core/Src/sysmem.o
 .debug_info    0x00004cae      0x706 ./Core/Src/system_stm32f7xx.o
 .debug_info    0x000053b4       0x30 ./Core/Startup/startup_stm32f746nghx.o
 .debug_info    0x000053e4      0xab0 ./Drivers/STM32F7xx_HAL_Driver/Src/stm32f7xx_hal.o
 .debug_info    0x00005e94     0x1205 ./Drivers/STM32F7xx_HAL_Driver/Src/stm32f7xx_hal_cortex.o
 .debug_info    0x00007099      0x5e1 ./Drivers/STM32F7xx_HAL_Driver/Src/stm32f7xx_hal_crc.o
 .debug_info    0x0000767a      0x370 ./Drivers/STM32F7xx_HAL_Driver/Src/stm32f7xx_hal_crc_ex.o
 .debug_info    0x000079ea      0x73b ./Drivers/STM32F7xx_HAL_Driver/Src/stm32f7xx_hal_flash.o
 .debug_info    0x00008125      0xa2e ./Drivers/STM32F7xx_HAL_Driver/Src/stm32f7xx_hal_flash_ex.o
 .debug_info    0x00008b53      0x736 ./Drivers/STM32F7xx_HAL_Driver/Src/stm32f7xx_hal_gpio.o
 .debug_info    0x00009289      0x938 ./Drivers/STM32F7xx_HAL_Driver/Src/stm32f7xx_hal_pwr.o
 .debug_info    0x00009bc1      0x9aa ./Drivers/STM32F7xx_HAL_Driver/Src/stm32f7xx_hal_pwr_ex.o
 .debug_info    0x0000a56b      0xb8b ./Drivers/STM32F7xx_HAL_Driver/Src/stm32f7xx_hal_rcc.o
 .debug_info    0x0000b0f6      0x7ee ./Drivers/STM32F7xx_HAL_Driver/Src/stm32f7xx_hal_rcc_ex.o
 .debug_info    0x0000b8e4     0x1066 ./Drivers/STM32F7xx_HAL_Driver/Src/stm32f7xx_hal_rtc.o
 .debug_info    0x0000c94a     0x1279 ./Drivers/STM32F7xx_HAL_Driver/Src/stm32f7xx_hal_rtc_ex.o
 .debug_info    0x0000dbc3     0x4eb9 ./Drivers/STM32F7xx_HAL_Driver/Src/stm32f7xx_hal_uart.o
 .debug_info    0x00012a7c    0x19670 ./Libs/lz4/Src/lz4.o
 .debug_info    0x0002c0ec      0x7c4 ./Libs/tinycrypt/Src/aes_decrypt.o
 .debug_info    0x0002c8b0      0x5bb ./Libs/tinycrypt/Src/aes_encrypt.o
 .debug_info    0x0002ce6b      0x383 ./Libs/tinycrypt/Src/cbc_mode.o
 .debug_info    0x0002d1ee     0x3396 ./Libs/tinycrypt/Src/ecc.o
 .debug_info    0x00030584     0x1343 ./Libs/tinycrypt/Src/ecc_dsa.o
 .debug_info    0x000318c7      0x7b6 ./Libs/tinycrypt/Src/sha256.o
 .debug_info    0x0003207d      0x2d1 ./Libs/tinycrypt/Src/utils.o

.debug_abbrev   0x00000000     0x4647
 .debug_abbrev  0x00000000       0x8f ./Core/Src/keys.o
 .debug_abbrev  0x0000008f      0x590 ./Core/Src/main.o
 .debug_abbrev  0x0000061f      0x21c ./Core/Src/stm32f7xx_hal_msp.o
 .debug_abbrev  0x0000083b       0xb6 ./Core/Src/stm32f7xx_it.o
 .debug_abbrev  0x000008f1      0x208 ./Core/Src/syscalls.o
 .debug_abbrev  0x00000af9       0xec ./Core/Src/sysmem.o
 .debug_abbrev  0x00000be5      0x141 ./Core/Src/system_stm32f7xx.o
 .debug_abbrev  0x00000d26       0x24 ./Core/Startup/startup_stm32f746nghx.o
 .debug_abbrev  0x00000d4a      0x284 ./Drivers/STM32F7xx_HAL_Driver/Src/stm32f7xx_hal.o
 .debug_abbrev  0x00000fce      0x386 ./Drivers/STM32F7xx_HAL_Driver/Src/stm32f7xx_hal_cortex.o
 .debug_abbrev  0x00001354      0x241 ./Drivers/STM32F7xx_HAL_Driver/Src/stm32f7xx_hal_crc.o
 .debug_abbrev  0x00001595      0x16c ./Drivers/STM32F7xx_HAL_Driver/Src/stm32f7xx_hal_crc_ex.o
 .debug_abbrev  0x00001701      0x2df ./Drivers/STM32F7xx_HAL_Driver/Src/stm32f7xx_hal_flash.o
 .debug_abbrev  0x000019e0      0x305 ./Drivers/STM32F7xx_HAL_Driver/Src/stm32f7xx_hal_flash_ex.o
 .debug_abbrev  0x00001ce5      0x20b ./Drivers/STM32F7xx_HAL_Driver/Src/stm32f7xx_hal_gpio.o
 .debug_abbrev  0x00001ef0      0x1d2 ./Drivers/STM32F7xx_HAL_Driver/Src/stm32f7xx_hal_pwr.o
 .debug_abbrev  0x000020c2      0x1ef ./Drivers/STM32F7xx_HAL_Driver/Src/stm32f7xx_hal_pwr_ex.o
 .debug_abbrev  0x000022b1      0x313 ./Drivers/STM32F7xx_HAL_Driver/Src/stm32f7xx_hal_rcc.o
 .debug_abbrev  0x000025c4      0x1e3 ./Drivers/STM32F7xx_HAL_Driver/Src/stm32f7xx_hal_rcc_ex.o
 .debug_abbrev  0x000027a7      0x21a ./Drivers/STM32F7xx_HAL_Driver/Src/stm32f7xx_hal_rtc.o
 .debug_abbrev  0x000029c1      0x27b ./Drivers/STM32F7xx_HAL_Driver/Src/stm32f7xx_hal_rtc_ex.o
 .debug_abbrev  0x00002c3c      0x41d ./Drivers/STM32F7xx_HAL_Driver/Src/stm32f7xx_hal_uart.o
 .debug_abbrev  0x00003059      0x5be ./Libs/lz4/Src/lz4.o
 .debug_abbrev  0x00003617      0x1fd ./Libs/tinycrypt/Src/aes_decrypt.o
 .debug_abbrev  0x00003814      0x203 ./Libs/tinycrypt/Src/aes_encrypt.o
 .debug_abbrev  0x00003a17      0x145 ./Libs/tinycrypt/Src/cbc_mode.o
 .debug_abbrev  0x00003b5c      0x4fc ./Libs/tinycrypt/Src/ecc.o
 .debug_abbrev  0x00004058      0x27a ./Libs/tinycrypt/Src/ecc_dsa.o
 .debug_abbrev  0x000042d2      0x219 ./Libs/tinycrypt/Src/sha256.o
 .debug_abbrev  0x000044eb      0x15c ./Libs/tinycrypt/Src/utils.o

.debug_aranges  0x00000000     0x10e0
 .debug_aranges
                0x00000000       0x28 ./Core/Src/keys.o
 .debug_aranges
                0x00000028       0x88 ./Core/Src/main.o
 .debug_aranges
                0x000000b0       0x50 ./Core/Src/stm32f7xx_hal_msp.o
 .debug_aranges
                0x00000100       0x60 ./Core/Src/stm32f7xx_it.o
 .debug_aranges
                0x00000160       0xa8 ./Core/Src/syscalls.o
 .debug_aranges
                0x00000208       0x20 ./Core/Src/sysmem.o
 .debug_aranges
                0x00000228       0x28 ./Core/Src/system_stm32f7xx.o
 .debug_aranges
                0x00000250       0x28 ./Core/Startup/startup_stm32f746nghx.o
 .debug_aranges
                0x00000278      0x100 ./Drivers/STM32F7xx_HAL_Driver/Src/stm32f7xx_hal.o
 .debug_aranges
                0x00000378       0xb8 ./Drivers/STM32F7xx_HAL_Driver/Src/stm32f7xx_hal_cortex.o
 .debug_aranges
                0x00000430       0x60 ./Drivers/STM32F7xx_HAL_Driver/Src/stm32f7xx_hal_crc.o
 .debug_aranges
                0x00000490       0x30 ./Drivers/STM32F7xx_HAL_Driver/Src/stm32f7xx_hal_crc_ex.o
 .debug_aranges
                0x000004c0       0xa0 ./Drivers/STM32F7xx_HAL_Driver/Src/stm32f7xx_hal_flash.o
 .debug_aranges
                0x00000560       0x48 ./Drivers/STM32F7xx_HAL_Driver/Src/stm32f7xx_hal_flash_ex.o
 .debug_aranges
                0x000005a8       0x58 ./Drivers/STM32F7xx_HAL_Driver/Src/stm32f7xx_hal_gpio.o
 .debug_aranges
                0x00000600       0xa0 ./Drivers/STM32F7xx_HAL_Driver/Src/stm32f7xx_hal_pwr.o
 .debug_aranges
                0x000006a0       0x80 ./Drivers/STM32F7xx_HAL_Driver/Src/stm32f7xx_hal_pwr_ex.o
 .debug_aranges
                0x00000720       0x88 ./Drivers/STM32F7xx_HAL_Driver/Src/stm32f7xx_hal_rcc.o
 .debug_aranges
                0x000007a8       0x50 ./Drivers/STM32F7xx_HAL_Driver/Src/stm32f7xx_hal_rcc_ex.o
 .debug_aranges
                0x000007f8       0xe8 ./Drivers/STM32F7xx_HAL_Driver/Src/stm32f7xx_hal_rtc.o
 .debug_aranges
                0x000008e0      0x140 ./Drivers/STM32F7xx_HAL_Driver/Src/stm32f7xx_hal_rtc_ex.o
 .debug_aranges
                0x00000a20      0x220 ./Drivers/STM32F7xx_HAL_Driver/Src/stm32f7xx_hal_uart.o
 .debug_aranges
                0x00000c40      0x1d8 ./Libs/lz4/Src/lz4.o
 .debug_aranges
                0x00000e18       0x48 ./Libs/tinycrypt/Src/aes_decrypt.o
 .debug_aranges
                0x00000e60       0x48 ./Libs/tinycrypt/Src/aes_encrypt.o
 .debug_aranges
                0x00000ea8       0x28 ./Libs/tinycrypt/Src/cbc_mode.o
 .debug_aranges
                0x00000ed0      0x168 ./Libs/tinycrypt/Src/ecc.o
 .debug_aranges
                0x00001038       0x38 ./Libs/tinycrypt/Src/ecc_dsa.o
 .debug_aranges
                0x00001070       0x38 ./Libs/tinycrypt/Src/sha256.o
 .debug_aranges
                0x000010a8       0x38 ./Libs/tinycrypt/Src/utils.o

.debug_rnglists
                0x00000000     0x542f
 .debug_rnglists
                0x00000000       0x19 ./Core/Src/keys.o
 .debug_rnglists
                0x00000019      0x104 ./Core/Src/main.o
 .debug_rnglists
                0x0000011d       0x5f ./Core/Src/stm32f7xx_hal_msp.o
 .debug_rnglists
                0x0000017c       0x43 ./Core/Src/stm32f7xx_it.o
 .debug_rnglists
                0x000001bf       0x85 ./Core/Src/syscalls.o
 .debug_rnglists
                0x00000244       0x13 ./Core/Src/sysmem.o
 .debug_rnglists
                0x00000257       0x19 ./Core/Src/system_stm32f7xx.o
 .debug_rnglists
                0x00000270       0x19 ./Core/Startup/startup_stm32f746nghx.o
 .debug_rnglists
                0x00000289       0xbb ./Drivers/STM32F7xx_HAL_Driver/Src/stm32f7xx_hal.o
 .debug_rnglists
                0x00000344       0xdf ./Drivers/STM32F7xx_HAL_Driver/Src/stm32f7xx_hal_cortex.o
 .debug_rnglists
                0x00000423       0x43 ./Drivers/STM32F7xx_HAL_Driver/Src/stm32f7xx_hal_crc.o
 .debug_rnglists
                0x00000466       0x1f ./Drivers/STM32F7xx_HAL_Driver/Src/stm32f7xx_hal_crc_ex.o
 .debug_rnglists
                0x00000485       0x74 ./Drivers/STM32F7xx_HAL_Driver/Src/stm32f7xx_hal_flash.o
 .debug_rnglists
                0x000004f9       0x80 ./Drivers/STM32F7xx_HAL_Driver/Src/stm32f7xx_hal_flash_ex.o
 .debug_rnglists
                0x00000579       0x5c ./Drivers/STM32F7xx_HAL_Driver/Src/stm32f7xx_hal_gpio.o
 .debug_rnglists
                0x000005d5       0x73 ./Drivers/STM32F7xx_HAL_Driver/Src/stm32f7xx_hal_pwr.o
 .debug_rnglists
                0x00000648       0xa5 ./Drivers/STM32F7xx_HAL_Driver/Src/stm32f7xx_hal_pwr_ex.o
 .debug_rnglists