../Drivers/CMSIS/Include/core_cm7.h:2147:34:__NVIC_SystemReset	4	static,ignoring_inline_asm
../Core/Src/main.c:78:5:main	8	static
../Core/Src/main.c:205:6:SystemClock_Config	88	static
../Core/Src/main.c:252:13:MX_USART1_UART_Init	8	static
../Core/Src/main.c:287:13:MX_GPIO_Init	40	static
../Core/Src/main.c:326:6:Test_MPU_Violation	16	static
../Core/Src/main.c:353:6:Test_Config_Write	48	static
../Core/Src/main.c:397:6:MPU_Config	24	static
../Core/Src/main.c:441:6:Error_Handler	4	static,ignoring_inline_asm
