../Libs/tinycrypt/Src/ecc.c:208:20:uECC_vli_add	20	static
../Libs/tinycrypt/Src/ecc.c:232:13:uECC_vli_rshift1	0	static
../Libs/tinycrypt/Src/ecc.c:392:13:vli_modInv_update	16	static
../Libs/tinycrypt/Src/ecc.c:259:13:uECC_vli_mult	48	static
../Libs/tinycrypt/Src/ecc.c:67:6:uECC_set_rng	0	static
../Libs/tinycrypt/Src/ecc.c:72:19:uECC_get_rng	0	static
../Libs/tinycrypt/Src/ecc.c:77:5:uECC_curve_private_key_size	0	static
../Libs/tinycrypt/Src/ecc.c:82:5:uECC_curve_public_key_size	0	static
../Libs/tinycrypt/Src/ecc.c:87:6:uECC_vli_clear	8	static
../Libs/tinycrypt/Src/ecc.c:95:13:uECC_vli_isZero	8	static
../Libs/tinycrypt/Src/ecc.c:105:13:uECC_vli_testBit	0	static
../Libs/tinycrypt/Src/ecc.c:125:12:uECC_vli_numBits	8	static
../Libs/tinycrypt/Src/ecc.c:145:6:uECC_vli_set	8	static
../Libs/tinycrypt/Src/ecc.c:155:13:uECC_vli_cmp_unsafe	8	static
../Libs/tinycrypt/Src/ecc.c:171:13:uECC_vli_equal	12	static
../Libs/tinycrypt/Src/ecc.c:184:13:cond_set	0	static
../Libs/tinycrypt/Src/ecc.c:191:13:uECC_vli_sub	20	static
../Libs/tinycrypt/Src/ecc.c:521:6:vli_mmod_fast_secp256r1	56	static
../Libs/tinycrypt/Src/ecc.c:222:13:uECC_vli_cmp	48	static
../Libs/tinycrypt/Src/ecc.c:294:6:uECC_vli_modAdd	16	static
../Libs/tinycrypt/Src/ecc.c:306:6:uECC_vli_modSub	16	static
../Libs/tinycrypt/Src/ecc.c:320:6:uECC_vli_mmod	184	static
../Libs/tinycrypt/Src/ecc.c:364:6:uECC_vli_modMult	80	static
../Libs/tinycrypt/Src/ecc.c:373:6:uECC_vli_modMult_fast	80	static
../Libs/tinycrypt/Src/ecc.c:382:13:uECC_vli_modSquare_fast	0	static
../Libs/tinycrypt/Src/ecc.c:455:6:double_jacobian_default	104	static
../Libs/tinycrypt/Src/ecc.c:502:6:x_side_default	64	static
../Libs/tinycrypt/Src/ecc.c:691:13:XYcZ_addC	136	static
../Libs/tinycrypt/Src/ecc.c:408:6:uECC_vli_modInv	152	static
../Libs/tinycrypt/Src/ecc.c:516:12:uECC_secp256r1	0	static
../Libs/tinycrypt/Src/ecc.c:622:13:EccPoint_isZero	0	static
../Libs/tinycrypt/Src/ecc.c:627:6:apply_z	56	static
../Libs/tinycrypt/Src/ecc.c:661:6:XYcZ_add	72	static
../Libs/tinycrypt/Src/ecc.c:729:6:EccPoint_mult	232	static
../Libs/tinycrypt/Src/ecc.c:774:13:regularize_k	24	static
../Libs/tinycrypt/Src/ecc.c:791:13:EccPoint_compute_public_key	96	static
../Libs/tinycrypt/Src/ecc.c:814:6:uECC_vli_nativeToBytes	20	static
../Libs/tinycrypt/Src/ecc.c:825:6:uECC_vli_bytesToNative	24	static
../Libs/tinycrypt/Src/ecc.c:837:5:uECC_generate_random_int	40	static
../Libs/tinycrypt/Src/ecc.c:863:5:uECC_valid_point	88	static
../Libs/tinycrypt/Src/ecc.c:890:5:uECC_valid_public_key	88	static
../Libs/tinycrypt/Src/ecc.c:908:5:uECC_compute_public_key	120	static
