../Core/Src/main.c:88:5:BL_VerifySlot_Wrapper	16	static
../Core/Src/main.c:118:5:main	8	static
../Core/Src/main.c:214:6:SystemClock_Config	88	static
../Core/Src/main.c:257:13:MX_RTC_Init	8	static
../Core/Src/main.c:292:13:MX_USART1_UART_Init	8	static
../Core/Src/main.c:327:13:MX_GPIO_Init	40	static
../Core/Src/main.c:368:5:_write	32	static
../Core/Src/main.c:388:6:print_hardfault_reason	24	static
../Core/Src/main.c:416:6:MPU_Config	24	static
../Core/Src/main.c:447:6:Error_Handler	4	static,ignoring_inline_asm
