11:36:35 **** Incremental Build of configuration Debug for project Bootloader_F4 ****
make -j12 all 
arm-none-eabi-gcc "../Application/User/Core/jump_to_app.c" -mcpu=cortex-m4 -std=gnu11 -g3 -DDEBUG -DUSE_HAL_DRIVER -DSTM32F411xE -c -I../../Core/Inc -I../../Drivers/STM32F4xx_HAL_Driver/Inc -I../../Drivers/STM32F4xx_HAL_Driver/Inc/Legacy -I../../Drivers/CMSIS/Device/ST/STM32F4xx/Include -I../../Drivers/CMSIS/Include -O0 -ffunction-sections -fdata-sections -Wall -fstack-usage -fcyclomatic-complexity -MMD -MP -MF"Application/User/Core/jump_to_app.d" -MT"Application/User/Core/jump_to_app.o" --specs=nano.specs -mfpu=fpv4-sp-d16 -mfloat-abi=hard -mthumb -o "Application/User/Core/jump_to_app.o"
arm-none-eabi-gcc -o "Bootloader_F4.elf" @"objects.list"   -mcpu=cortex-m4 -T"C:\Users\marda\Desktop\Bootloader_F4\STM32CubeIDE\STM32F411CEUX_FLASH.ld" --specs=nosys.specs -Wl,-Map="Bootloader_F4.map" -Wl,--gc-sections -static --specs=nano.specs -mfpu=fpv4-sp-d16 -mfloat-abi=hard -mthumb -Wl,--start-group -lc -lm -Wl,--end-group
Finished building target: Bootloader_F4.elf
 
arm-none-eabi-size  Bootloader_F4.elf 
arm-none-eabi-objdump -h -S Bootloader_F4.elf  > "Bootloader_F4.list"
   text	   data	    bss	    dec	    hex	filename
  12040	     48	   2672	  14760	   39a8	Bootloader_F4.elf
Finished building: default.size.stdout
 
Finished building: Bootloader_F4.list
 
arm-none-eabi-objcopy -O binary Bootloader_F4.elf Bootloader_F4.bin
 

11:36:36 Build Finished. 0 errors, 0 warnings. (took 954ms)

