18:26:04 **** Incremental Build of configuration Debug for project F4_Application_2 ****
make -j12 all 
arm-none-eabi-gcc -o "F4_Application_2.elf" @"objects.list"   -mcpu=cortex-m4 -T"C:\Users\marda\Desktop\CS350\Secure-boot\CS350_Project\F4_Application_2\STM32F411CEUX_FLASH.ld" --specs=nosys.specs -Wl,-Map="F4_Application_2.map" -Wl,--gc-sections -static --specs=nano.specs -mfpu=fpv4-sp-d16 -mfloat-abi=hard -mthumb -Wl,--start-group -lc -lm -Wl,--end-group
Finished building target: F4_Application_2.elf
 
arm-none-eabi-size  F4_Application_2.elf 
arm-none-eabi-objdump -h -S F4_Application_2.elf  > "F4_Application_2.list"
   text	   data	    bss	    dec	    hex	filename
   7628	     12	   1644	   9284	   2444	F4_Application_2.elf
Finished building: default.size.stdout
 
Finished building: F4_Application_2.list
 
arm-none-eabi-objcopy -O binary F4_Application_2.elf F4_Application_2.bin
 

18:26:05 Build Finished. 0 errors, 0 warnings. (took 759ms)

