17:37:14 **** Incremental Build of configuration Debug for project F4_Application ****
make -j12 all 
arm-none-eabi-gcc "../Core/Src/main.c" -mcpu=cortex-m4 -std=gnu11 -g3 -DDEBUG -DUSE_HAL_DRIVER -DSTM32F411xE -c -I../Core/Inc -I../Drivers/STM32F4xx_HAL_Driver/Inc -I../Drivers/STM32F4xx_HAL_Driver/Inc/Legacy -I../Drivers/CMSIS/Device/ST/STM32F4xx/Include -I../Drivers/CMSIS/Include -O0 -ffunction-sections -fdata-sections -Wall -fstack-usage -fcyclomatic-complexity -MMD -MP -MF"Core/Src/main.d" -MT"Core/Src/main.o" --specs=nano.specs -mfpu=fpv4-sp-d16 -mfloat-abi=hard -mthumb -o "Core/Src/main.o"
arm-none-eabi-gcc -o "F4_Application.elf" @"objects.list"   -mcpu=cortex-m4 -T"C:\Users\marda\Desktop\F4_Application\STM32F411CEUX_FLASH.ld" --specs=nosys.specs -Wl,-Map="F4_Application.map" -Wl,--gc-sections -static --specs=nano.specs -mfpu=fpv4-sp-d16 -mfloat-abi=hard -mthumb -Wl,--start-group -lc -lm -Wl,--end-group
Finished building target: F4_Application.elf
 
arm-none-eabi-size  F4_Application.elf 
arm-none-eabi-objdump -h -S F4_Application.elf  > "F4_Application.list"
   text	   data	    bss	    dec	    hex	filename
   6136	     12	   1572	   7720	   1e28	F4_Application.elf
Finished building: default.size.stdout
 
Finished building: F4_Application.list
 
arm-none-eabi-objcopy -O binary F4_Application.elf F4_Application.bin
 

17:37:16 Build Finished. 0 errors, 0 warnings. (took 1s.836ms)

